[2026-09-10 18:14:06] restarting CARLA on 3000
[2026-09-10 18:14:21] START conformal_P_pts
[2026-09-10 18:19:58] DONE  conformal_P_pts rc=0
[2026-09-10 18:19:58] START conformal_P_cont
[2026-09-10 18:25:35] DONE  conformal_P_cont rc=0
[2026-09-10 18:25:35] stopping CARLA: the next stage is GPU-only and the server is holding VRAM
[2026-09-10 18:26:15]   SIGTERM did not stop it after 40 s; SIGKILL
[2026-09-10 18:26:17]   CARLA stopped; GPU now at 420 MiB
[2026-09-10 18:26:17] START gate_calibration
[2026-09-10 18:26:18] DONE  gate_calibration rc=0
[2026-09-10 18:26:18] START latch_window_P_pts_lead
[2026-09-10 18:27:59] DONE  latch_window_P_pts_lead rc=0
[2026-09-10 18:27:59] START latch_window_P_pts_ped
[2026-09-10 18:29:26] DONE  latch_window_P_pts_ped rc=0
[2026-09-10 18:29:26] START latch_window_P_cont_lead
[2026-09-10 18:32:30] DONE  latch_window_P_cont_lead rc=0
[2026-09-10 18:32:30] START latch_window_P_cont_ped
[2026-09-10 18:34:53] DONE  latch_window_P_cont_ped rc=0
[2026-09-10 18:34:53] START latch_window_P_pts3_lead
[2026-09-10 18:36:42] DONE  latch_window_P_pts3_lead rc=0
[2026-09-10 18:36:42] START latch_window_P_pts3_ped
[2026-09-10 18:39:03] DONE  latch_window_P_pts3_ped rc=0
[2026-09-10 18:39:03] START latch_window_report
[2026-09-10 18:39:03] DONE  latch_window_report rc=1  (a reported result, not a crash; see the log)
[2026-09-10 18:39:03] START scope_restatement
[2026-09-10 18:39:04] DONE  scope_restatement rc=0
[2026-09-10 18:39:04] START figure_lead
[2026-09-10 18:39:04] DONE  figure_lead rc=0
[2026-09-10 18:39:04] START figure_ped
[2026-09-10 18:39:04] DONE  figure_ped rc=0
[2026-09-10 18:39:04]   skipping figure_plate: the plate scenario is not in scope on this map (A20)
[2026-09-10 18:39:04] START record_cells
[2026-09-10 18:39:04] DONE  record_cells rc=0
[2026-09-10 18:39:04] analysis complete (rc=0). python -m study.status
