=== capture plate ===
  loading Town01 (large maps take a while)
  server age 0 min (R-SIM-1 ok)
  trench plate: 9 tiles covering 8.0 x 12.0 ft against a specified 8.0 x 12.0

plate: 52 states x 18 knots = 936 frames, about 0.86 GB raw
    signature: mean 0.5177 sigma 0.1812 p99 0.7961 dark 0.004
  sun  +60.000: 52 frames,   18.3 MB,  20.2 s
    signature: mean 0.5555 sigma 0.2263 p99 0.9647 dark 0.005
  sun  +42.766: 52 frames,   19.4 MB,  21.3 s
    signature: mean 0.5430 sigma 0.2528 p99 0.9961 dark 0.006
  sun  +28.397: 52 frames,   19.4 MB,  20.1 s
    signature: mean 0.4886 sigma 0.2545 p99 0.9922 dark 0.007
  sun  +18.743: 52 frames,   18.8 MB,  19.7 s
    signature: mean 0.4191 sigma 0.2391 p99 0.9843 dark 0.008
  sun  +12.542: 52 frames,   17.8 MB,  20.2 s
    signature: mean 0.3823 sigma 0.2316 p99 0.9726 dark 0.010
  sun  +10.128: 52 frames,   16.5 MB,  21.6 s
    signature: mean 0.3248 sigma 0.2144 p99 0.9412 dark 0.017
  sun   +7.715: 52 frames,   14.7 MB,  21.9 s
    signature: mean 0.2724 sigma 0.1903 p99 0.8706 dark 0.029
  sun   +5.298: 52 frames,   12.6 MB,  22.3 s
    signature: mean 0.2505 sigma 0.1683 p99 0.8078 dark 0.040
  sun   +4.198: 52 frames,   12.3 MB,  21.8 s
    signature: mean 0.2241 sigma 0.1570 p99 0.7529 dark 0.056
  sun   +3.525: 52 frames,   11.5 MB,  21.9 s
    signature: mean 0.1478 sigma 0.1297 p99 0.5804 dark 0.169
  sun   +1.891: 52 frames,    9.0 MB,  21.8 s
    signature: mean 0.1173 sigma 0.1157 p99 0.5216 dark 0.242
  sun   +1.391: 52 frames,    8.0 MB,  22.1 s
    signature: mean 0.0803 sigma 0.0958 p99 0.4274 dark 0.366
  sun   +0.779: 52 frames,    6.5 MB,  22.2 s
    signature: mean 0.0383 sigma 0.0645 p99 0.3020 dark 0.608
  sun   +0.026: 52 frames,    4.4 MB,  22.5 s
    signature: mean 0.0602 sigma 0.0824 p99 0.3529 dark 0.461
  sun   +0.000: 52 frames,    7.3 MB,  33.8 s
    signature: mean 0.0421 sigma 0.0707 p99 0.3020 dark 0.585
  sun   -0.961: 52 frames,    6.6 MB,  30.2 s
    signature: mean 0.0330 sigma 0.0702 p99 0.3020 dark 0.722
  sun  -29.554: 52 frames,    4.6 MB,  27.1 s
    signature: mean 0.0330 sigma 0.0701 p99 0.3020 dark 0.722
  sun  -30.000: 52 frames,    4.6 MB,  27.6 s

  illumination axis OK: 18 knots, span 0.5225 of full range, worst inversion 7.2% of span (limit 12%), total 7.2% (limit 25%)
    recorded: sun fell 60.000 -> 42.766 deg and the frame got BRIGHTER, 0.5177 -> 0.5555 (7.2% of the axis span)
    recorded: sun fell 0.026 -> 0.000 deg and the frame got BRIGHTER, 0.0383 -> 0.0602 (4.2% of the axis span)  [declared uncovered]

  wrote results/captures/manifest_plate.json
=== capture none_plate ===
  loading Town01 (large maps take a while)
  server age 0 min (R-SIM-1 ok)
  reusing the saved nominal run, 52 states

none_plate: 52 states x 18 knots = 936 frames, about 0.86 GB raw
    signature: mean 0.5172 sigma 0.1791 p99 0.7686 dark 0.004
  sun  +60.000: 52 frames,   18.3 MB,  20.1 s
    signature: mean 0.5553 sigma 0.2261 p99 0.9647 dark 0.005
  sun  +42.766: 52 frames,   19.3 MB,  20.8 s
    signature: mean 0.5412 sigma 0.2521 p99 0.9961 dark 0.006
  sun  +28.397: 52 frames,   19.4 MB,  20.9 s
    signature: mean 0.4886 sigma 0.2546 p99 0.9922 dark 0.007
  sun  +18.743: 52 frames,   18.8 MB,  20.3 s
    signature: mean 0.4201 sigma 0.2387 p99 0.9843 dark 0.008
  sun  +12.542: 52 frames,   17.8 MB,  22.8 s
    signature: mean 0.3822 sigma 0.2315 p99 0.9726 dark 0.010
  sun  +10.128: 52 frames,   16.5 MB,  23.1 s
    signature: mean 0.3240 sigma 0.2139 p99 0.9412 dark 0.017
  sun   +7.715: 52 frames,   14.7 MB,  24.5 s
    signature: mean 0.2710 sigma 0.1893 p99 0.8667 dark 0.029
  sun   +5.298: 52 frames,   12.6 MB,  23.9 s
    signature: mean 0.2498 sigma 0.1675 p99 0.8078 dark 0.040
  sun   +4.198: 52 frames,   12.4 MB,  25.1 s
    signature: mean 0.2222 sigma 0.1548 p99 0.7569 dark 0.056
  sun   +3.525: 52 frames,   11.5 MB,  25.3 s
    signature: mean 0.1471 sigma 0.1289 p99 0.5804 dark 0.169
  sun   +1.891: 52 frames,    9.0 MB,  25.4 s
    signature: mean 0.1178 sigma 0.1162 p99 0.5216 dark 0.242
  sun   +1.391: 52 frames,    8.0 MB,  25.4 s
    signature: mean 0.0805 sigma 0.0960 p99 0.4274 dark 0.366
  sun   +0.779: 52 frames,    6.5 MB,  26.4 s
    signature: mean 0.0381 sigma 0.0637 p99 0.2941 dark 0.609
  sun   +0.026: 52 frames,    4.4 MB,  26.7 s
    signature: mean 0.0603 sigma 0.0824 p99 0.3529 dark 0.460
  sun   +0.000: 52 frames,    7.3 MB,  39.1 s
    signature: mean 0.0421 sigma 0.0708 p99 0.3098 dark 0.586
  sun   -0.961: 52 frames,    6.6 MB,  37.9 s
    signature: mean 0.0330 sigma 0.0701 p99 0.3020 dark 0.722
  sun  -29.554: 52 frames,    4.6 MB,  27.1 s
    signature: mean 0.0330 sigma 0.0701 p99 0.3020 dark 0.722
  sun  -30.000: 52 frames,    4.6 MB,  26.9 s

  illumination axis OK: 18 knots, span 0.5223 of full range, worst inversion 7.3% of span (limit 12%), total 7.3% (limit 25%)
    recorded: sun fell 60.000 -> 42.766 deg and the frame got BRIGHTER, 0.5172 -> 0.5553 (7.3% of the axis span)
    recorded: sun fell 0.026 -> 0.000 deg and the frame got BRIGHTER, 0.0381 -> 0.0603 (4.3% of the axis span)  [declared uncovered]

  wrote results/captures/manifest_none_plate.json
=== plate captures done ===
