  loading Town12 (large maps take a while)
  server age 0 min (R-SIM-1 ok)
  reusing the saved nominal run, 104 states

lead: 104 states x 25 knots = 2600 frames, about 2.40 GB raw
  lead_sun-30.000.npz exists, skipping
    signature: mean 0.0036 sigma 0.0218 p99 0.0863 dark 0.954
  sun  -29.770: 104 frames,    2.2 MB,  68.2 s
  lead_sun-29.539.npz exists, skipping
    signature: mean 0.0036 sigma 0.0218 p99 0.0863 dark 0.954
  sun  -14.770: 104 frames,    2.2 MB,  90.2 s
  lead_sun+00.000.npz exists, skipping
    signature: mean 0.0140 sigma 0.0327 p99 0.1333 dark 0.791
  sun   +0.012: 104 frames,    6.9 MB,  96.0 s
  lead_sun+00.024.npz exists, skipping
    signature: mean 0.0323 sigma 0.0486 p99 0.2078 dark 0.588
  sun   +1.025: 104 frames,    9.6 MB,  95.6 s
  lead_sun+02.026.npz exists, skipping
  lead_sun+02.815.npz exists, skipping
  lead_sun+03.315.npz exists, skipping
  lead_sun+04.289.npz exists, skipping
  lead_sun+04.857.npz exists, skipping
  lead_sun+06.051.npz exists, skipping
  lead_sun+06.848.npz exists, skipping
  lead_sun+08.327.npz exists, skipping
  lead_sun+12.342.npz exists, skipping
  lead_sun+14.605.npz exists, skipping
  lead_sun+22.238.npz exists, skipping
  lead_sun+30.151.npz exists, skipping
  lead_sun+36.234.npz exists, skipping
  lead_sun+41.911.npz exists, skipping
  lead_sun+47.558.npz exists, skipping
  lead_sun+54.852.npz exists, skipping
  lead_sun+60.000.npz exists, skipping

  illumination axis OK: 25 knots, span 0.3681 of full range, worst inversion 8.5% of span (limit 12%), total 8.5% (limit 25%)
    recorded: sun fell 0.012 -> 0.000 deg and the frame got BRIGHTER, 0.0140 -> 0.0451 (8.4% of the axis span)
  wrote results/captures/Town12/determinism_lead.json

  wrote results/captures/Town12/manifest_lead.json
