  loading Town01 (large maps take a while)
  server age 0 min (R-SIM-1 ok)
  reusing the saved nominal run, 104 states

none_ped: 104 states x 14 knots = 1456 frames, about 1.34 GB raw
  none_ped_sun-30.000.npz exists but belongs to a different campaign (no harness stamp; predates F26); recapturing
    signature: mean 0.0396 sigma 0.0694 p99 0.2863 dark 0.659
  sun  -30.000: 104 frames,    8.8 MB,  41.1 s
    signature: mean 0.0396 sigma 0.0694 p99 0.2863 dark 0.659
  sun  -29.561: 104 frames,    8.8 MB,  41.0 s
    signature: mean 0.0477 sigma 0.0696 p99 0.2863 dark 0.542
  sun   -1.422: 104 frames,   12.7 MB,  52.2 s
  none_ped_sun+00.000.npz exists but belongs to a different campaign (no harness stamp; predates F26); recapturing
    signature: mean 0.0650 sigma 0.0798 p99 0.3529 dark 0.405
  sun   +0.000: 104 frames,   14.2 MB,  53.2 s
    signature: mean 0.0439 sigma 0.0705 p99 0.3333 dark 0.557
  sun   +0.241: 104 frames,    9.5 MB,  34.2 s
    signature: mean 0.1022 sigma 0.1114 p99 0.5333 dark 0.287
  sun   +1.465: 104 frames,   15.5 MB,  34.2 s
    signature: mean 0.1722 sigma 0.1485 p99 0.7333 dark 0.151
  sun   +2.967: 104 frames,   20.5 MB,  34.7 s
    signature: mean 0.2233 sigma 0.1741 p99 0.8667 dark 0.100
  sun   +4.375: 104 frames,   23.6 MB,  33.6 s
    signature: mean 0.2713 sigma 0.2025 p99 0.9490 dark 0.050
  sun   +5.990: 104 frames,   26.3 MB,  30.8 s
    signature: mean 0.3612 sigma 0.2338 p99 0.9882 dark 0.027
  sun  +10.084: 104 frames,   33.8 MB,  28.6 s
    signature: mean 0.4472 sigma 0.2551 p99 0.9922 dark 0.015
  sun  +17.484: 104 frames,   37.0 MB,  27.5 s
    signature: mean 0.5114 sigma 0.2570 p99 0.9922 dark 0.009
  sun  +26.523: 104 frames,   38.5 MB,  26.6 s
    signature: mean 0.5306 sigma 0.2353 p99 0.9804 dark 0.007
  sun  +39.977: 104 frames,   38.7 MB,  26.2 s
  none_ped_sun+60.000.npz exists but belongs to a different campaign (no harness stamp; predates F26); recapturing
    signature: mean 0.5104 sigma 0.1852 p99 0.7529 dark 0.007
  sun  +60.000: 104 frames,   36.6 MB,  25.8 s

  illumination axis OK: 14 knots, span 0.4909 of full range, worst inversion 4.1% of span (limit 12%), total 4.1% (limit 25%)
    recorded: sun fell 60.000 -> 39.977 deg and the frame got BRIGHTER, 0.5104 -> 0.5306 (4.1% of the axis span)
    recorded: sun fell 0.241 -> 0.000 deg and the frame got BRIGHTER, 0.0439 -> 0.0650 (4.3% of the axis span)  [declared uncovered]
  wrote results/captures/Town01/determinism_none_ped.json

  wrote results/captures/Town01/manifest_none_ped.json
