==> CARLA_TAKEOVER: stopping whatever holds 3000
    SIGTERM did not clear it after 60 s; SIGKILL
  server pid 1390548 on port 3000, 15 s old
  determinism preflight OK (lock intact; D-3/D-5 verified on the live server)
  D-7 floor remains: closed-loop numbers are still RATES over >=10 repetitions
Terminated
==> CARLA_TAKEOVER: stopping whatever holds 3000
    SIGTERM did not clear it after 60 s; SIGKILL
  server pid 3478893 on port 3000, 15 s old
  determinism preflight OK (lock intact; D-3/D-5 verified on the live server)
  D-7 floor remains: closed-loop numbers are still RATES over >=10 repetitions
==> CARLA_TAKEOVER: stopping whatever holds 3000
Terminated
  server pid 3479419 on port 3000, 15 s old
  determinism preflight OK (lock intact; D-3/D-5 verified on the live server)
  D-7 floor remains: closed-loop numbers are still RATES over >=10 repetitions
  server pid 3479419 on port 3000, 15 s old
  determinism preflight OK (lock intact; D-3/D-5 verified on the live server)
  D-7 floor remains: closed-loop numbers are still RATES over >=10 repetitions
Terminated
  server pid 3480001 on port 3000, 15 s old
  determinism preflight OK (lock intact; D-3/D-5 verified on the live server)
  D-7 floor remains: closed-loop numbers are still RATES over >=10 repetitions
Terminated
