  sub-interval               deg  endpoint dist  covered
  [ -29.770, -29.885]   0.115       0.000029     True   <-- spans nothing
  [ -22.154, -29.539]   7.385       0.000040     True   <-- spans nothing
  [ -29.885, -30.000]   0.115       0.000040     True   <-- spans nothing
  [ -29.654, -29.770]   0.116       0.000047     True   <-- spans nothing
  [ -29.539, -29.654]   0.115       0.000050     True   <-- spans nothing
  [ -14.770, -22.154]   7.384       0.000060     True   <-- spans nothing
  [  +0.012,  +0.006]   0.006       0.000220     True   <-- spans nothing
  [  +0.024,  +0.012]   0.012       0.000262     True   <-- spans nothing
  [  +0.524,  +0.024]   0.500       0.008504     True
  [  +6.848,  +6.051]   0.797       0.009536     True
  [  +1.025,  +0.524]   0.501       0.010175     True
  [  +4.857,  +4.289]   0.568       0.010388     True
  [  +3.315,  +2.815]   0.500       0.011811     True
  [  +8.327,  +6.848]   1.479       0.014109     True
  [ +14.605, +12.342]   2.263       0.017662     True
  [  +2.815,  +2.026]   0.789       0.019146     True
  [ +60.000, +54.852]   5.148       0.020001     True
  [  +4.289,  +3.315]   0.974       0.020536     True
  [  +6.051,  +4.857]   1.194       0.022874     True
  [  +2.026,  +1.025]   1.001       0.023743     True
  [ +47.558, +41.911]   5.647       0.027310     True
  [ +41.911, +36.234]   5.677       0.027876     True
  [ +36.234, +30.151]   6.083       0.029868     True
  [ +54.852, +47.558]   7.294       0.029967     True
  [ +12.342,  +8.327]   4.015       0.030535     True
  [  +0.006,  +0.000]   0.006       0.032924     True
  [ +22.238, +14.605]   7.633       0.037517     True
  [  +0.000, -14.770]  14.770       0.043542     True
  [ +30.151, +22.238]   7.913       0.046783     True

  29 sub-intervals, distance 0.000029 to 0.046783 — a factor of 1613
  median 0.017662
  8 span less than 0.002 and are verdicts about nothing:
    [ -29.770,  -29.885]  0.000029
    [ -22.154,  -29.539]  0.000040
    [ -29.885,  -30.000]  0.000040
    [ -29.654,  -29.770]  0.000047
    [ -29.539,  -29.654]  0.000050
    [ -14.770,  -22.154]  0.000060
    [  +0.012,   +0.006]  0.000220
    [  +0.024,   +0.012]  0.000262
  wrote results/carla/Town12/family_fidelity_lead.json
