  loading Town12 (large maps take a while)
  server age 0 min (R-SIM-1 ok)
    sub-interval +60.000 to +54.852, midpoint +57.426
      max policy difference 0.087 m/s^2 = 0.04 of the decision threshold
    sub-interval +54.852 to +47.558, midpoint +51.205
      max policy difference 0.126 m/s^2 = 0.05 of the decision threshold
    sub-interval +47.558 to +41.911, midpoint +44.734
      max policy difference 0.177 m/s^2 = 0.07 of the decision threshold
    sub-interval +41.911 to +36.234, midpoint +39.073
      max policy difference 0.056 m/s^2 = 0.02 of the decision threshold
    sub-interval +36.234 to +30.151, midpoint +33.193
      max policy difference 0.075 m/s^2 = 0.03 of the decision threshold
    sub-interval +30.151 to +22.238, midpoint +26.194
      max policy difference 0.191 m/s^2 = 0.08 of the decision threshold
    sub-interval +22.238 to +14.605, midpoint +18.422
      max policy difference 0.181 m/s^2 = 0.07 of the decision threshold
    sub-interval +14.605 to +12.342, midpoint +13.474
      max policy difference 0.388 m/s^2 = 0.16 of the decision threshold
    sub-interval +12.342 to +8.327, midpoint +10.335
      max policy difference 0.349 m/s^2 = 0.14 of the decision threshold
    sub-interval +8.327 to +6.848, midpoint +7.588
      max policy difference 0.290 m/s^2 = 0.12 of the decision threshold
    sub-interval +6.848 to +6.051, midpoint +6.450
      max policy difference 0.310 m/s^2 = 0.13 of the decision threshold
    sub-interval +6.051 to +4.857, midpoint +5.454
      max policy difference 0.399 m/s^2 = 0.16 of the decision threshold
    sub-interval +4.857 to +4.289, midpoint +4.573
      max policy difference 0.420 m/s^2 = 0.17 of the decision threshold
    sub-interval +4.289 to +3.315, midpoint +3.802
      max policy difference 0.519 m/s^2 = 0.21 of the decision threshold
    sub-interval +3.315 to +2.815, midpoint +3.065
      max policy difference 0.978 m/s^2 = 0.40 of the decision threshold
    sub-interval +2.815 to +2.026, midpoint +2.420
      max policy difference 0.882 m/s^2 = 0.36 of the decision threshold
    sub-interval +2.026 to +1.025, midpoint +1.525
      max policy difference 1.303 m/s^2 = 0.53 of the decision threshold
    sub-interval +1.025 to +0.024, midpoint +0.524
      max policy difference 6.314 m/s^2 = 2.58 of the decision threshold
    sub-interval +0.024 to +0.012, midpoint +0.018
      max policy difference 1.682 m/s^2 = 0.69 of the decision threshold
    sub-interval +0.012 to +0.000, midpoint +0.006
      max policy difference 4.149 m/s^2 = 1.70 of the decision threshold
    sub-interval +0.000 to -14.770, midpoint -7.385
      max policy difference 1.945 m/s^2 = 0.79 of the decision threshold
    sub-interval -14.770 to -29.539, midpoint -22.154
      max policy difference 4.344 m/s^2 = 1.77 of the decision threshold
    sub-interval -29.539 to -29.770, midpoint -29.654
      max policy difference 4.360 m/s^2 = 1.78 of the decision threshold
    sub-interval -29.770 to -30.000, midpoint -29.885
      max policy difference 4.374 m/s^2 = 1.79 of the decision threshold

  illumination axis OK: 24 midpoints, span 0.3656 of full range

  worst 2.580 of the decision threshold -> FAIL
  wrote results/carla/gate_inbetween_P_pts3.json
