  loading Town12 (large maps take a while)
  server age 0 min (R-SIM-1 ok)
    sub-interval +60.000 to +54.852, midpoint +57.426
      max policy difference 0.527 m/s^2 = 0.22 of the decision threshold
    sub-interval +54.852 to +47.558, midpoint +51.205
      max policy difference 0.713 m/s^2 = 0.29 of the decision threshold
    sub-interval +47.558 to +41.911, midpoint +44.734
      max policy difference 0.632 m/s^2 = 0.26 of the decision threshold
    sub-interval +41.911 to +36.234, midpoint +39.073
      max policy difference 0.661 m/s^2 = 0.27 of the decision threshold
    sub-interval +36.234 to +30.151, midpoint +33.193
      max policy difference 0.800 m/s^2 = 0.33 of the decision threshold
    sub-interval +30.151 to +22.238, midpoint +26.194
      max policy difference 0.421 m/s^2 = 0.17 of the decision threshold
    sub-interval +22.238 to +14.605, midpoint +18.422
      max policy difference 0.452 m/s^2 = 0.18 of the decision threshold
    sub-interval +14.605 to +12.342, midpoint +13.474
      max policy difference 0.411 m/s^2 = 0.17 of the decision threshold
    sub-interval +12.342 to +8.327, midpoint +10.335
      max policy difference 0.782 m/s^2 = 0.32 of the decision threshold
    sub-interval +8.327 to +6.848, midpoint +7.588
      max policy difference 0.472 m/s^2 = 0.19 of the decision threshold
    sub-interval +6.848 to +6.051, midpoint +6.450
      max policy difference 0.404 m/s^2 = 0.17 of the decision threshold
    sub-interval +6.051 to +4.857, midpoint +5.454
      max policy difference 0.612 m/s^2 = 0.25 of the decision threshold
    sub-interval +4.857 to +4.289, midpoint +4.573
      max policy difference 0.471 m/s^2 = 0.19 of the decision threshold
    sub-interval +4.289 to +3.315, midpoint +3.802
      max policy difference 0.589 m/s^2 = 0.24 of the decision threshold
    sub-interval +3.315 to +2.815, midpoint +3.065
      max policy difference 0.604 m/s^2 = 0.25 of the decision threshold
    sub-interval +2.815 to +2.026, midpoint +2.420
      max policy difference 0.649 m/s^2 = 0.27 of the decision threshold
    sub-interval +2.026 to +1.025, midpoint +1.525
      max policy difference 2.353 m/s^2 = 0.96 of the decision threshold
    sub-interval +1.025 to +0.524, midpoint +0.774
      max policy difference 2.821 m/s^2 = 1.15 of the decision threshold
    sub-interval +0.524 to +0.024, midpoint +0.274
      max policy difference 2.631 m/s^2 = 1.07 of the decision threshold
    sub-interval +0.024 to +0.012, midpoint +0.018
      max policy difference 0.227 m/s^2 = 0.09 of the decision threshold
    sub-interval +0.012 to +0.006, midpoint +0.009
      max policy difference 0.449 m/s^2 = 0.18 of the decision threshold
    sub-interval +0.006 to +0.000, midpoint +0.003
      max policy difference 0.373 m/s^2 = 0.15 of the decision threshold
    sub-interval +0.000 to -14.770, midpoint -7.385
      max policy difference 5.110 m/s^2 = 2.09 of the decision threshold
    sub-interval -14.770 to -22.154, midpoint -18.462
      max policy difference 2.851 m/s^2 = 1.16 of the decision threshold
    sub-interval -22.154 to -29.539, midpoint -25.846
      max policy difference 2.920 m/s^2 = 1.19 of the decision threshold
    sub-interval -29.539 to -29.654, midpoint -29.596
      max policy difference 2.847 m/s^2 = 1.16 of the decision threshold
    sub-interval -29.654 to -29.770, midpoint -29.712
      max policy difference 2.839 m/s^2 = 1.16 of the decision threshold
    sub-interval -29.770 to -29.885, midpoint -29.828
      max policy difference 2.847 m/s^2 = 1.16 of the decision threshold
    sub-interval -29.885 to -30.000, midpoint -29.943
      max policy difference 2.887 m/s^2 = 1.18 of the decision threshold
Traceback (most recent call last):
  File "/home/za/ad-assurance--workspace/formal-verification--aeb--code/tools/gate_behavioural.py", line 397, in <module>
    raise SystemExit(main())
                     ^^^^^^
  File "/home/za/ad-assurance--workspace/formal-verification--aeb--code/tools/gate_behavioural.py", line 344, in main
    illumination = CS.assert_axis(sig_records, uncovered=load_uncovered())
                   ^^^^^^^^^^^^^^^^^^^^^^^^^^^^^^^^^^^^^^^^^^^^^^^^^^^^^^^
  File "/home/za/ad-assurance--workspace/formal-verification--aeb--code/tools/condition_signature.py", line 237, in assert_axis
    raise RuntimeError("\n".join(lines))
RuntimeError: ILLUMINATION AXIS DOES NOT MATCH WHAT WAS REQUESTED.
  sun fell 0.003 -> -7.385 deg and the frame got BRIGHTER, 0.0147 -> 0.0601 (12.5% of the axis span)  [limit 12%]
  Every frame captured under this axis is mislabelled. This is the failure that cost the steering study its Town04 captures (T06-F35).
