  loading Town01 (large maps take a while)
  server age 0 min (R-SIM-1 ok)
    sub-interval +60.000 to +39.977, midpoint +49.989
      max policy difference 0.353 m/s^2 = 0.14 of the decision threshold
    sub-interval +39.977 to +26.523, midpoint +33.250
      max policy difference 0.442 m/s^2 = 0.18 of the decision threshold
    sub-interval +26.523 to +17.484, midpoint +22.004
      max policy difference 0.312 m/s^2 = 0.13 of the decision threshold
    sub-interval +17.484 to +10.084, midpoint +13.784
      max policy difference 0.520 m/s^2 = 0.21 of the decision threshold
    sub-interval +10.084 to +5.990, midpoint +8.037
      max policy difference 1.431 m/s^2 = 0.58 of the decision threshold
    sub-interval +5.990 to +4.375, midpoint +5.183
      max policy difference 0.481 m/s^2 = 0.19 of the decision threshold
    sub-interval +4.375 to +2.967, midpoint +3.671
      max policy difference 0.296 m/s^2 = 0.12 of the decision threshold
    sub-interval +2.967 to +1.465, midpoint +2.216
      max policy difference 0.440 m/s^2 = 0.18 of the decision threshold
    sub-interval +1.465 to +0.241, midpoint +0.853
      max policy difference 0.429 m/s^2 = 0.17 of the decision threshold
    sub-interval +0.241 to +0.000, midpoint +0.120
      max policy difference 1.039 m/s^2 = 0.42 of the decision threshold
    sub-interval +0.000 to -1.422, midpoint -0.711
      max policy difference 0.519 m/s^2 = 0.21 of the decision threshold
    sub-interval -1.422 to -29.561, midpoint -15.492
      max policy difference 0.680 m/s^2 = 0.27 of the decision threshold
    sub-interval -29.561 to -30.000, midpoint -29.780
      max policy difference 0.579 m/s^2 = 0.23 of the decision threshold

  illumination axis OK: 13 midpoints, span 0.4579 of full range

  worst 0.578 of the decision threshold -> PASS
  wrote results/carla/Town01/gate_inbetween_P_cont_ped.json
