  loading Town01 (large maps take a while)
  server age 0 min (R-SIM-1 ok)
    sub-interval +60.000 to +39.977, midpoint +49.989
      max policy difference 0.149 m/s^2 = 0.06 of the decision threshold
    sub-interval +39.977 to +26.523, midpoint +33.250
      max policy difference 0.217 m/s^2 = 0.09 of the decision threshold
    sub-interval +26.523 to +17.484, midpoint +22.004
      max policy difference 0.172 m/s^2 = 0.07 of the decision threshold
    sub-interval +17.484 to +10.084, midpoint +13.784
      max policy difference 0.258 m/s^2 = 0.10 of the decision threshold
    sub-interval +10.084 to +5.990, midpoint +8.037
      max policy difference 1.028 m/s^2 = 0.42 of the decision threshold
    sub-interval +5.990 to +4.375, midpoint +5.183
      max policy difference 0.087 m/s^2 = 0.04 of the decision threshold
    sub-interval +4.375 to +2.967, midpoint +3.671
      max policy difference 0.045 m/s^2 = 0.02 of the decision threshold
    sub-interval +2.967 to +1.465, midpoint +2.216
      max policy difference 0.235 m/s^2 = 0.10 of the decision threshold
    sub-interval +1.465 to +0.241, midpoint +0.853
      max policy difference 0.200 m/s^2 = 0.08 of the decision threshold
    sub-interval +0.241 to +0.000, midpoint +0.120
      max policy difference 2.215 m/s^2 = 0.89 of the decision threshold
    sub-interval +0.000 to -1.422, midpoint -0.711
      max policy difference 0.082 m/s^2 = 0.03 of the decision threshold
    sub-interval -1.422 to -29.561, midpoint -15.492
      max policy difference 0.227 m/s^2 = 0.09 of the decision threshold
    sub-interval -29.561 to -30.000, midpoint -29.780
      max policy difference 0.075 m/s^2 = 0.03 of the decision threshold

  illumination axis OK: 13 midpoints, span 0.4407 of full range

  worst 0.895 of the decision threshold -> PASS
  wrote results/carla/Town01/gate_inbetween_P_pts.json
