
=== smoke: load the map, tag hero, attach a sensor, survive
  loading Town12 (large maps take a while)
  server age 0 min (R-SIM-1 ok)
  verdict: PASS
  wrote results/carla/smoke.json

=== sites: photograph candidate straights day and night, settle lighting
  server age 1 min (R-SIM-1 ok)
    site 0: 7720 ft
    site 1: 6791 ft
    site 2: 5226 ft
    site 3: 5057 ft
    site 4: 4183 ft
    site 5: 4129 ft
  verdict: PASS
  wrote results/carla/sites.json

=== braking: measure a_max and t_lat over 10 reps at each speed
  server age 1 min (R-SIM-1 ok)
    site 2094 ft, grade -0.08%, 20 runs
    25 mph rep 1/10: v0 25.7 mph, stop 46 ft, 0.4992 g
    25 mph rep 2/10: v0 25.7 mph, stop 46 ft, 0.499 g
    25 mph rep 3/10: v0 25.7 mph, stop 46 ft, 0.499 g
    25 mph rep 4/10: v0 25.7 mph, stop 46 ft, 0.499 g
    25 mph rep 5/10: v0 25.7 mph, stop 46 ft, 0.499 g
    25 mph rep 6/10: v0 25.7 mph, stop 46 ft, 0.499 g
    25 mph rep 7/10: v0 25.7 mph, stop 46 ft, 0.499 g
    25 mph rep 8/10: v0 25.7 mph, stop 46 ft, 0.499 g
    25 mph rep 9/10: v0 25.7 mph, stop 46 ft, 0.499 g
    25 mph rep 10/10: v0 25.7 mph, stop 46 ft, 0.499 g
    50 mph rep 1/10: v0 50.5 mph, stop 119 ft, 0.6575 g
    50 mph rep 2/10: v0 50.5 mph, stop 119 ft, 0.6575 g
    50 mph rep 3/10: v0 50.5 mph, stop 119 ft, 0.6575 g
    50 mph rep 4/10: v0 50.5 mph, stop 119 ft, 0.6575 g
    50 mph rep 5/10: v0 50.5 mph, stop 119 ft, 0.6575 g
    50 mph rep 6/10: v0 50.5 mph, stop 119 ft, 0.6575 g
    50 mph rep 7/10: v0 50.5 mph, stop 119 ft, 0.6575 g
    50 mph rep 8/10: v0 50.5 mph, stop 119 ft, 0.6575 g
    50 mph rep 9/10: v0 50.5 mph, stop 119 ft, 0.6575 g
    50 mph rep 10/10: v0 50.5 mph, stop 119 ft, 0.6575 g
  verdict: PASS
  wrote results/carla/braking.json

=== contact: validate the contact detector against a deliberate crash
  server age 3 min (R-SIM-1 ok)
  verdict: PASS
  wrote results/carla/contact.json

=== oracle: perfect oracle 10/10, late oracle 0/10
  server age 3 min (R-SIM-1 ok)
    perfect 25 mph rep 1/10: min gap 14.1 ft
    perfect 25 mph rep 2/10: min gap 14.1 ft
    perfect 25 mph rep 3/10: min gap 14.1 ft
    perfect 25 mph rep 4/10: min gap 14.1 ft
    perfect 25 mph rep 5/10: min gap 14.1 ft
    perfect 25 mph rep 6/10: min gap 14.1 ft
    perfect 25 mph rep 7/10: min gap 14.1 ft
    perfect 25 mph rep 8/10: min gap 14.1 ft
    perfect 25 mph rep 9/10: min gap 14.1 ft
    perfect 25 mph rep 10/10: min gap 14.1 ft
    late 25 mph rep 1/10: min gap -0.0 ft
    late 25 mph rep 2/10: min gap -0.0 ft
    late 25 mph rep 3/10: min gap -0.0 ft
    late 25 mph rep 4/10: min gap -0.0 ft
    late 25 mph rep 5/10: min gap -0.0 ft
    late 25 mph rep 6/10: min gap -0.0 ft
    late 25 mph rep 7/10: min gap -0.0 ft
    late 25 mph rep 8/10: min gap -0.0 ft
    late 25 mph rep 9/10: min gap -0.0 ft
    late 25 mph rep 10/10: min gap -0.0 ft
  verdict: PASS
  wrote results/carla/oracle.json

=== pedestrian: oracle check on the crossing-pedestrian scenario
  server age 7 min (R-SIM-1 ok)
    perfect rep 1/10: min gap 13.2 ft
    perfect rep 2/10: min gap 13.2 ft
    perfect rep 3/10: min gap 13.2 ft
    perfect rep 4/10: min gap 13.2 ft
    perfect rep 5/10: min gap 13.2 ft
    perfect rep 6/10: min gap 13.2 ft
    perfect rep 7/10: min gap 13.2 ft
    perfect rep 8/10: min gap 13.2 ft
    perfect rep 9/10: min gap 13.2 ft
    perfect rep 10/10: min gap 13.2 ft
    late rep 1/10: min gap -2.0 ft
    late rep 2/10: min gap -2.0 ft
    late rep 3/10: min gap -2.0 ft
    late rep 4/10: min gap -2.0 ft
    late rep 5/10: min gap -2.0 ft
    late rep 6/10: min gap -2.0 ft
    late rep 7/10: min gap -2.0 ft
    late rep 8/10: min gap -2.0 ft
    late rep 9/10: min gap -2.0 ft
    late rep 10/10: min gap -2.0 ft
  verdict: PASS
  wrote results/carla/pedestrian.json

=== capture_check: does a placed frame match a driven frame
  server age 12 min (R-SIM-1 ok)
    drove past 5 sample poses
    pose 0: image 0.0192, placement 0.000 m
    pose 1: image 0.0186, placement 0.000 m
    pose 2: image 0.0194, placement 0.000 m
    pose 3: image 0.0186, placement 0.000 m
    pose 4: image 0.0148, placement 0.000 m
  verdict: MEASURED
  wrote results/carla/capture_check.json

=== inbetween: does a day/night blend resemble rendered dusk (image space)
  server age 12 min (R-SIM-1 ok)
    rendering s=0.00
    rendering s=0.20
    rendering s=0.40
    rendering s=0.50
    rendering s=0.60
    rendering s=0.80
    rendering s=1.00
  verdict: MEASURED
  wrote results/carla/inbetween.json

=== expert: M3: the expert drives correctly at both regulatory endpoints
  server age 13 min (R-SIM-1 ok)
    daylight: 10/10 pass, min gap 14.1 ft
    darkness_lowbeam: 10/10 pass, min gap 14.1 ft
  verdict: PASS
  wrote results/carla/expert.json
