/home/za/ad-assurance--workspace/formal-verification--aeb--code/.venv/lib/python3.12/site-packages/torch/jit/_script.py:1488: DeprecationWarning: `torch.jit.script` is deprecated. Please switch to `torch.compile` or `torch.export`.
  warnings.warn(

P_pts / ped: r_req 51.99 ft, 25 poses inside it, threshold 2.476 m/s^2
  latch window from primitives: range >= 47.99 ft -> poses [79, 80]  (worst stop 44.71 ft + d_margin 3.28 ft)
  probing poses [79, 80, 81, 82, 83, 84] (51.4ft, 49.6ft, 47.8ft, 45.9ft, 44.1ft, 42.3ft)

  [ +60.000,  +39.977]  LATCHES IN TIME     1.931x  poses CC|CCCC  7s
Early stop at 14th iter due to 10 iterations no improvement!
  [ +39.977,  +26.523]  LATCHES IN TIME     1.627x  poses CC|CCCC  6s
  [ +26.523,  +17.484]  latch NOT in time   0.840x  poses FF|FFFF  6s
  [ +17.484,  +10.084]  latch NOT in time   0.254x  poses FF|FFFF  7s
  [ +10.084,   +5.990]  latch NOT in time   0.045x  poses FF|FFFF  7s
  [  +5.990,   +4.375]  LATCHES IN TIME     1.180x  poses FC|CCCC  7s
Early stop at 16th iter due to 10 iterations no improvement!
Early stop at 16th iter due to 10 iterations no improvement!
  [  +4.375,   +2.967]  latch NOT in time   0.637x  poses FF|FFFF  6s
  [  +2.967,   +1.465]  latch NOT in time  -0.462x  poses FF|FFFF  7s
  [  +1.465,   +0.241]  latch NOT in time  -0.847x  poses FF|FFFF  7s
  [  +0.241,   +0.000]  latch NOT in time  -1.061x  poses FF|FFFF  8s
  [  +0.000,   -1.422]  latch NOT in time   0.067x  poses FF|FFFF  7s
  [  -1.422,  -29.561]  latch NOT in time   0.105x  poses FF|FFFF  7s
Early stop at 19th iter due to 10 iterations no improvement!
Early stop at 14th iter due to 10 iterations no improvement!
Early stop at 13th iter due to 10 iterations no improvement!
Early stop at 18th iter due to 10 iterations no improvement!
Early stop at 14th iter due to 10 iterations no improvement!
Early stop at 13th iter due to 10 iterations no improvement!
Early stop at 14th iter due to 10 iterations no improvement!
Early stop at 15th iter due to 10 iterations no improvement!
Early stop at 17th iter due to 10 iterations no improvement!
  [ -29.561,  -30.000]  LATCHES IN TIME     1.843x  poses CC|CCCC  4s
/home/za/ad-assurance--workspace/formal-verification--aeb--code/tools/verify.py:189: ResourceWarning: unclosed file <_io.BufferedReader name='/home/za/ad-assurance--workspace/formal-verification--aeb--code/results/models/Town01/P_pts_ped.pt'>
  p["model_sha256"] = hashlib.sha256(open(model_path, "rb").read()).hexdigest()
ResourceWarning: Enable tracemalloc to get the object allocation traceback

  latches in time (FORALL s. max over window >= th) in 4/13 sub-intervals
  per-pose EXISTS-pose-FORALL-s holds in 4/13, which is the weaker sufficient condition
  wrote results/carla/Town01/latch_window_P_pts_ped.json
