/home/za/ad-assurance--workspace/formal-verification--aeb--code/.venv/lib/python3.12/site-packages/torch/jit/_script.py:1488: DeprecationWarning: `torch.jit.script` is deprecated. Please switch to `torch.compile` or `torch.export`.
  warnings.warn(

P_pts3 / ped: r_req 51.99 ft, 25 poses inside it, threshold 2.476 m/s^2
  latch window from primitives: range >= 47.99 ft -> poses [79, 80]  (worst stop 44.71 ft + d_margin 3.28 ft)
  probing poses [79, 80, 81, 82, 83, 84] (51.4ft, 49.6ft, 47.8ft, 45.9ft, 44.1ft, 42.3ft)

  [ +60.000,  +39.977]  LATCHES IN TIME     1.905x  poses CC|CCCC  7s
Early stop at 13th iter due to 10 iterations no improvement!
  [ +39.977,  +26.523]  LATCHES IN TIME     1.797x  poses CC|CCCC  6s
  [ +26.523,  +17.484]  LATCHES IN TIME     1.565x  poses CC|CCCC  6s
  [ +17.484,  +10.084]  LATCHES IN TIME     1.426x  poses CC|CCFF  9s
  [ +10.084,   +5.990]  LATCHES IN TIME     1.020x  poses CC|CCFF  10s
  [  +5.990,   +4.375]  LATCHES IN TIME     2.019x  poses CC|CCCC  5s
  [  +4.375,   +2.967]  LATCHES IN TIME     1.968x  poses CC|CCCC  5s
  [  +2.967,   +1.465]  LATCHES IN TIME     1.581x  poses CC|CCCC  12s
Early stop at 14th iter due to 10 iterations no improvement!
Early stop at 14th iter due to 10 iterations no improvement!
Early stop at 14th iter due to 10 iterations no improvement!
Early stop at 14th iter due to 10 iterations no improvement!
Early stop at 14th iter due to 10 iterations no improvement!
Early stop at 15th iter due to 10 iterations no improvement!
  [  +1.465,   +0.241]  LATCHES IN TIME     1.084x  poses FC|CCCC  25s
Early stop at 18th iter due to 10 iterations no improvement!
Early stop at 14th iter due to 10 iterations no improvement!
Early stop at 14th iter due to 10 iterations no improvement!
Early stop at 15th iter due to 10 iterations no improvement!
Early stop at 15th iter due to 10 iterations no improvement!
  [  +0.241,   +0.000]  LATCHES IN TIME     1.048x  poses FC|CCCC  32s
Early stop at 13th iter due to 10 iterations no improvement!
  [  +0.000,   -1.422]  LATCHES IN TIME     1.853x  poses CC|CCCC  5s
Early stop at 14th iter due to 10 iterations no improvement!
  [  -1.422,  -29.561]  LATCHES IN TIME     1.354x  poses CC|CCCC  14s
Early stop at 14th iter due to 10 iterations no improvement!
Early stop at 16th iter due to 10 iterations no improvement!
Early stop at 15th iter due to 10 iterations no improvement!
Early stop at 19th iter due to 10 iterations no improvement!
Early stop at 14th iter due to 10 iterations no improvement!
Early stop at 14th iter due to 10 iterations no improvement!
Early stop at 16th iter due to 10 iterations no improvement!
Early stop at 17th iter due to 10 iterations no improvement!
Early stop at 14th iter due to 10 iterations no improvement!
Early stop at 13th iter due to 10 iterations no improvement!
Early stop at 15th iter due to 10 iterations no improvement!
Early stop at 17th iter due to 10 iterations no improvement!
  [ -29.561,  -30.000]  LATCHES IN TIME     1.937x  poses CC|CCCC  4s
/home/za/ad-assurance--workspace/formal-verification--aeb--code/tools/verify.py:189: ResourceWarning: unclosed file <_io.BufferedReader name='/home/za/ad-assurance--workspace/formal-verification--aeb--code/results/models/Town01/P_pts3_ped.pt'>
  p["model_sha256"] = hashlib.sha256(open(model_path, "rb").read()).hexdigest()
ResourceWarning: Enable tracemalloc to get the object allocation traceback

  latches in time (FORALL s. max over window >= th) in 13/13 sub-intervals
  per-pose EXISTS-pose-FORALL-s holds in 13/13, which is the weaker sufficient condition
  wrote results/carla/Town01/latch_window_P_pts3_ped.json
