/home/za/ad-assurance--workspace/formal-verification--aeb--code/.venv/lib/python3.12/site-packages/torch/jit/_script.py:1488: DeprecationWarning: `torch.jit.script` is deprecated. Please switch to `torch.compile` or `torch.export`.
  warnings.warn(

P_cont / ped: r_req 51.99 ft, 25 poses inside it, threshold 2.476 m/s^2
  latch window from primitives: range >= 47.99 ft -> poses [79, 80]  (worst stop 44.71 ft + d_margin 3.28 ft)
  probing poses [79, 80, 81, 82, 83, 84] (51.4ft, 49.6ft, 47.8ft, 45.9ft, 44.1ft, 42.3ft)

  [ +60.000,  +42.766]  LATCHES IN TIME     1.987x  poses CC|CCCC  7s
  [ +42.766,  +28.397]  LATCHES IN TIME     1.904x  poses CC|CCCC  7s
  [ +28.397,  +18.743]  LATCHES IN TIME     1.919x  poses CC|CCCC  6s
  [ +18.743,  +12.542]  LATCHES IN TIME     1.939x  poses CC|CCCC  6s
Early stop at 17th iter due to 10 iterations no improvement!
  [ +12.542,  +10.128]  LATCHES IN TIME     2.013x  poses CC|CCCC  6s
  [ +10.128,   +7.715]  LATCHES IN TIME     1.732x  poses CC|CCCC  7s
  [  +7.715,   +5.298]  LATCHES IN TIME     1.665x  poses CC|CCCC  6s
  [  +5.298,   +4.198]  LATCHES IN TIME     1.956x  poses CC|CCCC  6s
  [  +4.198,   +3.525]  LATCHES IN TIME     1.954x  poses CC|CCCC  6s
  [  +3.525,   +1.891]  LATCHES IN TIME     1.483x  poses CC|CCCC  6s
  [  +1.891,   +1.391]  LATCHES IN TIME     1.900x  poses CC|CCCC  6s
  [  +1.391,   +0.779]  LATCHES IN TIME     1.437x  poses CC|CCCC  6s
  [  +0.779,   +0.026]  LATCHES IN TIME     1.067x  poses CC|CCCC  20s
  [  +0.026,   +0.000]  LATCHES IN TIME     1.349x  poses CC|CCCC  43s
  [  +0.000,   -0.961]  LATCHES IN TIME     2.098x  poses CC|CCCC  5s
  [  -0.961,  -29.554]  LATCHES IN TIME     1.301x  poses CC|CCCC  18s
Early stop at 13th iter due to 10 iterations no improvement!
Early stop at 15th iter due to 10 iterations no improvement!
Early stop at 14th iter due to 10 iterations no improvement!
Early stop at 16th iter due to 10 iterations no improvement!
Early stop at 15th iter due to 10 iterations no improvement!
Early stop at 14th iter due to 10 iterations no improvement!
Early stop at 13th iter due to 10 iterations no improvement!
Early stop at 16th iter due to 10 iterations no improvement!
Early stop at 18th iter due to 10 iterations no improvement!
Early stop at 14th iter due to 10 iterations no improvement!
  [ -29.554,  -30.000]  LATCHES IN TIME     2.047x  poses CC|CCCC  4s
/home/za/ad-assurance--workspace/formal-verification--aeb--code/tools/verify.py:189: ResourceWarning: unclosed file <_io.BufferedReader name='/home/za/ad-assurance--workspace/formal-verification--aeb--code/results/models/P_cont_ped.pt'>
  p["model_sha256"] = hashlib.sha256(open(model_path, "rb").read()).hexdigest()
ResourceWarning: Enable tracemalloc to get the object allocation traceback

  latches in time (FORALL s. max over window >= th) in 17/17 sub-intervals
  per-pose EXISTS-pose-FORALL-s holds in 17/17, which is the weaker sufficient condition
  wrote results/carla/latch_window_P_cont_ped.json
