/home/za/ad-assurance--workspace/formal-verification--aeb--code/.venv/lib/python3.12/site-packages/torch/jit/_script.py:1488: DeprecationWarning: `torch.jit.script` is deprecated. Please switch to `torch.compile` or `torch.export`.
  warnings.warn(

P_cont / lead: r_req 51.99 ft, 25 poses inside it, threshold 2.476 m/s^2
  latch window from primitives: range >= 47.99 ft -> poses [79, 80, 81]  (worst stop 44.71 ft + d_margin 3.28 ft)
  probing poses [79, 80, 81, 82, 83, 84, 85] (51.9ft, 50.1ft, 48.2ft, 46.4ft, 44.6ft, 42.7ft, 40.9ft)

  [ +60.000,  +39.977]  LATCHES IN TIME     1.880x  poses CCC|CCCC  9s
Early stop at 18th iter due to 10 iterations no improvement!
  [ +39.977,  +26.523]  LATCHES IN TIME     1.898x  poses CCC|CCCC  7s
  [ +26.523,  +17.484]  LATCHES IN TIME     1.946x  poses CCC|CCCC  8s
  [ +17.484,  +10.084]  LATCHES IN TIME     1.877x  poses CCC|CCCC  10s
  [ +10.084,   +5.990]  LATCHES IN TIME     1.591x  poses CCC|CCCC  8s
  [  +5.990,   +4.375]  LATCHES IN TIME     1.900x  poses CCC|CCCC  8s
  [  +4.375,   +2.967]  LATCHES IN TIME     1.852x  poses CCC|CCCC  8s
  [  +2.967,   +1.465]  LATCHES IN TIME     1.274x  poses CCC|CCCC  8s
Early stop at 16th iter due to 10 iterations no improvement!
  [  +1.465,   +0.241]  LATCHES IN TIME     1.613x  poses CCC|CCCC  41s
Early stop at 18th iter due to 10 iterations no improvement!
Early stop at 10th iter due to 10 iterations no improvement!
Early stop at 10th iter due to 10 iterations no improvement!
  [  +0.241,   +0.000]  LATCHES IN TIME     1.369x  poses CCC|CCCC  38s
  [  +0.000,   -1.422]  LATCHES IN TIME     1.861x  poses CCC|CCCC  8s
  [  -1.422,  -29.561]  LATCHES IN TIME     1.492x  poses CCC|CCCC  24s
Early stop at 18th iter due to 10 iterations no improvement!
Early stop at 13th iter due to 10 iterations no improvement!
Early stop at 13th iter due to 10 iterations no improvement!
Early stop at 13th iter due to 10 iterations no improvement!
Early stop at 14th iter due to 10 iterations no improvement!
Early stop at 14th iter due to 10 iterations no improvement!
Early stop at 13th iter due to 10 iterations no improvement!
Early stop at 15th iter due to 10 iterations no improvement!
Early stop at 14th iter due to 10 iterations no improvement!
Early stop at 14th iter due to 10 iterations no improvement!
Early stop at 14th iter due to 10 iterations no improvement!
Early stop at 14th iter due to 10 iterations no improvement!
Early stop at 14th iter due to 10 iterations no improvement!
Early stop at 15th iter due to 10 iterations no improvement!
Early stop at 13th iter due to 10 iterations no improvement!
Early stop at 13th iter due to 10 iterations no improvement!
  [ -29.561,  -30.000]  LATCHES IN TIME     2.026x  poses CCC|CCCC  4s
/home/za/ad-assurance--workspace/formal-verification--aeb--code/tools/verify.py:189: ResourceWarning: unclosed file <_io.BufferedReader name='/home/za/ad-assurance--workspace/formal-verification--aeb--code/results/models/Town01/P_cont_lead.pt'>
  p["model_sha256"] = hashlib.sha256(open(model_path, "rb").read()).hexdigest()
ResourceWarning: Enable tracemalloc to get the object allocation traceback

  latches in time (FORALL s. max over window >= th) in 13/13 sub-intervals
  per-pose EXISTS-pose-FORALL-s holds in 13/13, which is the weaker sufficient condition
  wrote results/carla/Town01/latch_window_P_cont_lead.json
