[2026-08-30 09:40:24] START sites
[2026-08-30 09:50:25] DONE  sites rc=1 verdict=ERROR
[2026-08-30 09:50:25] stopping: sites did not pass
[2026-09-06 22:41:09] restarting CARLA on 3000
==> CARLA_TAKEOVER: stopping whatever holds 3000
    SIGTERM did not clear it after 60 s; SIGKILL
  server pid 1407576 on port 3000, 15 s old
  determinism preflight OK (lock intact; D-3/D-5 verified on the live server)
  D-7 floor remains: closed-loop numbers are still RATES over >=10 repetitions
[2026-09-06 22:42:26] START capture_lead
[2026-09-06 22:44:13] restarting CARLA on 3000
==> CARLA_TAKEOVER: stopping whatever holds 3000
Terminated
    SIGTERM did not clear it after 60 s; SIGKILL
  server pid 1408199 on port 3000, 15 s old
  determinism preflight OK (lock intact; D-3/D-5 verified on the live server)
  D-7 floor remains: closed-loop numbers are still RATES over >=10 repetitions
[2026-09-06 22:45:30] START capture_lead
[2026-09-06 22:55:36] DONE  capture_lead rc=1
[2026-09-06 22:55:36] stopping: capture_lead failed. Tail of results/capture_lead.log:
  sun   +0.026: 104 frames,    8.9 MB,  35.4 s
    signature: mean 0.0665 sigma 0.0827 p99 0.3451 dark 0.426
  sun   +0.000: 104 frames,   14.4 MB,  53.9 s
    signature: mean 0.0496 sigma 0.0719 p99 0.2941 dark 0.536
  sun   -0.961: 104 frames,   12.9 MB,  53.6 s
    signature: mean 0.0406 sigma 0.0715 p99 0.2941 dark 0.662
  sun  -29.554: 104 frames,    8.8 MB,  41.1 s
    signature: mean 0.0406 sigma 0.0715 p99 0.2941 dark 0.662
  sun  -30.000: 104 frames,    8.8 MB,  41.3 s
Traceback (most recent call last):
  File "/home/za/ad-assurance--workspace/formal-verification--aeb--code/tools/capture_campaign.py", line 440, in <module>
    raise SystemExit(main())
                     ^^^^^^
  File "/home/za/ad-assurance--workspace/formal-verification--aeb--code/tools/capture_campaign.py", line 431, in main
    manifest = capture(args.scenario, knots, args.speed_mph, args.plan)
               ^^^^^^^^^^^^^^^^^^^^^^^^^^^^^^^^^^^^^^^^^^^^^^^^^^^^^^^^
  File "/home/za/ad-assurance--workspace/formal-verification--aeb--code/tools/capture_campaign.py", line 398, in capture
    rep = CS.assert_axis(fresh_records(fresh))
          ^^^^^^^^^^^^^^^^^^^^^^^^^^^^^^^^^^^^
  File "/home/za/ad-assurance--workspace/formal-verification--aeb--code/tools/condition_signature.py", line 149, in assert_axis
    raise RuntimeError("\n".join(lines))
RuntimeError: ILLUMINATION AXIS DOES NOT MATCH WHAT WAS REQUESTED.
  sun fell 60.000 -> 42.766 deg but the frame got BRIGHTER, 0.5064 -> 0.5282
  sun fell 0.026 -> 0.000 deg but the frame got BRIGHTER, 0.0377 -> 0.0665
  Every frame captured under this axis is mislabelled. This is the failure that cost the steering study its Town04 captures (T06-F35).
[2026-09-07 03:04:54] restarting CARLA on 3000
==> CARLA_TAKEOVER: stopping whatever holds 3000
Terminated
    SIGTERM did not clear it after 60 s; SIGKILL
  server pid 1413357 on port 3000, 15 s old
  determinism preflight OK (lock intact; D-3/D-5 verified on the live server)
  D-7 floor remains: closed-loop numbers are still RATES over >=10 repetitions
[2026-09-07 03:06:12] START capture_lead
[2026-09-07 03:06:14] DONE  capture_lead rc=0
[2026-09-07 03:06:14] restarting CARLA on 3000
==> CARLA_TAKEOVER: stopping whatever holds 3000
Terminated
    SIGTERM did not clear it after 60 s; SIGKILL
  server pid 1413754 on port 3000, 15 s old
  determinism preflight OK (lock intact; D-3/D-5 verified on the live server)
  D-7 floor remains: closed-loop numbers are still RATES over >=10 repetitions
[2026-09-07 03:07:31] START capture_none
[2026-09-07 03:17:31] DONE  capture_none rc=0
[2026-09-07 03:17:31] restarting CARLA on 3000
==> CARLA_TAKEOVER: stopping whatever holds 3000
Terminated
    SIGTERM did not clear it after 60 s; SIGKILL
  server pid 1416344 on port 3000, 15 s old
  determinism preflight OK (lock intact; D-3/D-5 verified on the live server)
  D-7 floor remains: closed-loop numbers are still RATES over >=10 repetitions
[2026-09-07 03:18:48] START capture_ped
[2026-09-07 03:29:05] DONE  capture_ped rc=0
[2026-09-07 03:29:05] restarting CARLA on 3000
==> CARLA_TAKEOVER: stopping whatever holds 3000
Terminated
    SIGTERM did not clear it after 60 s; SIGKILL
  server pid 1417261 on port 3000, 15 s old
  determinism preflight OK (lock intact; D-3/D-5 verified on the live server)
  D-7 floor remains: closed-loop numbers are still RATES over >=10 repetitions
[2026-09-07 03:30:23] START capture_none_ped
[2026-09-07 03:40:23] DONE  capture_none_ped rc=0
[2026-09-07 03:40:23] START pairing
[2026-09-07 03:40:24] DONE  pairing rc=0
[2026-09-07 03:40:24] START illumination
[2026-09-07 03:40:24] DONE  illumination rc=0
[2026-09-07 03:40:24] START train_lead
[2026-09-07 03:40:57] DONE  train_lead rc=0
[2026-09-07 03:40:57] START train_ped
[2026-09-07 03:41:29] DONE  train_ped rc=0
[2026-09-07 03:41:29] restarting CARLA on 3000
==> CARLA_TAKEOVER: stopping whatever holds 3000
Terminated
    SIGTERM did not clear it after 60 s; SIGKILL
  server pid 1418207 on port 3000, 15 s old
  determinism preflight OK (lock intact; D-3/D-5 verified on the live server)
  D-7 floor remains: closed-loop numbers are still RATES over >=10 repetitions
[2026-09-07 03:42:46] START endpoints_lead
[2026-09-07 03:44:30] DONE  endpoints_lead rc=0
[2026-09-07 03:44:30] restarting CARLA on 3000
==> CARLA_TAKEOVER: stopping whatever holds 3000
Terminated
    SIGTERM did not clear it after 60 s; SIGKILL
  server pid 1427654 on port 3000, 15 s old
  determinism preflight OK (lock intact; D-3/D-5 verified on the live server)
  D-7 floor remains: closed-loop numbers are still RATES over >=10 repetitions
[2026-09-07 03:45:48] START endpoints_ped
[2026-09-07 03:47:47] DONE  endpoints_ped rc=0
[2026-09-07 03:47:47] restarting CARLA on 3000
==> CARLA_TAKEOVER: stopping whatever holds 3000
Terminated
    SIGTERM did not clear it after 60 s; SIGKILL
  server pid 1438069 on port 3000, 15 s old
  determinism preflight OK (lock intact; D-3/D-5 verified on the live server)
  D-7 floor remains: closed-loop numbers are still RATES over >=10 repetitions
[2026-09-07 03:49:04] START gate_capture_P_pts_lead
[2026-09-07 03:49:10] DONE  gate_capture_P_pts_lead rc=0
[2026-09-07 03:49:10] restarting CARLA on 3000
==> CARLA_TAKEOVER: stopping whatever holds 3000
Terminated
    SIGTERM did not clear it after 60 s; SIGKILL
  server pid 1439040 on port 3000, 15 s old
  determinism preflight OK (lock intact; D-3/D-5 verified on the live server)
  D-7 floor remains: closed-loop numbers are still RATES over >=10 repetitions
[2026-09-07 03:50:27] START gate_inbetween_P_pts_lead
[2026-09-07 03:52:30] DONE  gate_inbetween_P_pts_lead rc=0
[2026-09-07 03:52:30] restarting CARLA on 3000
==> CARLA_TAKEOVER: stopping whatever holds 3000
Terminated
    SIGTERM did not clear it after 60 s; SIGKILL
  server pid 1439558 on port 3000, 15 s old
  determinism preflight OK (lock intact; D-3/D-5 verified on the live server)
  D-7 floor remains: closed-loop numbers are still RATES over >=10 repetitions
[2026-09-07 03:53:47] START gate_capture_P_pts_ped
[2026-09-07 03:53:53] DONE  gate_capture_P_pts_ped rc=0
[2026-09-07 03:53:53] restarting CARLA on 3000
==> CARLA_TAKEOVER: stopping whatever holds 3000
Terminated
    SIGTERM did not clear it after 60 s; SIGKILL
  server pid 1440214 on port 3000, 15 s old
  determinism preflight OK (lock intact; D-3/D-5 verified on the live server)
  D-7 floor remains: closed-loop numbers are still RATES over >=10 repetitions
[2026-09-07 03:55:11] START gate_inbetween_P_pts_ped
[2026-09-07 03:57:14] DONE  gate_inbetween_P_pts_ped rc=0
[2026-09-07 03:57:14] restarting CARLA on 3000
==> CARLA_TAKEOVER: stopping whatever holds 3000
Terminated
    SIGTERM did not clear it after 60 s; SIGKILL
  server pid 1440733 on port 3000, 15 s old
  determinism preflight OK (lock intact; D-3/D-5 verified on the live server)
  D-7 floor remains: closed-loop numbers are still RATES over >=10 repetitions
[2026-09-07 03:58:32] START gate_capture_P_cont_lead
[2026-09-07 03:58:37] DONE  gate_capture_P_cont_lead rc=0
[2026-09-07 03:58:37] restarting CARLA on 3000
==> CARLA_TAKEOVER: stopping whatever holds 3000
Terminated
    SIGTERM did not clear it after 60 s; SIGKILL
  server pid 1441371 on port 3000, 15 s old
  determinism preflight OK (lock intact; D-3/D-5 verified on the live server)
  D-7 floor remains: closed-loop numbers are still RATES over >=10 repetitions
[2026-09-07 03:59:55] START gate_inbetween_P_cont_lead
[2026-09-07 04:01:57] DONE  gate_inbetween_P_cont_lead rc=0
[2026-09-07 04:01:57] restarting CARLA on 3000
==> CARLA_TAKEOVER: stopping whatever holds 3000
Terminated
    SIGTERM did not clear it after 60 s; SIGKILL
  server pid 1441869 on port 3000, 15 s old
  determinism preflight OK (lock intact; D-3/D-5 verified on the live server)
  D-7 floor remains: closed-loop numbers are still RATES over >=10 repetitions
[2026-09-07 04:03:14] START gate_capture_P_cont_ped
[2026-09-07 04:03:20] DONE  gate_capture_P_cont_ped rc=0
[2026-09-07 04:03:20] restarting CARLA on 3000
==> CARLA_TAKEOVER: stopping whatever holds 3000
Terminated
    SIGTERM did not clear it after 60 s; SIGKILL
  server pid 1442504 on port 3000, 15 s old
  determinism preflight OK (lock intact; D-3/D-5 verified on the live server)
  D-7 floor remains: closed-loop numbers are still RATES over >=10 repetitions
[2026-09-07 04:04:38] START gate_inbetween_P_cont_ped
[2026-09-07 04:06:42] DONE  gate_inbetween_P_cont_ped rc=0
[2026-09-07 04:06:42] START verify_P_pts_lead_S
Terminated
[2026-09-07 04:12:07] restarting CARLA on 3000
==> CARLA_TAKEOVER: stopping whatever holds 3000
