/home/za/ad-assurance--workspace/formal-verification--aeb--code/.venv/lib/python3.12/site-packages/torch/jit/_script.py:1488: DeprecationWarning: `torch.jit.script` is deprecated. Please switch to `torch.compile` or `torch.export`.
  warnings.warn(

P_pts3_s5 / ped: 25 poses inside r_req (15.85 m), 17 sub-intervals, threshold 2.476 m/s^2
Early stop at 14th iter due to 10 iterations no improvement!
   +60.000 to  +42.766  bound    4.157    1.68x threshold  CERTIFIED  [25 domains, 31s]
Early stop at 14th iter due to 10 iterations no improvement!
Early stop at 17th iter due to 10 iterations no improvement!
   +42.766 to  +28.397  bound    2.565    1.04x threshold  CERTIFIED  [25 domains, 36s]
Early stop at 17th iter due to 10 iterations no improvement!
Early stop at 14th iter due to 10 iterations no improvement!
   +28.397 to  +18.743  bound    1.474    0.60x threshold  FALSIFIED  witness pose 101 at 3.4 m, s=+0.0000  [25 domains, 35s]
   +18.743 to  +12.542  bound    0.190    0.08x threshold  FALSIFIED  witness pose 99 at 4.5 m, s=-1.0000  [25 domains, 35s]
Early stop at 16th iter due to 10 iterations no improvement!
Early stop at 14th iter due to 10 iterations no improvement!
Early stop at 14th iter due to 10 iterations no improvement!
Early stop at 14th iter due to 10 iterations no improvement!
Early stop at 10th iter due to 10 iterations no improvement!
Early stop at 15th iter due to 10 iterations no improvement!
Early stop at 14th iter due to 10 iterations no improvement!
Early stop at 14th iter due to 10 iterations no improvement!
Early stop at 17th iter due to 10 iterations no improvement!
   +12.542 to  +10.128  bound    0.008    0.00x threshold  FALSIFIED  witness pose 95 at 6.7 m, s=-1.0000  [25 domains, 31s]
Early stop at 14th iter due to 10 iterations no improvement!
Early stop at 14th iter due to 10 iterations no improvement!
Early stop at 14th iter due to 10 iterations no improvement!
Early stop at 14th iter due to 10 iterations no improvement!
Early stop at 14th iter due to 10 iterations no improvement!
Early stop at 14th iter due to 10 iterations no improvement!
Early stop at 14th iter due to 10 iterations no improvement!
   +10.128 to   +7.715  bound    0.008    0.00x threshold  FALSIFIED  witness pose 95 at 6.7 m, s=-1.0000  [25 domains, 31s]
    +7.715 to   +5.298  bound    1.602    0.65x threshold  FALSIFIED  witness pose 97 at 5.6 m, s=-1.0000  [25 domains, 29s]
Early stop at 16th iter due to 10 iterations no improvement!
Early stop at 14th iter due to 10 iterations no improvement!
Early stop at 15th iter due to 10 iterations no improvement!
    +5.298 to   +4.198  bound    3.047    1.23x threshold  CERTIFIED  [25 domains, 33s]
Early stop at 14th iter due to 10 iterations no improvement!
    +4.198 to   +3.525  bound    2.816    1.14x threshold  CERTIFIED  [25 domains, 36s]
    +3.525 to   +1.891  bound   -0.011   -0.00x threshold  FALSIFIED  witness pose 79 at 15.7 m, s=+0.0000  [57 domains, 80s]
    +1.891 to   +1.391  bound    0.099    0.04x threshold  FALSIFIED  witness pose 79 at 15.7 m, s=-1.0000  [25 domains, 33s]
    +1.391 to   +0.779  bound   -0.041   -0.02x threshold  FALSIFIED  witness pose 79 at 15.7 m, s=-1.0000  [35 domains, 61s]
    +0.779 to   +0.026  bound   -0.093   -0.04x threshold  FALSIFIED  witness pose 82 at 14.0 m, s=-1.0000  [55 domains, 91s]
    +0.026 to   +0.000  bound   -0.450   -0.18x threshold  FALSIFIED  witness pose 82 at 14.0 m, s=-1.0000  [99 domains, 119s]
Early stop at 14th iter due to 10 iterations no improvement!
    +0.000 to   -0.961  bound    5.320    2.15x threshold  CERTIFIED  [25 domains, 26s]
    -0.961 to  -29.554  bound    2.936    1.19x threshold  CERTIFIED  [25 domains, 30s]
Early stop at 14th iter due to 10 iterations no improvement!
Early stop at 15th iter due to 10 iterations no improvement!
Early stop at 13th iter due to 10 iterations no improvement!
Early stop at 19th iter due to 10 iterations no improvement!
Early stop at 16th iter due to 10 iterations no improvement!
Early stop at 14th iter due to 10 iterations no improvement!
Early stop at 17th iter due to 10 iterations no improvement!
Early stop at 16th iter due to 10 iterations no improvement!
Early stop at 12th iter due to 10 iterations no improvement!
Early stop at 14th iter due to 10 iterations no improvement!
Early stop at 13th iter due to 10 iterations no improvement!
Early stop at 15th iter due to 10 iterations no improvement!
Early stop at 10th iter due to 10 iterations no improvement!
Early stop at 13th iter due to 10 iterations no improvement!
Early stop at 19th iter due to 10 iterations no improvement!
Early stop at 12th iter due to 10 iterations no improvement!
Early stop at 17th iter due to 10 iterations no improvement!
Early stop at 10th iter due to 10 iterations no improvement!
Early stop at 10th iter due to 10 iterations no improvement!
Early stop at 14th iter due to 10 iterations no improvement!
Early stop at 14th iter due to 10 iterations no improvement!
Early stop at 14th iter due to 10 iterations no improvement!
Early stop at 13th iter due to 10 iterations no improvement!
Early stop at 10th iter due to 10 iterations no improvement!
Early stop at 12th iter due to 10 iterations no improvement!
Early stop at 14th iter due to 10 iterations no improvement!
Early stop at 14th iter due to 10 iterations no improvement!
Early stop at 14th iter due to 10 iterations no improvement!
Early stop at 14th iter due to 10 iterations no improvement!
Early stop at 14th iter due to 10 iterations no improvement!
Early stop at 13th iter due to 10 iterations no improvement!
Early stop at 10th iter due to 10 iterations no improvement!
Early stop at 14th iter due to 10 iterations no improvement!
Early stop at 13th iter due to 10 iterations no improvement!
Early stop at 10th iter due to 10 iterations no improvement!
Early stop at 13th iter due to 10 iterations no improvement!
Early stop at 14th iter due to 10 iterations no improvement!
Early stop at 15th iter due to 10 iterations no improvement!
Early stop at 15th iter due to 10 iterations no improvement!
Early stop at 15th iter due to 10 iterations no improvement!
Early stop at 16th iter due to 10 iterations no improvement!
Early stop at 15th iter due to 10 iterations no improvement!
Early stop at 15th iter due to 10 iterations no improvement!
   -29.554 to  -30.000  bound    4.933    1.99x threshold  CERTIFIED  [25 domains, 15s]
/home/za/ad-assurance--workspace/formal-verification--aeb--code/tools/verify.py:189: ResourceWarning: unclosed file <_io.BufferedReader name='/home/za/ad-assurance--workspace/formal-verification--aeb--code/results/models/P_pts3_s5_ped.pt'>
  p["model_sha256"] = hashlib.sha256(open(model_path, "rb").read()).hexdigest()
ResourceWarning: Enable tracemalloc to get the object allocation traceback

  7/17 sub-intervals certified, 10 falsified with an exhibited witness, 0 undecided
  wrote results/carla/verify_P_pts3_s5_ped.json
