/home/za/ad-assurance--workspace/formal-verification--aeb--code/.venv/lib/python3.12/site-packages/torch/jit/_script.py:1488: DeprecationWarning: `torch.jit.script` is deprecated. Please switch to `torch.compile` or `torch.export`.
  warnings.warn(

P_pts_s8 / ped: 25 poses inside r_req (15.85 m), 17 sub-intervals, threshold 2.476 m/s^2
Early stop at 19th iter due to 10 iterations no improvement!
   +60.000 to  +42.766  bound    4.161    1.68x threshold  CERTIFIED  [25 domains, 38s]
Early stop at 15th iter due to 10 iterations no improvement!
Early stop at 15th iter due to 10 iterations no improvement!
Early stop at 13th iter due to 10 iterations no improvement!
Early stop at 15th iter due to 10 iterations no improvement!
   +42.766 to  +28.397  bound    4.021    1.62x threshold  CERTIFIED  [25 domains, 38s]
Early stop at 15th iter due to 10 iterations no improvement!
Early stop at 19th iter due to 10 iterations no improvement!
   +28.397 to  +18.743  bound    3.286    1.33x threshold  CERTIFIED  [25 domains, 41s]
Early stop at 15th iter due to 10 iterations no improvement!
Early stop at 14th iter due to 10 iterations no improvement!
Early stop at 18th iter due to 10 iterations no improvement!
Early stop at 13th iter due to 10 iterations no improvement!
   +18.743 to  +12.542  bound    2.947    1.19x threshold  CERTIFIED  [25 domains, 39s]
   +12.542 to  +10.128  bound    2.845    1.15x threshold  CERTIFIED  [25 domains, 33s]
   +10.128 to   +7.715  bound    2.838    1.15x threshold  CERTIFIED  [25 domains, 44s]
    +7.715 to   +5.298  bound    3.094    1.25x threshold  CERTIFIED  [25 domains, 36s]
Early stop at 14th iter due to 10 iterations no improvement!
Early stop at 14th iter due to 10 iterations no improvement!
Early stop at 14th iter due to 10 iterations no improvement!
    +5.298 to   +4.198  bound    3.101    1.25x threshold  CERTIFIED  [25 domains, 38s]
Early stop at 19th iter due to 10 iterations no improvement!
Early stop at 19th iter due to 10 iterations no improvement!
    +4.198 to   +3.525  bound    2.861    1.16x threshold  CERTIFIED  [25 domains, 38s]
Early stop at 14th iter due to 10 iterations no improvement!
Early stop at 15th iter due to 10 iterations no improvement!
Early stop at 13th iter due to 10 iterations no improvement!
    +3.525 to   +1.891  bound    1.074    0.43x threshold  FALSIFIED  witness pose 94 at 7.3 m, s=+1.0000  [77 domains, 108s]
Early stop at 15th iter due to 10 iterations no improvement!
Early stop at 15th iter due to 10 iterations no improvement!
    +1.891 to   +1.391  bound    1.424    0.58x threshold  FALSIFIED  witness pose 97 at 5.6 m, s=-1.0000  [45 domains, 59s]
    +1.391 to   +0.779  bound    0.955    0.39x threshold  FALSIFIED  witness pose 97 at 5.6 m, s=-1.0000  [27 domains, 42s]
    +0.779 to   +0.026  bound   -0.021   -0.01x threshold  FALSIFIED  witness pose 84 at 12.9 m, s=-1.0000  [25 domains, 45s]
    +0.026 to   +0.000  bound   -0.409   -0.17x threshold  FALSIFIED  witness pose 87 at 11.2 m, s=-1.0000  [41 domains, 78s]
    +0.000 to   -0.961  bound    2.141    0.86x threshold  FALSIFIED  witness pose 80 at 15.1 m, s=-1.0000  [25 domains, 45s]
    -0.961 to  -29.554  bound    2.568    1.04x threshold  CERTIFIED  [25 domains, 45s]
Early stop at 13th iter due to 10 iterations no improvement!
Early stop at 15th iter due to 10 iterations no improvement!
Early stop at 14th iter due to 10 iterations no improvement!
Early stop at 14th iter due to 10 iterations no improvement!
Early stop at 14th iter due to 10 iterations no improvement!
Early stop at 12th iter due to 10 iterations no improvement!
Early stop at 13th iter due to 10 iterations no improvement!
Early stop at 14th iter due to 10 iterations no improvement!
Early stop at 14th iter due to 10 iterations no improvement!
Early stop at 14th iter due to 10 iterations no improvement!
Early stop at 14th iter due to 10 iterations no improvement!
Early stop at 18th iter due to 10 iterations no improvement!
Early stop at 14th iter due to 10 iterations no improvement!
Early stop at 10th iter due to 10 iterations no improvement!
Early stop at 13th iter due to 10 iterations no improvement!
Early stop at 14th iter due to 10 iterations no improvement!
Early stop at 13th iter due to 10 iterations no improvement!
Early stop at 15th iter due to 10 iterations no improvement!
Early stop at 13th iter due to 10 iterations no improvement!
Early stop at 15th iter due to 10 iterations no improvement!
Early stop at 17th iter due to 10 iterations no improvement!
Early stop at 10th iter due to 10 iterations no improvement!
Early stop at 13th iter due to 10 iterations no improvement!
Early stop at 13th iter due to 10 iterations no improvement!
Early stop at 12th iter due to 10 iterations no improvement!
Early stop at 10th iter due to 10 iterations no improvement!
Early stop at 15th iter due to 10 iterations no improvement!
Early stop at 14th iter due to 10 iterations no improvement!
Early stop at 14th iter due to 10 iterations no improvement!
Early stop at 13th iter due to 10 iterations no improvement!
Early stop at 10th iter due to 10 iterations no improvement!
Early stop at 15th iter due to 10 iterations no improvement!
Early stop at 13th iter due to 10 iterations no improvement!
Early stop at 13th iter due to 10 iterations no improvement!
Early stop at 14th iter due to 10 iterations no improvement!
Early stop at 13th iter due to 10 iterations no improvement!
Early stop at 10th iter due to 10 iterations no improvement!
Early stop at 14th iter due to 10 iterations no improvement!
Early stop at 10th iter due to 10 iterations no improvement!
Early stop at 13th iter due to 10 iterations no improvement!
Early stop at 13th iter due to 10 iterations no improvement!
Early stop at 13th iter due to 10 iterations no improvement!
Early stop at 15th iter due to 10 iterations no improvement!
Early stop at 13th iter due to 10 iterations no improvement!
Early stop at 19th iter due to 10 iterations no improvement!
Early stop at 13th iter due to 10 iterations no improvement!
   -29.554 to  -30.000  bound    4.595    1.86x threshold  CERTIFIED  [25 domains, 22s]
/home/za/ad-assurance--workspace/formal-verification--aeb--code/tools/verify.py:189: ResourceWarning: unclosed file <_io.BufferedReader name='/home/za/ad-assurance--workspace/formal-verification--aeb--code/results/models/P_pts_s8_ped.pt'>
  p["model_sha256"] = hashlib.sha256(open(model_path, "rb").read()).hexdigest()
ResourceWarning: Enable tracemalloc to get the object allocation traceback

  11/17 sub-intervals certified, 6 falsified with an exhibited witness, 0 undecided
  wrote results/carla/verify_P_pts_s8_ped.json
