/home/za/ad-assurance--workspace/formal-verification--aeb--code/.venv/lib/python3.12/site-packages/torch/jit/_script.py:1488: DeprecationWarning: `torch.jit.script` is deprecated. Please switch to `torch.compile` or `torch.export`.
  warnings.warn(

P_pts3_s8 / ped: 25 poses inside r_req (15.85 m), 17 sub-intervals, threshold 2.476 m/s^2
Early stop at 14th iter due to 10 iterations no improvement!
   +60.000 to  +42.766  bound    4.237    1.71x threshold  CERTIFIED  [25 domains, 39s]
Early stop at 14th iter due to 10 iterations no improvement!
   +42.766 to  +28.397  bound    3.762    1.52x threshold  CERTIFIED  [25 domains, 44s]
Early stop at 16th iter due to 10 iterations no improvement!
   +28.397 to  +18.743  bound    2.854    1.15x threshold  CERTIFIED  [25 domains, 48s]
Early stop at 14th iter due to 10 iterations no improvement!
   +18.743 to  +12.542  bound    2.297    0.93x threshold  FALSIFIED  witness pose 84 at 12.9 m, s=+1.0000  [25 domains, 46s]
   +12.542 to  +10.128  bound    1.650    0.67x threshold  FALSIFIED  witness pose 93 at 7.9 m, s=+0.0000  [25 domains, 40s]
   +10.128 to   +7.715  bound    1.373    0.55x threshold  FALSIFIED  witness pose 93 at 7.9 m, s=-1.0000  [25 domains, 38s]
    +7.715 to   +5.298  bound    1.713    0.69x threshold  FALSIFIED  witness pose 93 at 7.9 m, s=-1.0000  [29 domains, 44s]
Early stop at 13th iter due to 10 iterations no improvement!
Early stop at 14th iter due to 10 iterations no improvement!
    +5.298 to   +4.198  bound    2.587    1.04x threshold  CERTIFIED  [25 domains, 36s]
    +4.198 to   +3.525  bound    2.690    1.09x threshold  CERTIFIED  [25 domains, 34s]
Early stop at 14th iter due to 10 iterations no improvement!
Early stop at 17th iter due to 10 iterations no improvement!
Early stop at 14th iter due to 10 iterations no improvement!
Early stop at 19th iter due to 10 iterations no improvement!
    +3.525 to   +1.891  bound    0.506    0.20x threshold  FALSIFIED  witness pose 84 at 12.9 m, s=+1.0000  [98 domains, 146s]
Early stop at 14th iter due to 10 iterations no improvement!
    +1.891 to   +1.391  bound    1.317    0.53x threshold  FALSIFIED  witness pose 79 at 15.7 m, s=-1.0000  [45 domains, 66s]
Early stop at 18th iter due to 10 iterations no improvement!
    +1.391 to   +0.779  bound    0.233    0.09x threshold  FALSIFIED  witness pose 83 at 13.4 m, s=-1.0000  [53 domains, 85s]
    +0.779 to   +0.026  bound   -0.082   -0.03x threshold  FALSIFIED  witness pose 79 at 15.7 m, s=-1.0000  [49 domains, 63s]
    +0.026 to   +0.000  bound   -1.822   -0.74x threshold  FALSIFIED  witness pose 79 at 15.7 m, s=-1.0000  [83 domains, 100s]
Early stop at 14th iter due to 10 iterations no improvement!
    +0.000 to   -0.961  bound    4.223    1.71x threshold  CERTIFIED  [25 domains, 28s]
    -0.961 to  -29.554  bound    3.472    1.40x threshold  CERTIFIED  [25 domains, 31s]
Early stop at 14th iter due to 10 iterations no improvement!
Early stop at 14th iter due to 10 iterations no improvement!
Early stop at 15th iter due to 10 iterations no improvement!
Early stop at 13th iter due to 10 iterations no improvement!
Early stop at 13th iter due to 10 iterations no improvement!
Early stop at 14th iter due to 10 iterations no improvement!
Early stop at 14th iter due to 10 iterations no improvement!
Early stop at 13th iter due to 10 iterations no improvement!
Early stop at 12th iter due to 10 iterations no improvement!
Early stop at 14th iter due to 10 iterations no improvement!
Early stop at 13th iter due to 10 iterations no improvement!
Early stop at 14th iter due to 10 iterations no improvement!
Early stop at 13th iter due to 10 iterations no improvement!
Early stop at 10th iter due to 10 iterations no improvement!
Early stop at 13th iter due to 10 iterations no improvement!
Early stop at 13th iter due to 10 iterations no improvement!
Early stop at 13th iter due to 10 iterations no improvement!
Early stop at 14th iter due to 10 iterations no improvement!
Early stop at 15th iter due to 10 iterations no improvement!
Early stop at 13th iter due to 10 iterations no improvement!
Early stop at 13th iter due to 10 iterations no improvement!
Early stop at 10th iter due to 10 iterations no improvement!
Early stop at 13th iter due to 10 iterations no improvement!
Early stop at 13th iter due to 10 iterations no improvement!
Early stop at 13th iter due to 10 iterations no improvement!
Early stop at 13th iter due to 10 iterations no improvement!
Early stop at 10th iter due to 10 iterations no improvement!
Early stop at 13th iter due to 10 iterations no improvement!
Early stop at 13th iter due to 10 iterations no improvement!
Early stop at 10th iter due to 10 iterations no improvement!
Early stop at 13th iter due to 10 iterations no improvement!
Early stop at 19th iter due to 10 iterations no improvement!
Early stop at 18th iter due to 10 iterations no improvement!
Early stop at 12th iter due to 10 iterations no improvement!
Early stop at 13th iter due to 10 iterations no improvement!
Early stop at 13th iter due to 10 iterations no improvement!
Early stop at 10th iter due to 10 iterations no improvement!
Early stop at 14th iter due to 10 iterations no improvement!
Early stop at 13th iter due to 10 iterations no improvement!
Early stop at 13th iter due to 10 iterations no improvement!
Early stop at 15th iter due to 10 iterations no improvement!
Early stop at 13th iter due to 10 iterations no improvement!
Early stop at 16th iter due to 10 iterations no improvement!
Early stop at 19th iter due to 10 iterations no improvement!
Early stop at 10th iter due to 10 iterations no improvement!
   -29.554 to  -30.000  bound    4.838    1.95x threshold  CERTIFIED  [25 domains, 13s]
/home/za/ad-assurance--workspace/formal-verification--aeb--code/tools/verify.py:189: ResourceWarning: unclosed file <_io.BufferedReader name='/home/za/ad-assurance--workspace/formal-verification--aeb--code/results/models/P_pts3_s8_ped.pt'>
  p["model_sha256"] = hashlib.sha256(open(model_path, "rb").read()).hexdigest()
ResourceWarning: Enable tracemalloc to get the object allocation traceback

  8/17 sub-intervals certified, 9 falsified with an exhibited witness, 0 undecided
  wrote results/carla/verify_P_pts3_s8_ped.json
