/home/za/ad-assurance--workspace/formal-verification--aeb--code/.venv/lib/python3.12/site-packages/torch/jit/_script.py:1488: DeprecationWarning: `torch.jit.script` is deprecated. Please switch to `torch.compile` or `torch.export`.
  warnings.warn(

P_pts_s3 / ped: 25 poses inside r_req (15.85 m), 17 sub-intervals, threshold 2.476 m/s^2
Early stop at 19th iter due to 10 iterations no improvement!
Early stop at 19th iter due to 10 iterations no improvement!
Early stop at 18th iter due to 10 iterations no improvement!
Early stop at 14th iter due to 10 iterations no improvement!
   +60.000 to  +42.766  bound    4.007    1.62x threshold  CERTIFIED  [25 domains, 27s]
Early stop at 16th iter due to 10 iterations no improvement!
Early stop at 16th iter due to 10 iterations no improvement!
Early stop at 19th iter due to 10 iterations no improvement!
Early stop at 15th iter due to 10 iterations no improvement!
   +42.766 to  +28.397  bound    2.079    0.84x threshold  FALSIFIED  witness pose 100 at 3.9 m, s=+1.0000  [25 domains, 28s]
Early stop at 14th iter due to 10 iterations no improvement!
Early stop at 18th iter due to 10 iterations no improvement!
Early stop at 15th iter due to 10 iterations no improvement!
Early stop at 15th iter due to 10 iterations no improvement!
   +28.397 to  +18.743  bound    1.013    0.41x threshold  FALSIFIED  witness pose 102 at 2.8 m, s=-1.0000  [25 domains, 29s]
   +18.743 to  +12.542  bound    0.325    0.13x threshold  FALSIFIED  witness pose 102 at 2.8 m, s=-1.0000  [25 domains, 30s]
Early stop at 13th iter due to 10 iterations no improvement!
Early stop at 16th iter due to 10 iterations no improvement!
Early stop at 15th iter due to 10 iterations no improvement!
Early stop at 13th iter due to 10 iterations no improvement!
   +12.542 to  +10.128  bound    0.148    0.06x threshold  FALSIFIED  witness pose 103 at 2.3 m, s=-1.0000  [25 domains, 27s]
   +10.128 to   +7.715  bound    0.059    0.02x threshold  FALSIFIED  witness pose 103 at 2.3 m, s=-1.0000  [25 domains, 35s]
Early stop at 18th iter due to 10 iterations no improvement!
    +7.715 to   +5.298  bound    2.561    1.03x threshold  CERTIFIED  [25 domains, 31s]
    +5.298 to   +4.198  bound    2.363    0.95x threshold  FALSIFIED  witness pose 79 at 15.7 m, s=+1.0000  [25 domains, 34s]
Early stop at 13th iter due to 10 iterations no improvement!
    +4.198 to   +3.525  bound    1.357    0.55x threshold  FALSIFIED  witness pose 79 at 15.7 m, s=-1.0000  [25 domains, 29s]
Early stop at 19th iter due to 10 iterations no improvement!
Early stop at 15th iter due to 10 iterations no improvement!
Early stop at 15th iter due to 10 iterations no improvement!
    +3.525 to   +1.891  bound    0.001    0.00x threshold  FALSIFIED  witness pose 81 at 14.6 m, s=+1.0000  [43 domains, 65s]
Early stop at 13th iter due to 10 iterations no improvement!
Early stop at 10th iter due to 10 iterations no improvement!
Early stop at 14th iter due to 10 iterations no improvement!
Early stop at 10th iter due to 10 iterations no improvement!
Early stop at 10th iter due to 10 iterations no improvement!
Early stop at 10th iter due to 10 iterations no improvement!
Early stop at 14th iter due to 10 iterations no improvement!
Early stop at 10th iter due to 10 iterations no improvement!
Early stop at 14th iter due to 10 iterations no improvement!
Early stop at 14th iter due to 10 iterations no improvement!
Early stop at 14th iter due to 10 iterations no improvement!
Early stop at 14th iter due to 10 iterations no improvement!
Early stop at 14th iter due to 10 iterations no improvement!
    +1.891 to   +1.391  bound    0.001    0.00x threshold  FALSIFIED  witness pose 79 at 15.7 m, s=-1.0000  [31 domains, 42s]
Early stop at 10th iter due to 10 iterations no improvement!
Early stop at 10th iter due to 10 iterations no improvement!
Early stop at 10th iter due to 10 iterations no improvement!
Early stop at 10th iter due to 10 iterations no improvement!
Early stop at 14th iter due to 10 iterations no improvement!
Early stop at 14th iter due to 10 iterations no improvement!
Early stop at 14th iter due to 10 iterations no improvement!
Early stop at 14th iter due to 10 iterations no improvement!
Early stop at 14th iter due to 10 iterations no improvement!
Early stop at 14th iter due to 10 iterations no improvement!
Early stop at 14th iter due to 10 iterations no improvement!
Early stop at 14th iter due to 10 iterations no improvement!
Early stop at 14th iter due to 10 iterations no improvement!
Early stop at 14th iter due to 10 iterations no improvement!
Early stop at 14th iter due to 10 iterations no improvement!
    +1.391 to   +0.779  bound    0.001    0.00x threshold  FALSIFIED  witness pose 79 at 15.7 m, s=-1.0000  [35 domains, 47s]
Early stop at 14th iter due to 10 iterations no improvement!
Early stop at 14th iter due to 10 iterations no improvement!
Early stop at 14th iter due to 10 iterations no improvement!
    +0.779 to   +0.026  bound    0.001    0.00x threshold  FALSIFIED  witness pose 79 at 15.7 m, s=-1.0000  [37 domains, 63s]
Early stop at 19th iter due to 10 iterations no improvement!
Early stop at 17th iter due to 10 iterations no improvement!
Early stop at 15th iter due to 10 iterations no improvement!
Early stop at 17th iter due to 10 iterations no improvement!
Early stop at 14th iter due to 10 iterations no improvement!
    +0.026 to   +0.000  bound   -0.108   -0.04x threshold  FALSIFIED  witness pose 79 at 15.7 m, s=-1.0000  [69 domains, 102s]
Early stop at 14th iter due to 10 iterations no improvement!
    +0.000 to   -0.961  bound    3.016    1.22x threshold  CERTIFIED  [25 domains, 26s]
    -0.961 to  -29.554  bound    3.204    1.29x threshold  CERTIFIED  [25 domains, 28s]
Early stop at 13th iter due to 10 iterations no improvement!
Early stop at 15th iter due to 10 iterations no improvement!
Early stop at 15th iter due to 10 iterations no improvement!
Early stop at 17th iter due to 10 iterations no improvement!
Early stop at 17th iter due to 10 iterations no improvement!
Early stop at 13th iter due to 10 iterations no improvement!
Early stop at 18th iter due to 10 iterations no improvement!
Early stop at 18th iter due to 10 iterations no improvement!
Early stop at 18th iter due to 10 iterations no improvement!
Early stop at 14th iter due to 10 iterations no improvement!
Early stop at 10th iter due to 10 iterations no improvement!
Early stop at 13th iter due to 10 iterations no improvement!
Early stop at 16th iter due to 10 iterations no improvement!
Early stop at 19th iter due to 10 iterations no improvement!
Early stop at 13th iter due to 10 iterations no improvement!
Early stop at 14th iter due to 10 iterations no improvement!
Early stop at 16th iter due to 10 iterations no improvement!
Early stop at 17th iter due to 10 iterations no improvement!
Early stop at 14th iter due to 10 iterations no improvement!
Early stop at 10th iter due to 10 iterations no improvement!
Early stop at 15th iter due to 10 iterations no improvement!
Early stop at 15th iter due to 10 iterations no improvement!
Early stop at 17th iter due to 10 iterations no improvement!
Early stop at 14th iter due to 10 iterations no improvement!
Early stop at 10th iter due to 10 iterations no improvement!
Early stop at 13th iter due to 10 iterations no improvement!
Early stop at 19th iter due to 10 iterations no improvement!
Early stop at 17th iter due to 10 iterations no improvement!
Early stop at 13th iter due to 10 iterations no improvement!
Early stop at 14th iter due to 10 iterations no improvement!
Early stop at 14th iter due to 10 iterations no improvement!
Early stop at 14th iter due to 10 iterations no improvement!
Early stop at 10th iter due to 10 iterations no improvement!
Early stop at 18th iter due to 10 iterations no improvement!
Early stop at 14th iter due to 10 iterations no improvement!
Early stop at 10th iter due to 10 iterations no improvement!
Early stop at 16th iter due to 10 iterations no improvement!
Early stop at 13th iter due to 10 iterations no improvement!
Early stop at 13th iter due to 10 iterations no improvement!
Early stop at 14th iter due to 10 iterations no improvement!
Early stop at 10th iter due to 10 iterations no improvement!
   -29.554 to  -30.000  bound    4.813    1.94x threshold  CERTIFIED  [25 domains, 13s]
/home/za/ad-assurance--workspace/formal-verification--aeb--code/tools/verify.py:189: ResourceWarning: unclosed file <_io.BufferedReader name='/home/za/ad-assurance--workspace/formal-verification--aeb--code/results/models/P_pts_s3_ped.pt'>
  p["model_sha256"] = hashlib.sha256(open(model_path, "rb").read()).hexdigest()
ResourceWarning: Enable tracemalloc to get the object allocation traceback

  5/17 sub-intervals certified, 12 falsified with an exhibited witness, 0 undecided
  wrote results/carla/verify_P_pts_s3_ped.json
