/home/za/ad-assurance--workspace/formal-verification--aeb--code/.venv/lib/python3.12/site-packages/torch/jit/_script.py:1488: DeprecationWarning: `torch.jit.script` is deprecated. Please switch to `torch.compile` or `torch.export`.
  warnings.warn(

P_pts3_s6 / lead: 25 poses inside r_req (15.85 m), 17 sub-intervals, threshold 2.476 m/s^2
Early stop at 14th iter due to 10 iterations no improvement!
   +60.000 to  +42.766  bound    3.266    1.32x threshold  CERTIFIED  [25 domains, 47s]
   +42.766 to  +28.397  bound    3.199    1.29x threshold  CERTIFIED  [25 domains, 50s]
Early stop at 14th iter due to 10 iterations no improvement!
   +28.397 to  +18.743  bound    2.516    1.02x threshold  CERTIFIED  [25 domains, 44s]
Early stop at 14th iter due to 10 iterations no improvement!
   +18.743 to  +12.542  bound    2.194    0.89x threshold  FALSIFIED  witness pose 79 at 15.8 m, s=+0.0000  [25 domains, 45s]
Early stop at 18th iter due to 10 iterations no improvement!
   +12.542 to  +10.128  bound    1.875    0.76x threshold  FALSIFIED  witness pose 79 at 15.8 m, s=-1.0000  [25 domains, 36s]
   +10.128 to   +7.715  bound    1.800    0.73x threshold  FALSIFIED  witness pose 79 at 15.8 m, s=-1.0000  [27 domains, 33s]
    +7.715 to   +5.298  bound    1.926    0.78x threshold  FALSIFIED  witness pose 79 at 15.8 m, s=-1.0000  [27 domains, 34s]
Early stop at 15th iter due to 10 iterations no improvement!
Early stop at 14th iter due to 10 iterations no improvement!
    +5.298 to   +4.198  bound    2.648    1.07x threshold  CERTIFIED  [25 domains, 37s]
    +4.198 to   +3.525  bound    2.310    0.93x threshold  FALSIFIED  witness pose 91 at 9.1 m, s=+1.0000  [25 domains, 34s]
    +3.525 to   +1.891  bound    0.831    0.34x threshold  FALSIFIED  witness pose 85 at 12.5 m, s=-1.0000  [39 domains, 52s]
    +1.891 to   +1.391  bound    0.885    0.36x threshold  FALSIFIED  witness pose 85 at 12.5 m, s=-1.0000  [27 domains, 32s]
    +1.391 to   +0.779  bound    0.280    0.11x threshold  FALSIFIED  witness pose 85 at 12.5 m, s=-1.0000  [25 domains, 33s]
    +0.779 to   +0.026  bound   -0.027   -0.01x threshold  FALSIFIED  witness pose 81 at 14.7 m, s=-1.0000  [25 domains, 36s]
    +0.026 to   +0.000  bound   -0.305   -0.12x threshold  FALSIFIED  witness pose 89 at 10.2 m, s=-1.0000  [25 domains, 39s]
    +0.000 to   -0.961  bound    3.528    1.42x threshold  CERTIFIED  [25 domains, 28s]
    -0.961 to  -29.554  bound    3.936    1.59x threshold  CERTIFIED  [25 domains, 35s]
Early stop at 14th iter due to 10 iterations no improvement!
Early stop at 14th iter due to 10 iterations no improvement!
Early stop at 15th iter due to 10 iterations no improvement!
Early stop at 14th iter due to 10 iterations no improvement!
Early stop at 14th iter due to 10 iterations no improvement!
Early stop at 10th iter due to 10 iterations no improvement!
Early stop at 14th iter due to 10 iterations no improvement!
Early stop at 13th iter due to 10 iterations no improvement!
Early stop at 17th iter due to 10 iterations no improvement!
Early stop at 13th iter due to 10 iterations no improvement!
Early stop at 17th iter due to 10 iterations no improvement!
Early stop at 14th iter due to 10 iterations no improvement!
Early stop at 13th iter due to 10 iterations no improvement!
Early stop at 14th iter due to 10 iterations no improvement!
Early stop at 13th iter due to 10 iterations no improvement!
Early stop at 13th iter due to 10 iterations no improvement!
Early stop at 14th iter due to 10 iterations no improvement!
Early stop at 10th iter due to 10 iterations no improvement!
Early stop at 10th iter due to 10 iterations no improvement!
Early stop at 13th iter due to 10 iterations no improvement!
Early stop at 12th iter due to 10 iterations no improvement!
Early stop at 13th iter due to 10 iterations no improvement!
Early stop at 13th iter due to 10 iterations no improvement!
Early stop at 14th iter due to 10 iterations no improvement!
Early stop at 13th iter due to 10 iterations no improvement!
Early stop at 14th iter due to 10 iterations no improvement!
Early stop at 16th iter due to 10 iterations no improvement!
Early stop at 13th iter due to 10 iterations no improvement!
Early stop at 13th iter due to 10 iterations no improvement!
Early stop at 14th iter due to 10 iterations no improvement!
Early stop at 13th iter due to 10 iterations no improvement!
Early stop at 14th iter due to 10 iterations no improvement!
Early stop at 14th iter due to 10 iterations no improvement!
Early stop at 15th iter due to 10 iterations no improvement!
Early stop at 13th iter due to 10 iterations no improvement!
Early stop at 16th iter due to 10 iterations no improvement!
Early stop at 12th iter due to 10 iterations no improvement!
Early stop at 13th iter due to 10 iterations no improvement!
Early stop at 13th iter due to 10 iterations no improvement!
Early stop at 12th iter due to 10 iterations no improvement!
Early stop at 13th iter due to 10 iterations no improvement!
Early stop at 10th iter due to 10 iterations no improvement!
Early stop at 10th iter due to 10 iterations no improvement!
Early stop at 10th iter due to 10 iterations no improvement!
Early stop at 14th iter due to 10 iterations no improvement!
Early stop at 13th iter due to 10 iterations no improvement!
Early stop at 13th iter due to 10 iterations no improvement!
Early stop at 15th iter due to 10 iterations no improvement!
   -29.554 to  -30.000  bound    4.657    1.88x threshold  CERTIFIED  [25 domains, 18s]
/home/za/ad-assurance--workspace/formal-verification--aeb--code/tools/verify.py:189: ResourceWarning: unclosed file <_io.BufferedReader name='/home/za/ad-assurance--workspace/formal-verification--aeb--code/results/models/P_pts3_s6_lead.pt'>
  p["model_sha256"] = hashlib.sha256(open(model_path, "rb").read()).hexdigest()
ResourceWarning: Enable tracemalloc to get the object allocation traceback

  7/17 sub-intervals certified, 10 falsified with an exhibited witness, 0 undecided
  wrote results/carla/verify_P_pts3_s6_lead.json
