/home/za/ad-assurance--workspace/formal-verification--aeb--code/.venv/lib/python3.12/site-packages/torch/jit/_script.py:1488: DeprecationWarning: `torch.jit.script` is deprecated. Please switch to `torch.compile` or `torch.export`.
  warnings.warn(

P_pts3_s7 / ped: 25 poses inside r_req (15.85 m), 17 sub-intervals, threshold 2.476 m/s^2
Early stop at 14th iter due to 10 iterations no improvement!
   +60.000 to  +42.766  bound    3.728    1.51x threshold  CERTIFIED  [25 domains, 38s]
   +42.766 to  +28.397  bound    3.125    1.26x threshold  CERTIFIED  [25 domains, 42s]
Early stop at 16th iter due to 10 iterations no improvement!
Early stop at 17th iter due to 10 iterations no improvement!
Early stop at 18th iter due to 10 iterations no improvement!
   +28.397 to  +18.743  bound    2.578    1.04x threshold  CERTIFIED  [27 domains, 46s]
   +18.743 to  +12.542  bound    2.033    0.82x threshold  FALSIFIED  witness pose 79 at 15.7 m, s=+0.0000  [27 domains, 43s]
Early stop at 15th iter due to 10 iterations no improvement!
   +12.542 to  +10.128  bound    0.743    0.30x threshold  FALSIFIED  witness pose 94 at 7.3 m, s=+0.0000  [25 domains, 40s]
   +10.128 to   +7.715  bound    0.115    0.05x threshold  FALSIFIED  witness pose 94 at 7.3 m, s=-1.0000  [29 domains, 47s]
    +7.715 to   +5.298  bound    0.137    0.06x threshold  FALSIFIED  witness pose 94 at 7.3 m, s=-1.0000  [25 domains, 44s]
Early stop at 15th iter due to 10 iterations no improvement!
Early stop at 16th iter due to 10 iterations no improvement!
Early stop at 15th iter due to 10 iterations no improvement!
    +5.298 to   +4.198  bound    0.143    0.06x threshold  FALSIFIED  witness pose 95 at 6.7 m, s=-1.0000  [25 domains, 40s]
Early stop at 13th iter due to 10 iterations no improvement!
Early stop at 14th iter due to 10 iterations no improvement!
Early stop at 14th iter due to 10 iterations no improvement!
Early stop at 19th iter due to 10 iterations no improvement!
Early stop at 14th iter due to 10 iterations no improvement!
Early stop at 18th iter due to 10 iterations no improvement!
    +4.198 to   +3.525  bound    0.123    0.05x threshold  FALSIFIED  witness pose 95 at 6.7 m, s=-1.0000  [25 domains, 33s]
    +3.525 to   +1.891  bound   -0.176   -0.07x threshold  FALSIFIED  witness pose 91 at 9.0 m, s=-1.0000  [25 domains, 37s]
Early stop at 14th iter due to 10 iterations no improvement!
    +1.891 to   +1.391  bound   -0.176   -0.07x threshold  FALSIFIED  witness pose 91 at 9.0 m, s=-1.0000  [25 domains, 38s]
    +1.391 to   +0.779  bound   -0.338   -0.14x threshold  FALSIFIED  witness pose 91 at 9.0 m, s=-1.0000  [25 domains, 34s]
    +0.779 to   +0.026  bound   -0.321   -0.13x threshold  FALSIFIED  witness pose 79 at 15.7 m, s=-1.0000  [25 domains, 37s]
    +0.026 to   +0.000  bound   -1.083   -0.44x threshold  FALSIFIED  witness pose 79 at 15.7 m, s=-1.0000  [25 domains, 40s]
    +0.000 to   -0.961  bound    1.588    0.64x threshold  FALSIFIED  witness pose 93 at 7.9 m, s=-1.0000  [25 domains, 44s]
Early stop at 15th iter due to 10 iterations no improvement!
    -0.961 to  -29.554  bound    2.658    1.07x threshold  CERTIFIED  [71 domains, 114s]
Early stop at 18th iter due to 10 iterations no improvement!
Early stop at 15th iter due to 10 iterations no improvement!
Early stop at 14th iter due to 10 iterations no improvement!
Early stop at 13th iter due to 10 iterations no improvement!
Early stop at 18th iter due to 10 iterations no improvement!
Early stop at 13th iter due to 10 iterations no improvement!
Early stop at 15th iter due to 10 iterations no improvement!
Early stop at 13th iter due to 10 iterations no improvement!
Early stop at 16th iter due to 10 iterations no improvement!
Early stop at 19th iter due to 10 iterations no improvement!
Early stop at 13th iter due to 10 iterations no improvement!
Early stop at 13th iter due to 10 iterations no improvement!
Early stop at 13th iter due to 10 iterations no improvement!
Early stop at 14th iter due to 10 iterations no improvement!
Early stop at 16th iter due to 10 iterations no improvement!
Early stop at 13th iter due to 10 iterations no improvement!
Early stop at 16th iter due to 10 iterations no improvement!
Early stop at 14th iter due to 10 iterations no improvement!
Early stop at 13th iter due to 10 iterations no improvement!
Early stop at 17th iter due to 10 iterations no improvement!
Early stop at 14th iter due to 10 iterations no improvement!
Early stop at 12th iter due to 10 iterations no improvement!
Early stop at 12th iter due to 10 iterations no improvement!
Early stop at 12th iter due to 10 iterations no improvement!
Early stop at 19th iter due to 10 iterations no improvement!
Early stop at 14th iter due to 10 iterations no improvement!
Early stop at 13th iter due to 10 iterations no improvement!
Early stop at 14th iter due to 10 iterations no improvement!
Early stop at 14th iter due to 10 iterations no improvement!
Early stop at 17th iter due to 10 iterations no improvement!
Early stop at 14th iter due to 10 iterations no improvement!
Early stop at 17th iter due to 10 iterations no improvement!
Early stop at 14th iter due to 10 iterations no improvement!
Early stop at 14th iter due to 10 iterations no improvement!
Early stop at 17th iter due to 10 iterations no improvement!
Early stop at 14th iter due to 10 iterations no improvement!
Early stop at 13th iter due to 10 iterations no improvement!
   -29.554 to  -30.000  bound    4.435    1.79x threshold  CERTIFIED  [25 domains, 16s]
/home/za/ad-assurance--workspace/formal-verification--aeb--code/tools/verify.py:189: ResourceWarning: unclosed file <_io.BufferedReader name='/home/za/ad-assurance--workspace/formal-verification--aeb--code/results/models/P_pts3_s7_ped.pt'>
  p["model_sha256"] = hashlib.sha256(open(model_path, "rb").read()).hexdigest()
ResourceWarning: Enable tracemalloc to get the object allocation traceback

  5/17 sub-intervals certified, 12 falsified with an exhibited witness, 0 undecided
  wrote results/carla/verify_P_pts3_s7_ped.json
