/home/za/ad-assurance--workspace/formal-verification--aeb--code/.venv/lib/python3.12/site-packages/torch/jit/_script.py:1488: DeprecationWarning: `torch.jit.script` is deprecated. Please switch to `torch.compile` or `torch.export`.
  warnings.warn(

P_pts_s1 / ped: 25 poses inside r_req (15.85 m), 17 sub-intervals, threshold 2.476 m/s^2
Early stop at 18th iter due to 10 iterations no improvement!
Early stop at 17th iter due to 10 iterations no improvement!
Early stop at 16th iter due to 10 iterations no improvement!
Early stop at 16th iter due to 10 iterations no improvement!
   +60.000 to  +42.766  bound    4.053    1.64x threshold  CERTIFIED  [25 domains, 27s]
Early stop at 17th iter due to 10 iterations no improvement!
   +42.766 to  +28.397  bound    3.296    1.33x threshold  CERTIFIED  [25 domains, 32s]
Early stop at 14th iter due to 10 iterations no improvement!
Early stop at 17th iter due to 10 iterations no improvement!
Early stop at 14th iter due to 10 iterations no improvement!
Early stop at 14th iter due to 10 iterations no improvement!
Early stop at 19th iter due to 10 iterations no improvement!
   +28.397 to  +18.743  bound    2.365    0.96x threshold  FALSIFIED  witness pose 85 at 12.3 m, s=+1.0000  [25 domains, 32s]
   +18.743 to  +12.542  bound    1.479    0.60x threshold  FALSIFIED  witness pose 85 at 12.3 m, s=-1.0000  [25 domains, 35s]
Early stop at 18th iter due to 10 iterations no improvement!
Early stop at 16th iter due to 10 iterations no improvement!
Early stop at 18th iter due to 10 iterations no improvement!
Early stop at 18th iter due to 10 iterations no improvement!
Early stop at 17th iter due to 10 iterations no improvement!
Early stop at 18th iter due to 10 iterations no improvement!
Early stop at 18th iter due to 10 iterations no improvement!
   +12.542 to  +10.128  bound    0.096    0.04x threshold  FALSIFIED  witness pose 93 at 7.9 m, s=-1.0000  [25 domains, 37s]
Early stop at 14th iter due to 10 iterations no improvement!
Early stop at 12th iter due to 10 iterations no improvement!
   +10.128 to   +7.715  bound    0.096    0.04x threshold  FALSIFIED  witness pose 93 at 7.9 m, s=-1.0000  [25 domains, 40s]
    +7.715 to   +5.298  bound    0.528    0.21x threshold  FALSIFIED  witness pose 79 at 15.7 m, s=-1.0000  [25 domains, 42s]
Early stop at 14th iter due to 10 iterations no improvement!
    +5.298 to   +4.198  bound    1.587    0.64x threshold  FALSIFIED  witness pose 79 at 15.7 m, s=-1.0000  [25 domains, 38s]
    +4.198 to   +3.525  bound    1.206    0.49x threshold  FALSIFIED  witness pose 79 at 15.7 m, s=-1.0000  [25 domains, 33s]
    +3.525 to   +1.891  bound   -0.051   -0.02x threshold  FALSIFIED  witness pose 79 at 15.7 m, s=-1.0000  [49 domains, 76s]
    +1.891 to   +1.391  bound    0.270    0.11x threshold  FALSIFIED  witness pose 79 at 15.7 m, s=-1.0000  [25 domains, 35s]
    +1.391 to   +0.779  bound    0.292    0.12x threshold  FALSIFIED  witness pose 79 at 15.7 m, s=-1.0000  [27 domains, 40s]
    +0.779 to   +0.026  bound    0.731    0.30x threshold  FALSIFIED  witness pose 79 at 15.7 m, s=-1.0000  [31 domains, 48s]
    +0.026 to   +0.000  bound   -0.947   -0.38x threshold  FALSIFIED  witness pose 82 at 14.0 m, s=-1.0000  [65 domains, 111s]
    +0.000 to   -0.961  bound    3.619    1.46x threshold  CERTIFIED  [25 domains, 38s]
