/home/za/ad-assurance--workspace/formal-verification--aeb--code/.venv/lib/python3.12/site-packages/torch/jit/_script.py:1488: DeprecationWarning: `torch.jit.script` is deprecated. Please switch to `torch.compile` or `torch.export`.
  warnings.warn(

P_pts3_s1 / ped: 25 poses inside r_req (15.85 m), 17 sub-intervals, threshold 2.476 m/s^2
Early stop at 17th iter due to 10 iterations no improvement!
Early stop at 15th iter due to 10 iterations no improvement!
   +60.000 to  +42.766  bound    4.114    1.66x threshold  CERTIFIED  [25 domains, 33s]
   +42.766 to  +28.397  bound    2.165    0.87x threshold  FALSIFIED  witness pose 79 at 15.7 m, s=+1.0000  [25 domains, 37s]
Early stop at 15th iter due to 10 iterations no improvement!
   +28.397 to  +18.743  bound    1.789    0.72x threshold  FALSIFIED  witness pose 79 at 15.7 m, s=-1.0000  [25 domains, 37s]
Early stop at 13th iter due to 10 iterations no improvement!
Early stop at 14th iter due to 10 iterations no improvement!
   +18.743 to  +12.542  bound    1.396    0.56x threshold  FALSIFIED  witness pose 79 at 15.7 m, s=-1.0000  [25 domains, 40s]
Early stop at 13th iter due to 10 iterations no improvement!
   +12.542 to  +10.128  bound    0.723    0.29x threshold  FALSIFIED  witness pose 79 at 15.7 m, s=-1.0000  [25 domains, 37s]
Early stop at 17th iter due to 10 iterations no improvement!
Early stop at 14th iter due to 10 iterations no improvement!
   +10.128 to   +7.715  bound    0.564    0.23x threshold  FALSIFIED  witness pose 79 at 15.7 m, s=-1.0000  [35 domains, 50s]
    +7.715 to   +5.298  bound    0.984    0.40x threshold  FALSIFIED  witness pose 103 at 2.3 m, s=-1.0000  [35 domains, 56s]
Early stop at 19th iter due to 10 iterations no improvement!
Early stop at 14th iter due to 10 iterations no improvement!
Early stop at 13th iter due to 10 iterations no improvement!
    +5.298 to   +4.198  bound    1.068    0.43x threshold  FALSIFIED  witness pose 102 at 2.8 m, s=-1.0000  [25 domains, 32s]
Early stop at 18th iter due to 10 iterations no improvement!
Early stop at 14th iter due to 10 iterations no improvement!
    +4.198 to   +3.525  bound    0.886    0.36x threshold  FALSIFIED  witness pose 101 at 3.4 m, s=-1.0000  [31 domains, 38s]
    +3.525 to   +1.891  bound   -0.644   -0.26x threshold  FALSIFIED  witness pose 79 at 15.7 m, s=-1.0000  [25 domains, 41s]
Early stop at 19th iter due to 10 iterations no improvement!
    +1.891 to   +1.391  bound    0.306    0.12x threshold  FALSIFIED  witness pose 80 at 15.1 m, s=-1.0000  [37 domains, 52s]
Early stop at 14th iter due to 10 iterations no improvement!
    +1.391 to   +0.779  bound    0.523    0.21x threshold  FALSIFIED  witness pose 81 at 14.6 m, s=-1.0000  [29 domains, 49s]
    +0.779 to   +0.026  bound    0.852    0.34x threshold  FALSIFIED  witness pose 81 at 14.6 m, s=-1.0000  [27 domains, 46s]
