/home/za/ad-assurance--workspace/formal-verification--aeb--code/.venv/lib/python3.12/site-packages/torch/jit/_script.py:1488: DeprecationWarning: `torch.jit.script` is deprecated. Please switch to `torch.compile` or `torch.export`.
  warnings.warn(

P_pts_s2 / lead: 25 poses inside r_req (15.85 m), 17 sub-intervals, threshold 2.476 m/s^2
Early stop at 17th iter due to 10 iterations no improvement!
Early stop at 17th iter due to 10 iterations no improvement!
Early stop at 17th iter due to 10 iterations no improvement!
Early stop at 16th iter due to 10 iterations no improvement!
Early stop at 18th iter due to 10 iterations no improvement!
Early stop at 15th iter due to 10 iterations no improvement!
Early stop at 15th iter due to 10 iterations no improvement!
   +60.000 to  +42.766  bound    3.639    1.47x threshold  CERTIFIED  [25 domains, 56s]
Early stop at 15th iter due to 10 iterations no improvement!
Early stop at 15th iter due to 10 iterations no improvement!
Early stop at 17th iter due to 10 iterations no improvement!
   +42.766 to  +28.397  bound    3.258    1.32x threshold  CERTIFIED  [25 domains, 39s]
Early stop at 16th iter due to 10 iterations no improvement!
Early stop at 16th iter due to 10 iterations no improvement!
Early stop at 17th iter due to 10 iterations no improvement!
Early stop at 16th iter due to 10 iterations no improvement!
Early stop at 18th iter due to 10 iterations no improvement!
Early stop at 16th iter due to 10 iterations no improvement!
Early stop at 19th iter due to 10 iterations no improvement!
Early stop at 19th iter due to 10 iterations no improvement!
Early stop at 18th iter due to 10 iterations no improvement!
Early stop at 16th iter due to 10 iterations no improvement!
Early stop at 18th iter due to 10 iterations no improvement!
Early stop at 14th iter due to 10 iterations no improvement!
Early stop at 19th iter due to 10 iterations no improvement!
Early stop at 19th iter due to 10 iterations no improvement!
Early stop at 14th iter due to 10 iterations no improvement!
   +28.397 to  +18.743  bound    2.796    1.13x threshold  CERTIFIED  [25 domains, 47s]
Early stop at 19th iter due to 10 iterations no improvement!
Early stop at 18th iter due to 10 iterations no improvement!
Early stop at 19th iter due to 10 iterations no improvement!
Early stop at 16th iter due to 10 iterations no improvement!
Early stop at 15th iter due to 10 iterations no improvement!
   +18.743 to  +12.542  bound    1.470    0.59x threshold  FALSIFIED  witness pose 103 at 2.4 m, s=+0.0000  [25 domains, 62s]
Early stop at 17th iter due to 10 iterations no improvement!
Early stop at 19th iter due to 10 iterations no improvement!
Early stop at 17th iter due to 10 iterations no improvement!
Early stop at 19th iter due to 10 iterations no improvement!
Early stop at 15th iter due to 10 iterations no improvement!
Early stop at 17th iter due to 10 iterations no improvement!
Early stop at 19th iter due to 10 iterations no improvement!
Early stop at 15th iter due to 10 iterations no improvement!
Early stop at 16th iter due to 10 iterations no improvement!
Early stop at 18th iter due to 10 iterations no improvement!
Early stop at 18th iter due to 10 iterations no improvement!
Early stop at 17th iter due to 10 iterations no improvement!
Early stop at 15th iter due to 10 iterations no improvement!
   +12.542 to  +10.128  bound    0.822    0.33x threshold  FALSIFIED  witness pose 103 at 2.4 m, s=-1.0000  [25 domains, 56s]
Early stop at 12th iter due to 10 iterations no improvement!
Early stop at 15th iter due to 10 iterations no improvement!
Early stop at 16th iter due to 10 iterations no improvement!
Early stop at 16th iter due to 10 iterations no improvement!
Early stop at 15th iter due to 10 iterations no improvement!
   +10.128 to   +7.715  bound    0.178    0.07x threshold  FALSIFIED  witness pose 103 at 2.4 m, s=-1.0000  [25 domains, 60s]
Early stop at 19th iter due to 10 iterations no improvement!
Early stop at 17th iter due to 10 iterations no improvement!
Early stop at 15th iter due to 10 iterations no improvement!
Early stop at 14th iter due to 10 iterations no improvement!
Early stop at 18th iter due to 10 iterations no improvement!
    +7.715 to   +5.298  bound    0.428    0.17x threshold  FALSIFIED  witness pose 103 at 2.4 m, s=-1.0000  [34 domains, 83s]
    +5.298 to   +4.198  bound    2.015    0.81x threshold  FALSIFIED  witness pose 101 at 3.5 m, s=-1.0000  [25 domains, 61s]
Early stop at 17th iter due to 10 iterations no improvement!
Early stop at 19th iter due to 10 iterations no improvement!
Early stop at 19th iter due to 10 iterations no improvement!
Early stop at 15th iter due to 10 iterations no improvement!
    +4.198 to   +3.525  bound    2.254    0.91x threshold  FALSIFIED  witness pose 79 at 15.8 m, s=-1.0000  [27 domains, 61s]
    +3.525 to   +1.891  bound   -0.013   -0.01x threshold  FALSIFIED  witness pose 79 at 15.8 m, s=-1.0000  [73 domains, 127s]
    +1.891 to   +1.391  bound    1.224    0.49x threshold  FALSIFIED  witness pose 79 at 15.8 m, s=-1.0000  [31 domains, 57s]
    +1.391 to   +0.779  bound    0.096    0.04x threshold  FALSIFIED  witness pose 93 at 8.0 m, s=-1.0000  [45 domains, 108s]
    +0.779 to   +0.026  bound   -0.138   -0.06x threshold  FALSIFIED  witness pose 85 at 12.5 m, s=+1.0000  [45 domains, 121s]
    +0.026 to   +0.000  bound   -0.668   -0.27x threshold  FALSIFIED  witness pose 87 at 11.3 m, s=-1.0000  [33 domains, 89s]
