/home/za/ad-assurance--workspace/formal-verification--aeb--code/.venv/lib/python3.12/site-packages/torch/jit/_script.py:1488: DeprecationWarning: `torch.jit.script` is deprecated. Please switch to `torch.compile` or `torch.export`.
  warnings.warn(

P_pts_s6 / ped: 25 poses inside r_req (15.85 m), 17 sub-intervals, threshold 2.476 m/s^2
Early stop at 19th iter due to 10 iterations no improvement!
   +60.000 to  +42.766  bound    4.055    1.64x threshold  CERTIFIED  [25 domains, 35s]
Early stop at 19th iter due to 10 iterations no improvement!
Early stop at 15th iter due to 10 iterations no improvement!
   +42.766 to  +28.397  bound    3.015    1.22x threshold  CERTIFIED  [25 domains, 38s]
   +28.397 to  +18.743  bound    2.164    0.87x threshold  FALSIFIED  witness pose 101 at 3.4 m, s=+1.0000  [25 domains, 39s]
   +18.743 to  +12.542  bound    0.607    0.25x threshold  FALSIFIED  witness pose 101 at 3.4 m, s=-1.0000  [27 domains, 46s]
Early stop at 15th iter due to 10 iterations no improvement!
   +12.542 to  +10.128  bound   -0.006   -0.00x threshold  FALSIFIED  witness pose 101 at 3.4 m, s=-1.0000  [27 domains, 42s]
Early stop at 19th iter due to 10 iterations no improvement!
   +10.128 to   +7.715  bound   -0.088   -0.04x threshold  FALSIFIED  witness pose 101 at 3.4 m, s=-1.0000  [29 domains, 48s]
    +7.715 to   +5.298  bound    0.687    0.28x threshold  FALSIFIED  witness pose 101 at 3.4 m, s=-1.0000  [25 domains, 39s]
Early stop at 19th iter due to 10 iterations no improvement!
Early stop at 16th iter due to 10 iterations no improvement!
    +5.298 to   +4.198  bound    2.508    1.01x threshold  CERTIFIED  [27 domains, 39s]
    +4.198 to   +3.525  bound    2.303    0.93x threshold  FALSIFIED  witness pose 95 at 6.7 m, s=+0.0000  [25 domains, 31s]
    +3.525 to   +1.891  bound    0.089    0.04x threshold  FALSIFIED  witness pose 79 at 15.7 m, s=+1.0000  [31 domains, 49s]
    +1.891 to   +1.391  bound    1.007    0.41x threshold  FALSIFIED  witness pose 95 at 6.7 m, s=-1.0000  [27 domains, 39s]
    +1.391 to   +0.779  bound    0.734    0.30x threshold  FALSIFIED  witness pose 95 at 6.7 m, s=-1.0000  [59 domains, 95s]
    +0.779 to   +0.026  bound   -1.133   -0.46x threshold  FALSIFIED  witness pose 79 at 15.7 m, s=+1.0000  [31 domains, 56s]
    +0.026 to   +0.000  bound   -7.137   -2.88x threshold  FALSIFIED  witness pose 89 at 10.1 m, s=-1.0000  [51 domains, 86s]
Early stop at 18th iter due to 10 iterations no improvement!
    +0.000 to   -0.961  bound    1.855    0.75x threshold  FALSIFIED  witness pose 79 at 15.7 m, s=-1.0000  [25 domains, 31s]
Early stop at 14th iter due to 10 iterations no improvement!
    -0.961 to  -29.554  bound    1.255    0.51x threshold  FALSIFIED  witness pose 79 at 15.7 m, s=-1.0000  [47 domains, 59s]
Early stop at 14th iter due to 10 iterations no improvement!
Early stop at 13th iter due to 10 iterations no improvement!
Early stop at 14th iter due to 10 iterations no improvement!
Early stop at 14th iter due to 10 iterations no improvement!
Early stop at 14th iter due to 10 iterations no improvement!
Early stop at 15th iter due to 10 iterations no improvement!
Early stop at 13th iter due to 10 iterations no improvement!
Early stop at 14th iter due to 10 iterations no improvement!
Early stop at 13th iter due to 10 iterations no improvement!
Early stop at 19th iter due to 10 iterations no improvement!
Early stop at 17th iter due to 10 iterations no improvement!
Early stop at 14th iter due to 10 iterations no improvement!
Early stop at 13th iter due to 10 iterations no improvement!
Early stop at 13th iter due to 10 iterations no improvement!
Early stop at 10th iter due to 10 iterations no improvement!
Early stop at 14th iter due to 10 iterations no improvement!
Early stop at 14th iter due to 10 iterations no improvement!
Early stop at 16th iter due to 10 iterations no improvement!
Early stop at 14th iter due to 10 iterations no improvement!
Early stop at 13th iter due to 10 iterations no improvement!
Early stop at 14th iter due to 10 iterations no improvement!
Early stop at 15th iter due to 10 iterations no improvement!
Early stop at 13th iter due to 10 iterations no improvement!
Early stop at 10th iter due to 10 iterations no improvement!
Early stop at 14th iter due to 10 iterations no improvement!
Early stop at 10th iter due to 10 iterations no improvement!
Early stop at 13th iter due to 10 iterations no improvement!
Early stop at 10th iter due to 10 iterations no improvement!
Early stop at 15th iter due to 10 iterations no improvement!
Early stop at 15th iter due to 10 iterations no improvement!
Early stop at 17th iter due to 10 iterations no improvement!
Early stop at 12th iter due to 10 iterations no improvement!
Early stop at 17th iter due to 10 iterations no improvement!
Early stop at 13th iter due to 10 iterations no improvement!
Early stop at 12th iter due to 10 iterations no improvement!
Early stop at 13th iter due to 10 iterations no improvement!
Early stop at 13th iter due to 10 iterations no improvement!
Early stop at 19th iter due to 10 iterations no improvement!
Early stop at 18th iter due to 10 iterations no improvement!
Early stop at 12th iter due to 10 iterations no improvement!
Early stop at 14th iter due to 10 iterations no improvement!
Early stop at 13th iter due to 10 iterations no improvement!
Early stop at 14th iter due to 10 iterations no improvement!
Early stop at 14th iter due to 10 iterations no improvement!
Early stop at 12th iter due to 10 iterations no improvement!
Early stop at 13th iter due to 10 iterations no improvement!
Early stop at 14th iter due to 10 iterations no improvement!
Early stop at 14th iter due to 10 iterations no improvement!
Early stop at 17th iter due to 10 iterations no improvement!
   -29.554 to  -30.000  bound    4.316    1.74x threshold  CERTIFIED  [25 domains, 15s]
/home/za/ad-assurance--workspace/formal-verification--aeb--code/tools/verify.py:189: ResourceWarning: unclosed file <_io.BufferedReader name='/home/za/ad-assurance--workspace/formal-verification--aeb--code/results/models/P_pts_s6_ped.pt'>
  p["model_sha256"] = hashlib.sha256(open(model_path, "rb").read()).hexdigest()
ResourceWarning: Enable tracemalloc to get the object allocation traceback

  4/17 sub-intervals certified, 13 falsified with an exhibited witness, 0 undecided
  wrote results/carla/verify_P_pts_s6_ped.json
