/home/za/ad-assurance--workspace/formal-verification--aeb--code/.venv/lib/python3.12/site-packages/torch/jit/_script.py:1488: DeprecationWarning: `torch.jit.script` is deprecated. Please switch to `torch.compile` or `torch.export`.
  warnings.warn(

P_pts_s7 / lead: 25 poses inside r_req (15.85 m), 17 sub-intervals, threshold 2.476 m/s^2
Early stop at 15th iter due to 10 iterations no improvement!
Early stop at 15th iter due to 10 iterations no improvement!
Early stop at 16th iter due to 10 iterations no improvement!
Early stop at 15th iter due to 10 iterations no improvement!
Early stop at 14th iter due to 10 iterations no improvement!
   +60.000 to  +42.766  bound    3.845    1.55x threshold  CERTIFIED  [25 domains, 34s]
Early stop at 17th iter due to 10 iterations no improvement!
Early stop at 15th iter due to 10 iterations no improvement!
   +42.766 to  +28.397  bound    3.829    1.55x threshold  CERTIFIED  [25 domains, 34s]
Early stop at 17th iter due to 10 iterations no improvement!
Early stop at 17th iter due to 10 iterations no improvement!
Early stop at 15th iter due to 10 iterations no improvement!
Early stop at 15th iter due to 10 iterations no improvement!
Early stop at 17th iter due to 10 iterations no improvement!
   +28.397 to  +18.743  bound    3.222    1.30x threshold  CERTIFIED  [25 domains, 32s]
Early stop at 19th iter due to 10 iterations no improvement!
Early stop at 15th iter due to 10 iterations no improvement!
Early stop at 18th iter due to 10 iterations no improvement!
Early stop at 19th iter due to 10 iterations no improvement!
Early stop at 18th iter due to 10 iterations no improvement!
Early stop at 18th iter due to 10 iterations no improvement!
   +18.743 to  +12.542  bound    2.086    0.84x threshold  FALSIFIED  witness pose 103 at 2.4 m, s=+1.0000  [25 domains, 38s]
Early stop at 18th iter due to 10 iterations no improvement!
Early stop at 16th iter due to 10 iterations no improvement!
Early stop at 16th iter due to 10 iterations no improvement!
Early stop at 18th iter due to 10 iterations no improvement!
Early stop at 16th iter due to 10 iterations no improvement!
Early stop at 16th iter due to 10 iterations no improvement!
Early stop at 15th iter due to 10 iterations no improvement!
Early stop at 14th iter due to 10 iterations no improvement!
Early stop at 15th iter due to 10 iterations no improvement!
Early stop at 19th iter due to 10 iterations no improvement!
Early stop at 17th iter due to 10 iterations no improvement!
Early stop at 18th iter due to 10 iterations no improvement!
Early stop at 17th iter due to 10 iterations no improvement!
Early stop at 19th iter due to 10 iterations no improvement!
   +12.542 to  +10.128  bound    1.564    0.63x threshold  FALSIFIED  witness pose 103 at 2.4 m, s=-1.0000  [25 domains, 31s]
Early stop at 18th iter due to 10 iterations no improvement!
Early stop at 15th iter due to 10 iterations no improvement!
Early stop at 14th iter due to 10 iterations no improvement!
Early stop at 14th iter due to 10 iterations no improvement!
Early stop at 15th iter due to 10 iterations no improvement!
Early stop at 14th iter due to 10 iterations no improvement!
Early stop at 15th iter due to 10 iterations no improvement!
   +10.128 to   +7.715  bound    1.563    0.63x threshold  FALSIFIED  witness pose 103 at 2.4 m, s=-1.0000  [25 domains, 39s]
    +7.715 to   +5.298  bound    1.942    0.78x threshold  FALSIFIED  witness pose 96 at 6.3 m, s=-1.0000  [33 domains, 63s]
    +5.298 to   +4.198  bound    2.266    0.92x threshold  FALSIFIED  witness pose 96 at 6.3 m, s=+0.0000  [25 domains, 34s]
Early stop at 17th iter due to 10 iterations no improvement!
Early stop at 18th iter due to 10 iterations no improvement!
    +4.198 to   +3.525  bound    2.118    0.86x threshold  FALSIFIED  witness pose 96 at 6.3 m, s=-1.0000  [25 domains, 29s]
    +3.525 to   +1.891  bound    1.377    0.56x threshold  FALSIFIED  witness pose 96 at 6.3 m, s=-1.0000  [31 domains, 47s]
    +1.891 to   +1.391  bound    1.457    0.59x threshold  FALSIFIED  witness pose 96 at 6.3 m, s=-1.0000  [27 domains, 34s]
    +1.391 to   +0.779  bound    1.004    0.41x threshold  FALSIFIED  witness pose 96 at 6.3 m, s=-1.0000  [47 domains, 68s]
    +0.779 to   +0.026  bound    0.438    0.18x threshold  FALSIFIED  witness pose 92 at 8.6 m, s=-1.0000  [31 domains, 52s]
    +0.026 to   +0.000  bound   -0.441   -0.18x threshold  FALSIFIED  witness pose 92 at 8.6 m, s=-1.0000  [37 domains, 67s]
    +0.000 to   -0.961  bound    4.431    1.79x threshold  CERTIFIED  [25 domains, 36s]
    -0.961 to  -29.554  bound    4.640    1.87x threshold  CERTIFIED  [25 domains, 27s]
Early stop at 18th iter due to 10 iterations no improvement!
Early stop at 16th iter due to 10 iterations no improvement!
Early stop at 14th iter due to 10 iterations no improvement!
Early stop at 15th iter due to 10 iterations no improvement!
Early stop at 14th iter due to 10 iterations no improvement!
Early stop at 13th iter due to 10 iterations no improvement!
Early stop at 17th iter due to 10 iterations no improvement!
Early stop at 18th iter due to 10 iterations no improvement!
Early stop at 14th iter due to 10 iterations no improvement!
Early stop at 15th iter due to 10 iterations no improvement!
Early stop at 13th iter due to 10 iterations no improvement!
Early stop at 17th iter due to 10 iterations no improvement!
Early stop at 14th iter due to 10 iterations no improvement!
Early stop at 13th iter due to 10 iterations no improvement!
Early stop at 13th iter due to 10 iterations no improvement!
Early stop at 14th iter due to 10 iterations no improvement!
Early stop at 10th iter due to 10 iterations no improvement!
Early stop at 14th iter due to 10 iterations no improvement!
Early stop at 14th iter due to 10 iterations no improvement!
Early stop at 13th iter due to 10 iterations no improvement!
Early stop at 12th iter due to 10 iterations no improvement!
Early stop at 13th iter due to 10 iterations no improvement!
Early stop at 19th iter due to 10 iterations no improvement!
Early stop at 14th iter due to 10 iterations no improvement!
Early stop at 15th iter due to 10 iterations no improvement!
Early stop at 18th iter due to 10 iterations no improvement!
Early stop at 14th iter due to 10 iterations no improvement!
Early stop at 14th iter due to 10 iterations no improvement!
Early stop at 10th iter due to 10 iterations no improvement!
Early stop at 13th iter due to 10 iterations no improvement!
Early stop at 14th iter due to 10 iterations no improvement!
Early stop at 10th iter due to 10 iterations no improvement!
Early stop at 13th iter due to 10 iterations no improvement!
Early stop at 13th iter due to 10 iterations no improvement!
Early stop at 12th iter due to 10 iterations no improvement!
Early stop at 17th iter due to 10 iterations no improvement!
Early stop at 19th iter due to 10 iterations no improvement!
Early stop at 14th iter due to 10 iterations no improvement!
Early stop at 10th iter due to 10 iterations no improvement!
Early stop at 10th iter due to 10 iterations no improvement!
Early stop at 13th iter due to 10 iterations no improvement!
Early stop at 14th iter due to 10 iterations no improvement!
Early stop at 13th iter due to 10 iterations no improvement!
Early stop at 18th iter due to 10 iterations no improvement!
Early stop at 10th iter due to 10 iterations no improvement!
   -29.554 to  -30.000  bound    4.821    1.95x threshold  CERTIFIED  [25 domains, 14s]
/home/za/ad-assurance--workspace/formal-verification--aeb--code/tools/verify.py:189: ResourceWarning: unclosed file <_io.BufferedReader name='/home/za/ad-assurance--workspace/formal-verification--aeb--code/results/models/P_pts_s7_lead.pt'>
  p["model_sha256"] = hashlib.sha256(open(model_path, "rb").read()).hexdigest()
ResourceWarning: Enable tracemalloc to get the object allocation traceback

  6/17 sub-intervals certified, 11 falsified with an exhibited witness, 0 undecided
  wrote results/carla/verify_P_pts_s7_lead.json
