/home/za/ad-assurance--workspace/formal-verification--aeb--code/.venv/lib/python3.12/site-packages/torch/jit/_script.py:1488: DeprecationWarning: `torch.jit.script` is deprecated. Please switch to `torch.compile` or `torch.export`.
  warnings.warn(

P_pts_s4 / ped: 25 poses inside r_req (15.85 m), 17 sub-intervals, threshold 2.476 m/s^2
   +60.000 to  +42.766  bound    4.571    1.85x threshold  CERTIFIED  [25 domains, 35s]
   +42.766 to  +28.397  bound    3.925    1.59x threshold  CERTIFIED  [25 domains, 34s]
   +28.397 to  +18.743  bound    3.723    1.50x threshold  CERTIFIED  [25 domains, 34s]
   +18.743 to  +12.542  bound    2.190    0.88x threshold  FALSIFIED  witness pose 91 at 9.0 m, s=+1.0000  [25 domains, 35s]
   +12.542 to  +10.128  bound    1.373    0.55x threshold  FALSIFIED  witness pose 98 at 5.1 m, s=+0.0000  [25 domains, 32s]
   +10.128 to   +7.715  bound    0.922    0.37x threshold  FALSIFIED  witness pose 100 at 3.9 m, s=-1.0000  [25 domains, 35s]
    +7.715 to   +5.298  bound    1.313    0.53x threshold  FALSIFIED  witness pose 89 at 10.1 m, s=-1.0000  [25 domains, 34s]
Early stop at 15th iter due to 10 iterations no improvement!
Early stop at 12th iter due to 10 iterations no improvement!
    +5.298 to   +4.198  bound    1.505    0.61x threshold  FALSIFIED  witness pose 89 at 10.1 m, s=-1.0000  [25 domains, 29s]
Early stop at 19th iter due to 10 iterations no improvement!
    +4.198 to   +3.525  bound    1.237    0.50x threshold  FALSIFIED  witness pose 100 at 3.9 m, s=-1.0000  [25 domains, 34s]
    +3.525 to   +1.891  bound    0.275    0.11x threshold  FALSIFIED  witness pose 101 at 3.4 m, s=-1.0000  [25 domains, 32s]
    +1.891 to   +1.391  bound    0.439    0.18x threshold  FALSIFIED  witness pose 101 at 3.4 m, s=-1.0000  [25 domains, 34s]
Early stop at 17th iter due to 10 iterations no improvement!
Early stop at 17th iter due to 10 iterations no improvement!
Early stop at 18th iter due to 10 iterations no improvement!
    +1.391 to   +0.779  bound   -0.000   -0.00x threshold  FALSIFIED  witness pose 79 at 15.7 m, s=-1.0000  [27 domains, 43s]
Early stop at 14th iter due to 10 iterations no improvement!
Early stop at 17th iter due to 10 iterations no improvement!
Early stop at 18th iter due to 10 iterations no improvement!
    +0.779 to   +0.026  bound   -0.001   -0.00x threshold  FALSIFIED  witness pose 79 at 15.7 m, s=-1.0000  [27 domains, 36s]
    +0.026 to   +0.000  bound   -0.045   -0.02x threshold  FALSIFIED  witness pose 89 at 10.1 m, s=-1.0000  [25 domains, 40s]
Early stop at 14th iter due to 10 iterations no improvement!
Early stop at 15th iter due to 10 iterations no improvement!
    +0.000 to   -0.961  bound    0.015    0.01x threshold  FALSIFIED  witness pose 80 at 15.1 m, s=-1.0000  [25 domains, 39s]
    -0.961 to  -29.554  bound    0.216    0.09x threshold  FALSIFIED  witness pose 79 at 15.7 m, s=-1.0000  [25 domains, 44s]
Early stop at 13th iter due to 10 iterations no improvement!
Early stop at 14th iter due to 10 iterations no improvement!
Early stop at 16th iter due to 10 iterations no improvement!
Early stop at 14th iter due to 10 iterations no improvement!
Early stop at 15th iter due to 10 iterations no improvement!
Early stop at 14th iter due to 10 iterations no improvement!
Early stop at 10th iter due to 10 iterations no improvement!
Early stop at 17th iter due to 10 iterations no improvement!
Early stop at 10th iter due to 10 iterations no improvement!
Early stop at 18th iter due to 10 iterations no improvement!
Early stop at 18th iter due to 10 iterations no improvement!
Early stop at 14th iter due to 10 iterations no improvement!
Early stop at 14th iter due to 10 iterations no improvement!
Early stop at 16th iter due to 10 iterations no improvement!
Early stop at 12th iter due to 10 iterations no improvement!
Early stop at 10th iter due to 10 iterations no improvement!
Early stop at 12th iter due to 10 iterations no improvement!
Early stop at 15th iter due to 10 iterations no improvement!
Early stop at 15th iter due to 10 iterations no improvement!
Early stop at 15th iter due to 10 iterations no improvement!
Early stop at 16th iter due to 10 iterations no improvement!
Early stop at 13th iter due to 10 iterations no improvement!
Early stop at 17th iter due to 10 iterations no improvement!
Early stop at 13th iter due to 10 iterations no improvement!
Early stop at 13th iter due to 10 iterations no improvement!
Early stop at 15th iter due to 10 iterations no improvement!
Early stop at 10th iter due to 10 iterations no improvement!
Early stop at 16th iter due to 10 iterations no improvement!
Early stop at 13th iter due to 10 iterations no improvement!
Early stop at 10th iter due to 10 iterations no improvement!
Early stop at 10th iter due to 10 iterations no improvement!
Early stop at 10th iter due to 10 iterations no improvement!
Early stop at 19th iter due to 10 iterations no improvement!
Early stop at 19th iter due to 10 iterations no improvement!
Early stop at 15th iter due to 10 iterations no improvement!
Early stop at 10th iter due to 10 iterations no improvement!
Early stop at 14th iter due to 10 iterations no improvement!
Early stop at 10th iter due to 10 iterations no improvement!
Early stop at 13th iter due to 10 iterations no improvement!
Early stop at 10th iter due to 10 iterations no improvement!
Early stop at 16th iter due to 10 iterations no improvement!
Early stop at 17th iter due to 10 iterations no improvement!
Early stop at 14th iter due to 10 iterations no improvement!
   -29.554 to  -30.000  bound    4.879    1.97x threshold  CERTIFIED  [25 domains, 19s]
/home/za/ad-assurance--workspace/formal-verification--aeb--code/tools/verify.py:189: ResourceWarning: unclosed file <_io.BufferedReader name='/home/za/ad-assurance--workspace/formal-verification--aeb--code/results/models/P_pts_s4_ped.pt'>
  p["model_sha256"] = hashlib.sha256(open(model_path, "rb").read()).hexdigest()
ResourceWarning: Enable tracemalloc to get the object allocation traceback

  4/17 sub-intervals certified, 13 falsified with an exhibited witness, 0 undecided
  wrote results/carla/verify_P_pts_s4_ped.json
