/home/za/ad-assurance--workspace/formal-verification--aeb--code/.venv/lib/python3.12/site-packages/torch/jit/_script.py:1488: DeprecationWarning: `torch.jit.script` is deprecated. Please switch to `torch.compile` or `torch.export`.
  warnings.warn(

P_pts_s9 / ped: 25 poses inside r_req (15.85 m), 17 sub-intervals, threshold 2.476 m/s^2
   +60.000 to  +42.766  bound    4.418    1.78x threshold  CERTIFIED  [25 domains, 31s]
Early stop at 14th iter due to 10 iterations no improvement!
   +42.766 to  +28.397  bound    3.224    1.30x threshold  CERTIFIED  [25 domains, 35s]
Early stop at 13th iter due to 10 iterations no improvement!
Early stop at 13th iter due to 10 iterations no improvement!
   +28.397 to  +18.743  bound    2.210    0.89x threshold  FALSIFIED  witness pose 79 at 15.7 m, s=+1.0000  [25 domains, 37s]
Early stop at 14th iter due to 10 iterations no improvement!
   +18.743 to  +12.542  bound    0.917    0.37x threshold  FALSIFIED  witness pose 79 at 15.7 m, s=-1.0000  [25 domains, 35s]
Early stop at 17th iter due to 10 iterations no improvement!
Early stop at 18th iter due to 10 iterations no improvement!
Early stop at 19th iter due to 10 iterations no improvement!
Early stop at 19th iter due to 10 iterations no improvement!
Early stop at 16th iter due to 10 iterations no improvement!
   +12.542 to  +10.128  bound    0.046    0.02x threshold  FALSIFIED  witness pose 79 at 15.7 m, s=-1.0000  [25 domains, 36s]
   +10.128 to   +7.715  bound    0.045    0.02x threshold  FALSIFIED  witness pose 79 at 15.7 m, s=-1.0000  [25 domains, 42s]
    +7.715 to   +5.298  bound    1.938    0.78x threshold  FALSIFIED  witness pose 79 at 15.7 m, s=-1.0000  [25 domains, 42s]
Early stop at 14th iter due to 10 iterations no improvement!
    +5.298 to   +4.198  bound    2.540    1.03x threshold  CERTIFIED  [25 domains, 37s]
Early stop at 13th iter due to 10 iterations no improvement!
    +4.198 to   +3.525  bound    2.110    0.85x threshold  FALSIFIED  witness pose 79 at 15.7 m, s=+0.0000  [25 domains, 38s]
    +3.525 to   +1.891  bound   -0.017   -0.01x threshold  FALSIFIED  witness pose 79 at 15.7 m, s=-1.0000  [27 domains, 44s]
    +1.891 to   +1.391  bound    0.202    0.08x threshold  FALSIFIED  witness pose 79 at 15.7 m, s=-1.0000  [27 domains, 40s]
    +1.391 to   +0.779  bound    0.261    0.11x threshold  FALSIFIED  witness pose 79 at 15.7 m, s=-1.0000  [27 domains, 46s]
    +0.779 to   +0.026  bound   -0.770   -0.31x threshold  FALSIFIED  witness pose 79 at 15.7 m, s=-1.0000  [25 domains, 39s]
Early stop at 15th iter due to 10 iterations no improvement!
    +0.026 to   +0.000  bound   -1.944   -0.79x threshold  FALSIFIED  witness pose 89 at 10.1 m, s=-1.0000  [39 domains, 66s]
Early stop at 14th iter due to 10 iterations no improvement!
    +0.000 to   -0.961  bound    0.760    0.31x threshold  FALSIFIED  witness pose 79 at 15.7 m, s=-1.0000  [25 domains, 36s]
Early stop at 14th iter due to 10 iterations no improvement!
Early stop at 18th iter due to 10 iterations no improvement!
    -0.961 to  -29.554  bound    1.712    0.69x threshold  FALSIFIED  witness pose 79 at 15.7 m, s=-1.0000  [43 domains, 70s]
Early stop at 13th iter due to 10 iterations no improvement!
Early stop at 13th iter due to 10 iterations no improvement!
Early stop at 12th iter due to 10 iterations no improvement!
Early stop at 16th iter due to 10 iterations no improvement!
Early stop at 13th iter due to 10 iterations no improvement!
Early stop at 14th iter due to 10 iterations no improvement!
Early stop at 13th iter due to 10 iterations no improvement!
Early stop at 13th iter due to 10 iterations no improvement!
Early stop at 14th iter due to 10 iterations no improvement!
Early stop at 12th iter due to 10 iterations no improvement!
Early stop at 18th iter due to 10 iterations no improvement!
Early stop at 15th iter due to 10 iterations no improvement!
Early stop at 13th iter due to 10 iterations no improvement!
Early stop at 17th iter due to 10 iterations no improvement!
Early stop at 13th iter due to 10 iterations no improvement!
Early stop at 13th iter due to 10 iterations no improvement!
Early stop at 10th iter due to 10 iterations no improvement!
Early stop at 18th iter due to 10 iterations no improvement!
Early stop at 13th iter due to 10 iterations no improvement!
Early stop at 14th iter due to 10 iterations no improvement!
Early stop at 14th iter due to 10 iterations no improvement!
Early stop at 14th iter due to 10 iterations no improvement!
Early stop at 17th iter due to 10 iterations no improvement!
Early stop at 14th iter due to 10 iterations no improvement!
Early stop at 12th iter due to 10 iterations no improvement!
Early stop at 17th iter due to 10 iterations no improvement!
Early stop at 15th iter due to 10 iterations no improvement!
Early stop at 16th iter due to 10 iterations no improvement!
Early stop at 13th iter due to 10 iterations no improvement!
Early stop at 19th iter due to 10 iterations no improvement!
Early stop at 13th iter due to 10 iterations no improvement!
Early stop at 13th iter due to 10 iterations no improvement!
Early stop at 15th iter due to 10 iterations no improvement!
Early stop at 18th iter due to 10 iterations no improvement!
Early stop at 14th iter due to 10 iterations no improvement!
Early stop at 14th iter due to 10 iterations no improvement!
Early stop at 13th iter due to 10 iterations no improvement!
Early stop at 12th iter due to 10 iterations no improvement!
Early stop at 12th iter due to 10 iterations no improvement!
Early stop at 18th iter due to 10 iterations no improvement!
   -29.554 to  -30.000  bound    5.018    2.03x threshold  CERTIFIED  [25 domains, 15s]
/home/za/ad-assurance--workspace/formal-verification--aeb--code/tools/verify.py:189: ResourceWarning: unclosed file <_io.BufferedReader name='/home/za/ad-assurance--workspace/formal-verification--aeb--code/results/models/P_pts_s9_ped.pt'>
  p["model_sha256"] = hashlib.sha256(open(model_path, "rb").read()).hexdigest()
ResourceWarning: Enable tracemalloc to get the object allocation traceback

  4/17 sub-intervals certified, 13 falsified with an exhibited witness, 0 undecided
  wrote results/carla/verify_P_pts_s9_ped.json
