/home/za/ad-assurance--workspace/formal-verification--aeb--code/.venv/lib/python3.12/site-packages/torch/jit/_script.py:1488: DeprecationWarning: `torch.jit.script` is deprecated. Please switch to `torch.compile` or `torch.export`.
  warnings.warn(

P_pts_s5 / ped: 25 poses inside r_req (15.85 m), 17 sub-intervals, threshold 2.476 m/s^2
Early stop at 17th iter due to 10 iterations no improvement!
Early stop at 14th iter due to 10 iterations no improvement!
Early stop at 19th iter due to 10 iterations no improvement!
Early stop at 18th iter due to 10 iterations no improvement!
   +60.000 to  +42.766  bound    4.549    1.84x threshold  CERTIFIED  [25 domains, 33s]
   +42.766 to  +28.397  bound    3.682    1.49x threshold  CERTIFIED  [25 domains, 37s]
   +28.397 to  +18.743  bound    2.842    1.15x threshold  CERTIFIED  [25 domains, 37s]
   +18.743 to  +12.542  bound    1.902    0.77x threshold  FALSIFIED  witness pose 94 at 7.3 m, s=+1.0000  [25 domains, 38s]
   +12.542 to  +10.128  bound    1.069    0.43x threshold  FALSIFIED  witness pose 94 at 7.3 m, s=-1.0000  [25 domains, 34s]
   +10.128 to   +7.715  bound    0.746    0.30x threshold  FALSIFIED  witness pose 79 at 15.7 m, s=-1.0000  [25 domains, 41s]
    +7.715 to   +5.298  bound    0.536    0.22x threshold  FALSIFIED  witness pose 79 at 15.7 m, s=-1.0000  [25 domains, 41s]
    +5.298 to   +4.198  bound    0.473    0.19x threshold  FALSIFIED  witness pose 79 at 15.7 m, s=-1.0000  [25 domains, 39s]
Early stop at 14th iter due to 10 iterations no improvement!
Early stop at 15th iter due to 10 iterations no improvement!
    +4.198 to   +3.525  bound    0.416    0.17x threshold  FALSIFIED  witness pose 79 at 15.7 m, s=-1.0000  [25 domains, 34s]
Early stop at 14th iter due to 10 iterations no improvement!
Early stop at 14th iter due to 10 iterations no improvement!
    +3.525 to   +1.891  bound   -0.298   -0.12x threshold  FALSIFIED  witness pose 79 at 15.7 m, s=-1.0000  [79 domains, 113s]
Early stop at 14th iter due to 10 iterations no improvement!
Early stop at 14th iter due to 10 iterations no improvement!
    +1.891 to   +1.391  bound    0.096    0.04x threshold  FALSIFIED  witness pose 79 at 15.7 m, s=-1.0000  [31 domains, 50s]
    +1.391 to   +0.779  bound   -0.013   -0.01x threshold  FALSIFIED  witness pose 79 at 15.7 m, s=-1.0000  [53 domains, 94s]
    +0.779 to   +0.026  bound   -0.282   -0.11x threshold  FALSIFIED  witness pose 79 at 15.7 m, s=-1.0000  [27 domains, 51s]
    +0.026 to   +0.000  bound   -3.521   -1.42x threshold  FALSIFIED  witness pose 95 at 6.7 m, s=-1.0000  [41 domains, 57s]
Early stop at 14th iter due to 10 iterations no improvement!
Early stop at 17th iter due to 10 iterations no improvement!
    +0.000 to   -0.961  bound    1.342    0.54x threshold  FALSIFIED  witness pose 81 at 14.6 m, s=-1.0000  [25 domains, 32s]
    -0.961 to  -29.554  bound    0.579    0.23x threshold  FALSIFIED  witness pose 82 at 14.0 m, s=-1.0000  [61 domains, 73s]
Early stop at 15th iter due to 10 iterations no improvement!
Early stop at 16th iter due to 10 iterations no improvement!
Early stop at 15th iter due to 10 iterations no improvement!
Early stop at 14th iter due to 10 iterations no improvement!
Early stop at 13th iter due to 10 iterations no improvement!
Early stop at 17th iter due to 10 iterations no improvement!
Early stop at 15th iter due to 10 iterations no improvement!
Early stop at 13th iter due to 10 iterations no improvement!
Early stop at 14th iter due to 10 iterations no improvement!
Early stop at 18th iter due to 10 iterations no improvement!
Early stop at 18th iter due to 10 iterations no improvement!
Early stop at 18th iter due to 10 iterations no improvement!
Early stop at 17th iter due to 10 iterations no improvement!
Early stop at 15th iter due to 10 iterations no improvement!
Early stop at 13th iter due to 10 iterations no improvement!
Early stop at 13th iter due to 10 iterations no improvement!
Early stop at 15th iter due to 10 iterations no improvement!
Early stop at 14th iter due to 10 iterations no improvement!
Early stop at 10th iter due to 10 iterations no improvement!
Early stop at 15th iter due to 10 iterations no improvement!
Early stop at 14th iter due to 10 iterations no improvement!
Early stop at 13th iter due to 10 iterations no improvement!
Early stop at 10th iter due to 10 iterations no improvement!
Early stop at 19th iter due to 10 iterations no improvement!
Early stop at 12th iter due to 10 iterations no improvement!
Early stop at 10th iter due to 10 iterations no improvement!
Early stop at 10th iter due to 10 iterations no improvement!
Early stop at 13th iter due to 10 iterations no improvement!
Early stop at 12th iter due to 10 iterations no improvement!
Early stop at 13th iter due to 10 iterations no improvement!
Early stop at 19th iter due to 10 iterations no improvement!
Early stop at 15th iter due to 10 iterations no improvement!
Early stop at 13th iter due to 10 iterations no improvement!
Early stop at 14th iter due to 10 iterations no improvement!
Early stop at 18th iter due to 10 iterations no improvement!
Early stop at 14th iter due to 10 iterations no improvement!
Early stop at 18th iter due to 10 iterations no improvement!
Early stop at 10th iter due to 10 iterations no improvement!
Early stop at 18th iter due to 10 iterations no improvement!
Early stop at 13th iter due to 10 iterations no improvement!
Early stop at 13th iter due to 10 iterations no improvement!
Early stop at 17th iter due to 10 iterations no improvement!
Early stop at 10th iter due to 10 iterations no improvement!
Early stop at 13th iter due to 10 iterations no improvement!
Early stop at 13th iter due to 10 iterations no improvement!
   -29.554 to  -30.000  bound    4.886    1.97x threshold  CERTIFIED  [25 domains, 13s]
/home/za/ad-assurance--workspace/formal-verification--aeb--code/tools/verify.py:189: ResourceWarning: unclosed file <_io.BufferedReader name='/home/za/ad-assurance--workspace/formal-verification--aeb--code/results/models/P_pts_s5_ped.pt'>
  p["model_sha256"] = hashlib.sha256(open(model_path, "rb").read()).hexdigest()
ResourceWarning: Enable tracemalloc to get the object allocation traceback

  4/17 sub-intervals certified, 13 falsified with an exhibited witness, 0 undecided
  wrote results/carla/verify_P_pts_s5_ped.json
