/home/za/ad-assurance--workspace/formal-verification--aeb--code/.venv/lib/python3.12/site-packages/torch/jit/_script.py:1488: DeprecationWarning: `torch.jit.script` is deprecated. Please switch to `torch.compile` or `torch.export`.
  warnings.warn(

P_pts_s4 / lead: 25 poses inside r_req (15.85 m), 17 sub-intervals, threshold 2.476 m/s^2
Early stop at 15th iter due to 10 iterations no improvement!
Early stop at 19th iter due to 10 iterations no improvement!
Early stop at 14th iter due to 10 iterations no improvement!
Early stop at 16th iter due to 10 iterations no improvement!
   +60.000 to  +42.766  bound    1.476    0.60x threshold  FALSIFIED  witness pose 102 at 3.0 m, s=+1.0000  [25 domains, 35s]
Early stop at 14th iter due to 10 iterations no improvement!
Early stop at 12th iter due to 10 iterations no improvement!
   +42.766 to  +28.397  bound    1.487    0.60x threshold  FALSIFIED  witness pose 102 at 3.0 m, s=-1.0000  [25 domains, 35s]
Early stop at 19th iter due to 10 iterations no improvement!
Early stop at 14th iter due to 10 iterations no improvement!
Early stop at 15th iter due to 10 iterations no improvement!
   +28.397 to  +18.743  bound    3.083    1.25x threshold  CERTIFIED  [25 domains, 33s]
   +18.743 to  +12.542  bound    1.562    0.63x threshold  FALSIFIED  witness pose 103 at 2.4 m, s=+0.0000  [25 domains, 35s]
Early stop at 17th iter due to 10 iterations no improvement!
Early stop at 16th iter due to 10 iterations no improvement!
Early stop at 19th iter due to 10 iterations no improvement!
Early stop at 15th iter due to 10 iterations no improvement!
Early stop at 19th iter due to 10 iterations no improvement!
Early stop at 15th iter due to 10 iterations no improvement!
Early stop at 16th iter due to 10 iterations no improvement!
Early stop at 18th iter due to 10 iterations no improvement!
Early stop at 17th iter due to 10 iterations no improvement!
Early stop at 19th iter due to 10 iterations no improvement!
Early stop at 18th iter due to 10 iterations no improvement!
   +12.542 to  +10.128  bound    0.691    0.28x threshold  FALSIFIED  witness pose 103 at 2.4 m, s=-1.0000  [25 domains, 31s]
Early stop at 14th iter due to 10 iterations no improvement!
Early stop at 14th iter due to 10 iterations no improvement!
   +10.128 to   +7.715  bound    0.489    0.20x threshold  FALSIFIED  witness pose 103 at 2.4 m, s=-1.0000  [25 domains, 35s]
Early stop at 14th iter due to 10 iterations no improvement!
    +7.715 to   +5.298  bound    1.074    0.43x threshold  FALSIFIED  witness pose 102 at 3.0 m, s=-1.0000  [25 domains, 36s]
Early stop at 14th iter due to 10 iterations no improvement!
    +5.298 to   +4.198  bound    2.110    0.85x threshold  FALSIFIED  witness pose 101 at 3.5 m, s=-1.0000  [25 domains, 29s]
Early stop at 13th iter due to 10 iterations no improvement!
Early stop at 14th iter due to 10 iterations no improvement!
Early stop at 12th iter due to 10 iterations no improvement!
    +4.198 to   +3.525  bound    2.074    0.84x threshold  FALSIFIED  witness pose 101 at 3.5 m, s=-1.0000  [25 domains, 33s]
Early stop at 13th iter due to 10 iterations no improvement!
    +3.525 to   +1.891  bound    0.964    0.39x threshold  FALSIFIED  witness pose 79 at 15.8 m, s=-1.0000  [53 domains, 71s]
    +1.891 to   +1.391  bound    0.928    0.37x threshold  FALSIFIED  witness pose 79 at 15.8 m, s=-1.0000  [31 domains, 44s]
Early stop at 14th iter due to 10 iterations no improvement!
Early stop at 17th iter due to 10 iterations no improvement!
    +1.391 to   +0.779  bound    0.502    0.20x threshold  FALSIFIED  witness pose 82 at 14.1 m, s=-1.0000  [37 domains, 52s]
    +0.779 to   +0.026  bound    0.311    0.13x threshold  FALSIFIED  witness pose 89 at 10.2 m, s=-1.0000  [27 domains, 39s]
    +0.026 to   +0.000  bound   -0.036   -0.01x threshold  FALSIFIED  witness pose 92 at 8.6 m, s=-1.0000  [31 domains, 54s]
    +0.000 to   -0.961  bound    4.541    1.83x threshold  CERTIFIED  [25 domains, 30s]
    -0.961 to  -29.554  bound    4.676    1.89x threshold  CERTIFIED  [25 domains, 25s]
Early stop at 14th iter due to 10 iterations no improvement!
Early stop at 15th iter due to 10 iterations no improvement!
Early stop at 14th iter due to 10 iterations no improvement!
Early stop at 15th iter due to 10 iterations no improvement!
Early stop at 13th iter due to 10 iterations no improvement!
Early stop at 14th iter due to 10 iterations no improvement!
Early stop at 15th iter due to 10 iterations no improvement!
Early stop at 13th iter due to 10 iterations no improvement!
Early stop at 14th iter due to 10 iterations no improvement!
Early stop at 13th iter due to 10 iterations no improvement!
Early stop at 14th iter due to 10 iterations no improvement!
Early stop at 14th iter due to 10 iterations no improvement!
Early stop at 13th iter due to 10 iterations no improvement!
Early stop at 10th iter due to 10 iterations no improvement!
Early stop at 15th iter due to 10 iterations no improvement!
Early stop at 10th iter due to 10 iterations no improvement!
Early stop at 13th iter due to 10 iterations no improvement!
Early stop at 14th iter due to 10 iterations no improvement!
Early stop at 14th iter due to 10 iterations no improvement!
Early stop at 13th iter due to 10 iterations no improvement!
Early stop at 14th iter due to 10 iterations no improvement!
Early stop at 14th iter due to 10 iterations no improvement!
Early stop at 16th iter due to 10 iterations no improvement!
Early stop at 13th iter due to 10 iterations no improvement!
Early stop at 17th iter due to 10 iterations no improvement!
Early stop at 13th iter due to 10 iterations no improvement!
Early stop at 14th iter due to 10 iterations no improvement!
Early stop at 12th iter due to 10 iterations no improvement!
Early stop at 14th iter due to 10 iterations no improvement!
Early stop at 12th iter due to 10 iterations no improvement!
Early stop at 13th iter due to 10 iterations no improvement!
Early stop at 13th iter due to 10 iterations no improvement!
Early stop at 13th iter due to 10 iterations no improvement!
Early stop at 10th iter due to 10 iterations no improvement!
Early stop at 13th iter due to 10 iterations no improvement!
Early stop at 13th iter due to 10 iterations no improvement!
Early stop at 13th iter due to 10 iterations no improvement!
Early stop at 12th iter due to 10 iterations no improvement!
Early stop at 16th iter due to 10 iterations no improvement!
Early stop at 10th iter due to 10 iterations no improvement!
Early stop at 13th iter due to 10 iterations no improvement!
Early stop at 14th iter due to 10 iterations no improvement!
Early stop at 13th iter due to 10 iterations no improvement!
Early stop at 10th iter due to 10 iterations no improvement!
Early stop at 14th iter due to 10 iterations no improvement!
Early stop at 12th iter due to 10 iterations no improvement!
Early stop at 14th iter due to 10 iterations no improvement!
   -29.554 to  -30.000  bound    4.837    1.95x threshold  CERTIFIED  [25 domains, 14s]
/home/za/ad-assurance--workspace/formal-verification--aeb--code/tools/verify.py:189: ResourceWarning: unclosed file <_io.BufferedReader name='/home/za/ad-assurance--workspace/formal-verification--aeb--code/results/models/P_pts_s4_lead.pt'>
  p["model_sha256"] = hashlib.sha256(open(model_path, "rb").read()).hexdigest()
ResourceWarning: Enable tracemalloc to get the object allocation traceback

  4/17 sub-intervals certified, 13 falsified with an exhibited witness, 0 undecided
  wrote results/carla/verify_P_pts_s4_lead.json
