/home/za/ad-assurance--workspace/formal-verification--aeb--code/.venv/lib/python3.12/site-packages/torch/jit/_script.py:1488: DeprecationWarning: `torch.jit.script` is deprecated. Please switch to `torch.compile` or `torch.export`.
  warnings.warn(

P_pts3_s9 / lead: 25 poses inside r_req (15.85 m), 17 sub-intervals, threshold 2.476 m/s^2
Early stop at 14th iter due to 10 iterations no improvement!
Early stop at 15th iter due to 10 iterations no improvement!
Early stop at 17th iter due to 10 iterations no improvement!
Early stop at 18th iter due to 10 iterations no improvement!
Early stop at 19th iter due to 10 iterations no improvement!
Early stop at 17th iter due to 10 iterations no improvement!
Early stop at 16th iter due to 10 iterations no improvement!
Early stop at 17th iter due to 10 iterations no improvement!
   +60.000 to  +42.766  bound    0.096    0.04x threshold  FALSIFIED  witness pose 100 at 4.1 m, s=+0.0000  [25 domains, 36s]
Early stop at 19th iter due to 10 iterations no improvement!
   +42.766 to  +28.397  bound    0.095    0.04x threshold  FALSIFIED  witness pose 100 at 4.1 m, s=-1.0000  [25 domains, 40s]
Early stop at 19th iter due to 10 iterations no improvement!
Early stop at 16th iter due to 10 iterations no improvement!
Early stop at 13th iter due to 10 iterations no improvement!
Early stop at 17th iter due to 10 iterations no improvement!
Early stop at 15th iter due to 10 iterations no improvement!
Early stop at 14th iter due to 10 iterations no improvement!
Early stop at 15th iter due to 10 iterations no improvement!
   +28.397 to  +18.743  bound    2.625    1.06x threshold  CERTIFIED  [25 domains, 37s]
Early stop at 18th iter due to 10 iterations no improvement!
Early stop at 18th iter due to 10 iterations no improvement!
   +18.743 to  +12.542  bound    2.276    0.92x threshold  FALSIFIED  witness pose 99 at 4.6 m, s=+1.0000  [25 domains, 38s]
Early stop at 17th iter due to 10 iterations no improvement!
Early stop at 18th iter due to 10 iterations no improvement!
Early stop at 16th iter due to 10 iterations no improvement!
Early stop at 19th iter due to 10 iterations no improvement!
Early stop at 16th iter due to 10 iterations no improvement!
Early stop at 19th iter due to 10 iterations no improvement!
   +12.542 to  +10.128  bound    1.667    0.67x threshold  FALSIFIED  witness pose 98 at 5.2 m, s=-1.0000  [25 domains, 34s]
Early stop at 18th iter due to 10 iterations no improvement!
Early stop at 19th iter due to 10 iterations no improvement!
Early stop at 16th iter due to 10 iterations no improvement!
Early stop at 18th iter due to 10 iterations no improvement!
   +10.128 to   +7.715  bound    1.650    0.67x threshold  FALSIFIED  witness pose 103 at 2.4 m, s=-1.0000  [29 domains, 44s]
    +7.715 to   +5.298  bound    2.096    0.85x threshold  FALSIFIED  witness pose 97 at 5.8 m, s=-1.0000  [35 domains, 54s]
Early stop at 16th iter due to 10 iterations no improvement!
    +5.298 to   +4.198  bound    2.043    0.83x threshold  FALSIFIED  witness pose 96 at 6.3 m, s=+0.0000  [25 domains, 36s]
Early stop at 14th iter due to 10 iterations no improvement!
    +4.198 to   +3.525  bound    1.844    0.74x threshold  FALSIFIED  witness pose 96 at 6.3 m, s=-1.0000  [25 domains, 35s]
    +3.525 to   +1.891  bound    0.960    0.39x threshold  FALSIFIED  witness pose 96 at 6.3 m, s=-1.0000  [37 domains, 60s]
Early stop at 19th iter due to 10 iterations no improvement!
    +1.891 to   +1.391  bound    1.530    0.62x threshold  FALSIFIED  witness pose 96 at 6.3 m, s=-1.0000  [31 domains, 49s]
    +1.391 to   +0.779  bound    0.905    0.37x threshold  FALSIFIED  witness pose 85 at 12.5 m, s=-1.0000  [25 domains, 42s]
    +0.779 to   +0.026  bound    0.062    0.03x threshold  FALSIFIED  witness pose 81 at 14.7 m, s=-1.0000  [25 domains, 43s]
    +0.026 to   +0.000  bound   -0.071   -0.03x threshold  FALSIFIED  witness pose 93 at 8.0 m, s=-1.0000  [25 domains, 44s]
Early stop at 18th iter due to 10 iterations no improvement!
    +0.000 to   -0.961  bound    3.971    1.60x threshold  CERTIFIED  [25 domains, 34s]
    -0.961 to  -29.554  bound    4.047    1.63x threshold  CERTIFIED  [25 domains, 39s]
Early stop at 13th iter due to 10 iterations no improvement!
Early stop at 13th iter due to 10 iterations no improvement!
Early stop at 14th iter due to 10 iterations no improvement!
Early stop at 16th iter due to 10 iterations no improvement!
Early stop at 13th iter due to 10 iterations no improvement!
Early stop at 13th iter due to 10 iterations no improvement!
Early stop at 14th iter due to 10 iterations no improvement!
Early stop at 13th iter due to 10 iterations no improvement!
Early stop at 13th iter due to 10 iterations no improvement!
Early stop at 13th iter due to 10 iterations no improvement!
Early stop at 13th iter due to 10 iterations no improvement!
Early stop at 10th iter due to 10 iterations no improvement!
Early stop at 13th iter due to 10 iterations no improvement!
Early stop at 10th iter due to 10 iterations no improvement!
Early stop at 10th iter due to 10 iterations no improvement!
Early stop at 14th iter due to 10 iterations no improvement!
Early stop at 13th iter due to 10 iterations no improvement!
Early stop at 14th iter due to 10 iterations no improvement!
Early stop at 13th iter due to 10 iterations no improvement!
Early stop at 17th iter due to 10 iterations no improvement!
Early stop at 12th iter due to 10 iterations no improvement!
Early stop at 14th iter due to 10 iterations no improvement!
Early stop at 14th iter due to 10 iterations no improvement!
Early stop at 17th iter due to 10 iterations no improvement!
Early stop at 14th iter due to 10 iterations no improvement!
Early stop at 12th iter due to 10 iterations no improvement!
Early stop at 13th iter due to 10 iterations no improvement!
Early stop at 13th iter due to 10 iterations no improvement!
Early stop at 18th iter due to 10 iterations no improvement!
Early stop at 13th iter due to 10 iterations no improvement!
Early stop at 10th iter due to 10 iterations no improvement!
Early stop at 12th iter due to 10 iterations no improvement!
Early stop at 10th iter due to 10 iterations no improvement!
Early stop at 13th iter due to 10 iterations no improvement!
Early stop at 18th iter due to 10 iterations no improvement!
Early stop at 10th iter due to 10 iterations no improvement!
Early stop at 10th iter due to 10 iterations no improvement!
Early stop at 13th iter due to 10 iterations no improvement!
Early stop at 13th iter due to 10 iterations no improvement!
Early stop at 10th iter due to 10 iterations no improvement!
Early stop at 15th iter due to 10 iterations no improvement!
Early stop at 13th iter due to 10 iterations no improvement!
Early stop at 10th iter due to 10 iterations no improvement!
Early stop at 12th iter due to 10 iterations no improvement!
Early stop at 13th iter due to 10 iterations no improvement!
   -29.554 to  -30.000  bound    4.823    1.95x threshold  CERTIFIED  [25 domains, 16s]
/home/za/ad-assurance--workspace/formal-verification--aeb--code/tools/verify.py:189: ResourceWarning: unclosed file <_io.BufferedReader name='/home/za/ad-assurance--workspace/formal-verification--aeb--code/results/models/P_pts3_s9_lead.pt'>
  p["model_sha256"] = hashlib.sha256(open(model_path, "rb").read()).hexdigest()
ResourceWarning: Enable tracemalloc to get the object allocation traceback

  4/17 sub-intervals certified, 13 falsified with an exhibited witness, 0 undecided
  wrote results/carla/verify_P_pts3_s9_lead.json
