  before equalising: {'P_pts': 416, 'P_cont': 6032, 'P_pts3': 624} frames

P_pts: 6032 samples from 2 knots, 750 braking
    P_pts teacher epoch   0  mse 7.15234
    P_pts teacher epoch  10  mse 0.34422
    P_pts teacher epoch  20  mse 0.22142
    P_pts teacher epoch  30  mse 0.02248
    P_pts teacher epoch  40  mse 0.00043
    P_pts teacher epoch  50  mse 0.00138
    P_pts teacher epoch  59  mse 0.00021
    P_pts student epoch   0  mse 5.11080
    P_pts student epoch  10  mse 0.04717
    P_pts student epoch  20  mse 0.04081
    P_pts student epoch  30  mse 0.00180
    P_pts student epoch  40  mse 0.00912
    P_pts student epoch  50  mse 0.00461
    P_pts student epoch  59  mse 0.01071
  P_pts: student 310145 params, train MAE 0.0434 m/s^2 -> P_pts_ped.pt
    weights_sha256 f00cf03399f0b0309b025788dd5c5c98096d228d81dbe3e3143136f2777e736b

P_cont: 6032 samples from 29 knots, 725 braking
    P_cont teacher epoch   0  mse 6.86478
    P_cont teacher epoch  10  mse 0.56542
    P_cont teacher epoch  20  mse 0.16452
    P_cont teacher epoch  30  mse 0.14189
    P_cont teacher epoch  40  mse 0.12455
    P_cont teacher epoch  50  mse 0.16247
    P_cont teacher epoch  59  mse 0.06872
    P_cont student epoch   0  mse 4.44751
    P_cont student epoch  10  mse 0.42311
    P_cont student epoch  20  mse 0.11965
    P_cont student epoch  30  mse 0.06068
    P_cont student epoch  40  mse 0.03533
    P_cont student epoch  50  mse 0.02582
    P_cont student epoch  59  mse 0.02513
  P_cont: student 310145 params, train MAE 0.0993 m/s^2 -> P_cont_ped.pt
    weights_sha256 e2449f171bffe13a4ef85aef25dfe1874704f1a0cff932fcc229697c25d3fa6f

P_pts3: 6032 samples from 2 knots, 725 braking
    P_pts3 teacher epoch   0  mse 7.28741
    P_pts3 teacher epoch  10  mse 0.76081
    P_pts3 teacher epoch  20  mse 0.00584
    P_pts3 teacher epoch  30  mse 0.00374
    P_pts3 teacher epoch  40  mse 0.00101
    P_pts3 teacher epoch  50  mse 0.01009
    P_pts3 teacher epoch  59  mse 0.11136
    P_pts3 student epoch   0  mse 5.27444
    P_pts3 student epoch  10  mse 0.08754
    P_pts3 student epoch  20  mse 0.01892
    P_pts3 student epoch  30  mse 0.00534
    P_pts3 student epoch  40  mse 0.04103
    P_pts3 student epoch  50  mse 0.02529
    P_pts3 student epoch  59  mse 0.02190
  P_pts3: student 310145 params, train MAE 0.1007 m/s^2 -> P_pts3_ped.pt
    weights_sha256 ffc748a44b900c98c76ae72a5df21ccf726b0103fac051ea4060f2071eb460b0

  wrote /home/za/ad-assurance--workspace/formal-verification--aeb--code/results/carla/Town01/training_ped.json  (77 s)
