/home/za/ad-assurance--workspace/formal-verification--aeb--code/.venv/lib/python3.12/site-packages/torch/jit/_script.py:1488: DeprecationWarning: `torch.jit.script` is deprecated. Please switch to `torch.compile` or `torch.export`.
  warnings.warn(

P_pts3 / lead: property S over 25 of 104 poses, 2.40 to 15.82 m (range <= r_req), 13 sub-intervals, threshold 2.476 m/s^2
Early stop at 14th iter due to 10 iterations no improvement!
Early stop at 15th iter due to 10 iterations no improvement!
Early stop at 12th iter due to 10 iterations no improvement!
Early stop at 13th iter due to 10 iterations no improvement!
   +60.000 to  +39.977  bound    3.740    1.51x threshold  CERTIFIED  [25 domains, 41s]
Early stop at 16th iter due to 10 iterations no improvement!
Early stop at 17th iter due to 10 iterations no improvement!
Early stop at 17th iter due to 10 iterations no improvement!
Early stop at 14th iter due to 10 iterations no improvement!
   +39.977 to  +26.523  bound    3.672    1.48x threshold  CERTIFIED  [25 domains, 43s]
Early stop at 15th iter due to 10 iterations no improvement!
   +26.523 to  +17.484  bound    4.577    1.85x threshold  CERTIFIED  [25 domains, 45s]
   +17.484 to  +10.084  bound    2.149    0.87x threshold  FALSIFIED  witness pose 103 at 2.4 m, s=+1.0000  [25 domains, 50s]
Early stop at 14th iter due to 10 iterations no improvement!
   +10.084 to   +5.990  bound    1.695    0.68x threshold  FALSIFIED  witness pose 102 at 3.0 m, s=-1.0000  [63 domains, 98s]
    +5.990 to   +4.375  bound    2.175    0.88x threshold  FALSIFIED  witness pose 79 at 15.8 m, s=+0.0000  [25 domains, 33s]
Early stop at 17th iter due to 10 iterations no improvement!
    +4.375 to   +2.967  bound    1.718    0.69x threshold  FALSIFIED  witness pose 79 at 15.8 m, s=-1.0000  [37 domains, 46s]
    +2.967 to   +1.465  bound    0.079    0.03x threshold  FALSIFIED  witness pose 79 at 15.8 m, s=-1.0000  [49 domains, 76s]
    +1.465 to   +0.241  bound   -0.178   -0.07x threshold  FALSIFIED  witness pose 82 at 14.1 m, s=-1.0000  [31 domains, 50s]
Early stop at 15th iter due to 10 iterations no improvement!
    +0.241 to   +0.000  bound   -0.398   -0.16x threshold  FALSIFIED  witness pose 92 at 8.6 m, s=-1.0000  [33 domains, 55s]
    +0.000 to   -1.422  bound    4.055    1.64x threshold  CERTIFIED  [25 domains, 41s]
    -1.422 to  -29.561  bound    3.926    1.59x threshold  CERTIFIED  [25 domains, 41s]
Early stop at 14th iter due to 10 iterations no improvement!
Early stop at 14th iter due to 10 iterations no improvement!
Early stop at 14th iter due to 10 iterations no improvement!
Early stop at 15th iter due to 10 iterations no improvement!
Early stop at 13th iter due to 10 iterations no improvement!
Early stop at 13th iter due to 10 iterations no improvement!
Early stop at 10th iter due to 10 iterations no improvement!
Early stop at 15th iter due to 10 iterations no improvement!
Early stop at 13th iter due to 10 iterations no improvement!
Early stop at 14th iter due to 10 iterations no improvement!
Early stop at 14th iter due to 10 iterations no improvement!
Early stop at 10th iter due to 10 iterations no improvement!
Early stop at 13th iter due to 10 iterations no improvement!
Early stop at 15th iter due to 10 iterations no improvement!
Early stop at 10th iter due to 10 iterations no improvement!
Early stop at 13th iter due to 10 iterations no improvement!
Early stop at 10th iter due to 10 iterations no improvement!
Early stop at 16th iter due to 10 iterations no improvement!
Early stop at 14th iter due to 10 iterations no improvement!
Early stop at 12th iter due to 10 iterations no improvement!
Early stop at 14th iter due to 10 iterations no improvement!
Early stop at 10th iter due to 10 iterations no improvement!
Early stop at 14th iter due to 10 iterations no improvement!
Early stop at 13th iter due to 10 iterations no improvement!
Early stop at 13th iter due to 10 iterations no improvement!
Early stop at 13th iter due to 10 iterations no improvement!
Early stop at 13th iter due to 10 iterations no improvement!
Early stop at 13th iter due to 10 iterations no improvement!
Early stop at 16th iter due to 10 iterations no improvement!
Early stop at 15th iter due to 10 iterations no improvement!
Early stop at 16th iter due to 10 iterations no improvement!
Early stop at 13th iter due to 10 iterations no improvement!
Early stop at 10th iter due to 10 iterations no improvement!
Early stop at 15th iter due to 10 iterations no improvement!
Early stop at 10th iter due to 10 iterations no improvement!
Early stop at 12th iter due to 10 iterations no improvement!
Early stop at 15th iter due to 10 iterations no improvement!
Early stop at 10th iter due to 10 iterations no improvement!
Early stop at 14th iter due to 10 iterations no improvement!
Early stop at 16th iter due to 10 iterations no improvement!
Early stop at 10th iter due to 10 iterations no improvement!
Early stop at 12th iter due to 10 iterations no improvement!
Early stop at 10th iter due to 10 iterations no improvement!
Early stop at 13th iter due to 10 iterations no improvement!
Early stop at 14th iter due to 10 iterations no improvement!
Early stop at 14th iter due to 10 iterations no improvement!
   -29.561 to  -30.000  bound    4.843    1.96x threshold  CERTIFIED  [25 domains, 21s]
/home/za/ad-assurance--workspace/formal-verification--aeb--code/tools/verify.py:189: ResourceWarning: unclosed file <_io.BufferedReader name='/home/za/ad-assurance--workspace/formal-verification--aeb--code/results/models/Town01/P_pts3_lead.pt'>
  p["model_sha256"] = hashlib.sha256(open(model_path, "rb").read()).hexdigest()
ResourceWarning: Enable tracemalloc to get the object allocation traceback

  6/13 sub-intervals certified, 7 falsified with an exhibited witness, 0 undecided
  by SPAN over the covered axis (89.759 deg): 72.516 deg certified (80.8%), 17.243 falsified, 0.000 undecided  [F27]
  wrote results/carla/Town01/verify_P_pts3_lead.json
