/home/za/ad-assurance--workspace/formal-verification--aeb--code/.venv/lib/python3.12/site-packages/torch/jit/_script.py:1488: DeprecationWarning: `torch.jit.script` is deprecated. Please switch to `torch.compile` or `torch.export`.
  warnings.warn(

P_pts / ped: 25 poses inside r_req (15.85 m), 17 sub-intervals, threshold 2.476 m/s^2
Early stop at 17th iter due to 10 iterations no improvement!
Early stop at 16th iter due to 10 iterations no improvement!
Early stop at 15th iter due to 10 iterations no improvement!
   +60.000 to  +42.766  bound    4.502    1.82x threshold  CERTIFIED  [25 domains, 39s]
Early stop at 16th iter due to 10 iterations no improvement!
Early stop at 15th iter due to 10 iterations no improvement!
Early stop at 17th iter due to 10 iterations no improvement!
   +42.766 to  +28.397  bound    2.966    1.20x threshold  CERTIFIED  [25 domains, 41s]
[W907 05:26:37.597907240 CUDACachingAllocator.cpp:3933] memory allocation failed with OOM on device 0 while trying to allocate 643825664 bytes (free: 955318272, total: 33661911040).
Early stop at 15th iter due to 10 iterations no improvement!
[W907 05:26:59.765516404 CUDACachingAllocator.cpp:3933] memory allocation failed with OOM on device 0 while trying to allocate 689963008 bytes (free: 825294848, total: 33661911040).
   +28.397 to  +18.743  bound    2.222    0.90x threshold  FALSIFIED  witness pose 79 at 15.7 m, s=+1.0000  [25 domains, 44s]
[W907 05:27:15.676685665 CUDACachingAllocator.cpp:3933] memory allocation failed with OOM on device 0 while trying to allocate 729808896 bytes (free: 867237888, total: 33661911040).
Early stop at 16th iter due to 10 iterations no improvement!
   +18.743 to  +12.542  bound    1.170    0.47x threshold  FALSIFIED  witness pose 79 at 15.7 m, s=-1.0000  [25 domains, 48s]
   +12.542 to  +10.128  bound   -0.308   -0.12x threshold  FALSIFIED  witness pose 79 at 15.7 m, s=-1.0000  [25 domains, 51s]
Early stop at 15th iter due to 10 iterations no improvement!
   +10.128 to   +7.715  bound   -0.310   -0.13x threshold  FALSIFIED  witness pose 79 at 15.7 m, s=-1.0000  [25 domains, 58s]
Early stop at 15th iter due to 10 iterations no improvement!
    +7.715 to   +5.298  bound    0.393    0.16x threshold  FALSIFIED  witness pose 102 at 2.8 m, s=-1.0000  [29 domains, 63s]
    +5.298 to   +4.198  bound    1.747    0.71x threshold  FALSIFIED  witness pose 102 at 2.8 m, s=-1.0000  [25 domains, 46s]
Early stop at 17th iter due to 10 iterations no improvement!
    +4.198 to   +3.525  bound    1.867    0.75x threshold  FALSIFIED  witness pose 101 at 3.4 m, s=-1.0000  [27 domains, 43s]
Early stop at 17th iter due to 10 iterations no improvement!
    +3.525 to   +1.891  bound   -0.002   -0.00x threshold  FALSIFIED  witness pose 79 at 15.7 m, s=+1.0000  [81 domains, 149s]
Early stop at 16th iter due to 10 iterations no improvement!
    +1.891 to   +1.391  bound    0.707    0.29x threshold  FALSIFIED  witness pose 79 at 15.7 m, s=-1.0000  [53 domains, 103s]
    +1.391 to   +0.779  bound    0.262    0.11x threshold  FALSIFIED  witness pose 79 at 15.7 m, s=-1.0000  [57 domains, 117s]
    +0.779 to   +0.026  bound    0.003    0.00x threshold  FALSIFIED  witness pose 79 at 15.7 m, s=-1.0000  [29 domains, 66s]
    +0.026 to   +0.000  bound   -2.696   -1.09x threshold  FALSIFIED  witness pose 89 at 10.1 m, s=-1.0000  [41 domains, 85s]
    +0.000 to   -0.961  bound    0.843    0.34x threshold  FALSIFIED  witness pose 85 at 12.3 m, s=-1.0000  [25 domains, 37s]
    -0.961 to  -29.554  bound    1.589    0.64x threshold  FALSIFIED  witness pose 85 at 12.3 m, s=-1.0000  [33 domains, 41s]
Early stop at 14th iter due to 10 iterations no improvement!
Early stop at 19th iter due to 10 iterations no improvement!
Early stop at 15th iter due to 10 iterations no improvement!
Early stop at 14th iter due to 10 iterations no improvement!
Early stop at 13th iter due to 10 iterations no improvement!
Early stop at 14th iter due to 10 iterations no improvement!
Early stop at 14th iter due to 10 iterations no improvement!
Early stop at 15th iter due to 10 iterations no improvement!
Early stop at 15th iter due to 10 iterations no improvement!
Early stop at 13th iter due to 10 iterations no improvement!
Early stop at 14th iter due to 10 iterations no improvement!
Early stop at 13th iter due to 10 iterations no improvement!
Early stop at 12th iter due to 10 iterations no improvement!
Early stop at 15th iter due to 10 iterations no improvement!
Early stop at 17th iter due to 10 iterations no improvement!
Early stop at 16th iter due to 10 iterations no improvement!
Early stop at 10th iter due to 10 iterations no improvement!
Early stop at 16th iter due to 10 iterations no improvement!
Early stop at 13th iter due to 10 iterations no improvement!
Early stop at 12th iter due to 10 iterations no improvement!
Early stop at 16th iter due to 10 iterations no improvement!
Early stop at 13th iter due to 10 iterations no improvement!
Early stop at 14th iter due to 10 iterations no improvement!
Early stop at 10th iter due to 10 iterations no improvement!
Early stop at 13th iter due to 10 iterations no improvement!
Early stop at 13th iter due to 10 iterations no improvement!
Early stop at 14th iter due to 10 iterations no improvement!
Early stop at 14th iter due to 10 iterations no improvement!
Early stop at 14th iter due to 10 iterations no improvement!
Early stop at 13th iter due to 10 iterations no improvement!
Early stop at 12th iter due to 10 iterations no improvement!
Early stop at 19th iter due to 10 iterations no improvement!
Early stop at 19th iter due to 10 iterations no improvement!
Early stop at 17th iter due to 10 iterations no improvement!
Early stop at 13th iter due to 10 iterations no improvement!
Early stop at 13th iter due to 10 iterations no improvement!
Early stop at 17th iter due to 10 iterations no improvement!
Early stop at 10th iter due to 10 iterations no improvement!
Early stop at 14th iter due to 10 iterations no improvement!
Early stop at 14th iter due to 10 iterations no improvement!
Early stop at 14th iter due to 10 iterations no improvement!
Early stop at 12th iter due to 10 iterations no improvement!
Early stop at 14th iter due to 10 iterations no improvement!
Early stop at 14th iter due to 10 iterations no improvement!
Early stop at 13th iter due to 10 iterations no improvement!
Early stop at 14th iter due to 10 iterations no improvement!
Early stop at 18th iter due to 10 iterations no improvement!
   -29.554 to  -30.000  bound    4.778    1.93x threshold  CERTIFIED  [25 domains, 15s]
/home/za/ad-assurance--workspace/formal-verification--aeb--code/tools/verify.py:189: ResourceWarning: unclosed file <_io.BufferedReader name='/home/za/ad-assurance--workspace/formal-verification--aeb--code/results/models/P_pts_ped.pt'>
  p["model_sha256"] = hashlib.sha256(open(model_path, "rb").read()).hexdigest()
ResourceWarning: Enable tracemalloc to get the object allocation traceback

  3/17 sub-intervals certified, 14 falsified with an exhibited witness, 0 undecided
  wrote results/carla/verify_P_pts_ped.json
