/home/za/ad-assurance--workspace/formal-verification--aeb--code/.venv/lib/python3.12/site-packages/torch/jit/_script.py:1488: DeprecationWarning: `torch.jit.script` is deprecated. Please switch to `torch.compile` or `torch.export`.
  warnings.warn(

P_cont / ped: property S over 25 of 104 poses, 2.27 to 15.68 m (range <= r_req), 13 sub-intervals, threshold 2.476 m/s^2
Early stop at 17th iter due to 10 iterations no improvement!
   +60.000 to  +39.977  bound    4.380    1.77x threshold  CERTIFIED  [25 domains, 39s]
   +39.977 to  +26.523  bound    4.162    1.68x threshold  CERTIFIED  [25 domains, 42s]
   +26.523 to  +17.484  bound    4.252    1.72x threshold  CERTIFIED  [25 domains, 44s]
   +17.484 to  +10.084  bound    3.967    1.60x threshold  CERTIFIED  [25 domains, 44s]
   +10.084 to   +5.990  bound    2.760    1.11x threshold  CERTIFIED  [27 domains, 47s]
    +5.990 to   +4.375  bound    4.385    1.77x threshold  CERTIFIED  [25 domains, 37s]
    +4.375 to   +2.967  bound    4.130    1.67x threshold  CERTIFIED  [25 domains, 34s]
    +2.967 to   +1.465  bound    2.678    1.08x threshold  CERTIFIED  [75 domains, 112s]
    +1.465 to   +0.241  bound    2.492    1.01x threshold  CERTIFIED  [77 domains, 122s]
    +0.241 to   +0.000  bound    2.543    1.03x threshold  CERTIFIED  [85 domains, 138s]
    +0.000 to   -1.422  bound    3.859    1.56x threshold  CERTIFIED  [25 domains, 22s]
    -1.422 to  -29.561  bound    2.576    1.04x threshold  CERTIFIED  [43 domains, 33s]
Early stop at 14th iter due to 10 iterations no improvement!
Early stop at 14th iter due to 10 iterations no improvement!
Early stop at 15th iter due to 10 iterations no improvement!
Early stop at 14th iter due to 10 iterations no improvement!
Early stop at 14th iter due to 10 iterations no improvement!
Early stop at 19th iter due to 10 iterations no improvement!
Early stop at 14th iter due to 10 iterations no improvement!
Early stop at 16th iter due to 10 iterations no improvement!
Early stop at 13th iter due to 10 iterations no improvement!
Early stop at 19th iter due to 10 iterations no improvement!
Early stop at 13th iter due to 10 iterations no improvement!
Early stop at 18th iter due to 10 iterations no improvement!
Early stop at 14th iter due to 10 iterations no improvement!
Early stop at 18th iter due to 10 iterations no improvement!
Early stop at 14th iter due to 10 iterations no improvement!
Early stop at 17th iter due to 10 iterations no improvement!
Early stop at 14th iter due to 10 iterations no improvement!
Early stop at 16th iter due to 10 iterations no improvement!
Early stop at 14th iter due to 10 iterations no improvement!
Early stop at 17th iter due to 10 iterations no improvement!
Early stop at 19th iter due to 10 iterations no improvement!
Early stop at 14th iter due to 10 iterations no improvement!
Early stop at 16th iter due to 10 iterations no improvement!
Early stop at 13th iter due to 10 iterations no improvement!
Early stop at 14th iter due to 10 iterations no improvement!
Early stop at 14th iter due to 10 iterations no improvement!
Early stop at 14th iter due to 10 iterations no improvement!
Early stop at 15th iter due to 10 iterations no improvement!
Early stop at 14th iter due to 10 iterations no improvement!
Early stop at 16th iter due to 10 iterations no improvement!
Early stop at 14th iter due to 10 iterations no improvement!
Early stop at 14th iter due to 10 iterations no improvement!
Early stop at 14th iter due to 10 iterations no improvement!
Early stop at 14th iter due to 10 iterations no improvement!
Early stop at 14th iter due to 10 iterations no improvement!
Early stop at 15th iter due to 10 iterations no improvement!
Early stop at 14th iter due to 10 iterations no improvement!
Early stop at 13th iter due to 10 iterations no improvement!
   -29.561 to  -30.000  bound    4.490    1.81x threshold  CERTIFIED  [25 domains, 11s]
/home/za/ad-assurance--workspace/formal-verification--aeb--code/tools/verify.py:189: ResourceWarning: unclosed file <_io.BufferedReader name='/home/za/ad-assurance--workspace/formal-verification--aeb--code/results/models/Town01/P_cont_ped.pt'>
  p["model_sha256"] = hashlib.sha256(open(model_path, "rb").read()).hexdigest()
ResourceWarning: Enable tracemalloc to get the object allocation traceback

  13/13 sub-intervals certified, 0 falsified with an exhibited witness, 0 undecided
  by SPAN over the covered axis (89.759 deg): 89.759 deg certified (100.0%), 0.000 falsified, 0.000 undecided  [F27]
  wrote results/carla/Town01/verify_P_cont_ped.json
