/home/za/ad-assurance--workspace/formal-verification--aeb--code/.venv/lib/python3.12/site-packages/torch/jit/_script.py:1488: DeprecationWarning: `torch.jit.script` is deprecated. Please switch to `torch.compile` or `torch.export`.
  warnings.warn(

P_pts / lead: property S over 25 of 104 poses, 2.40 to 15.82 m (range <= r_req), 13 sub-intervals, threshold 2.476 m/s^2
Early stop at 16th iter due to 10 iterations no improvement!
Early stop at 16th iter due to 10 iterations no improvement!
Early stop at 16th iter due to 10 iterations no improvement!
Early stop at 18th iter due to 10 iterations no improvement!
Early stop at 16th iter due to 10 iterations no improvement!
Early stop at 15th iter due to 10 iterations no improvement!
Early stop at 17th iter due to 10 iterations no improvement!
Early stop at 18th iter due to 10 iterations no improvement!
   +60.000 to  +39.977  bound    3.878    1.57x threshold  CERTIFIED  [25 domains, 32s]
Early stop at 19th iter due to 10 iterations no improvement!
Early stop at 17th iter due to 10 iterations no improvement!
Early stop at 17th iter due to 10 iterations no improvement!
Early stop at 16th iter due to 10 iterations no improvement!
Early stop at 13th iter due to 10 iterations no improvement!
Early stop at 15th iter due to 10 iterations no improvement!
Early stop at 19th iter due to 10 iterations no improvement!
Early stop at 12th iter due to 10 iterations no improvement!
   +39.977 to  +26.523  bound    2.843    1.15x threshold  CERTIFIED  [25 domains, 31s]
Early stop at 19th iter due to 10 iterations no improvement!
Early stop at 17th iter due to 10 iterations no improvement!
Early stop at 18th iter due to 10 iterations no improvement!
Early stop at 14th iter due to 10 iterations no improvement!
Early stop at 18th iter due to 10 iterations no improvement!
   +26.523 to  +17.484  bound    2.825    1.14x threshold  CERTIFIED  [25 domains, 33s]
Early stop at 15th iter due to 10 iterations no improvement!
   +17.484 to  +10.084  bound    1.554    0.63x threshold  FALSIFIED  witness pose 102 at 3.0 m, s=+0.0000  [25 domains, 43s]
   +10.084 to   +5.990  bound    1.526    0.62x threshold  FALSIFIED  witness pose 102 at 3.0 m, s=-1.0000  [25 domains, 39s]
    +5.990 to   +4.375  bound    1.933    0.78x threshold  FALSIFIED  witness pose 84 at 13.0 m, s=-1.0000  [25 domains, 38s]
    +4.375 to   +2.967  bound    1.617    0.65x threshold  FALSIFIED  witness pose 79 at 15.8 m, s=-1.0000  [25 domains, 45s]
    +2.967 to   +1.465  bound   -0.062   -0.02x threshold  FALSIFIED  witness pose 80 at 15.3 m, s=-1.0000  [29 domains, 51s]
    +1.465 to   +0.241  bound   -0.114   -0.05x threshold  FALSIFIED  witness pose 79 at 15.8 m, s=-1.0000  [27 domains, 49s]
Early stop at 18th iter due to 10 iterations no improvement!
    +0.241 to   +0.000  bound   -0.185   -0.07x threshold  FALSIFIED  witness pose 89 at 10.2 m, s=-1.0000  [57 domains, 97s]
    +0.000 to   -1.422  bound    3.884    1.57x threshold  CERTIFIED  [25 domains, 35s]
    -1.422 to  -29.561  bound    4.227    1.71x threshold  CERTIFIED  [25 domains, 37s]
Early stop at 15th iter due to 10 iterations no improvement!
Early stop at 14th iter due to 10 iterations no improvement!
Early stop at 14th iter due to 10 iterations no improvement!
Early stop at 14th iter due to 10 iterations no improvement!
Early stop at 13th iter due to 10 iterations no improvement!
Early stop at 13th iter due to 10 iterations no improvement!
Early stop at 13th iter due to 10 iterations no improvement!
Early stop at 14th iter due to 10 iterations no improvement!
Early stop at 13th iter due to 10 iterations no improvement!
Early stop at 14th iter due to 10 iterations no improvement!
Early stop at 14th iter due to 10 iterations no improvement!
Early stop at 13th iter due to 10 iterations no improvement!
Early stop at 18th iter due to 10 iterations no improvement!
Early stop at 10th iter due to 10 iterations no improvement!
Early stop at 14th iter due to 10 iterations no improvement!
Early stop at 13th iter due to 10 iterations no improvement!
Early stop at 13th iter due to 10 iterations no improvement!
Early stop at 13th iter due to 10 iterations no improvement!
Early stop at 13th iter due to 10 iterations no improvement!
Early stop at 13th iter due to 10 iterations no improvement!
Early stop at 14th iter due to 10 iterations no improvement!
Early stop at 14th iter due to 10 iterations no improvement!
Early stop at 10th iter due to 10 iterations no improvement!
Early stop at 13th iter due to 10 iterations no improvement!
Early stop at 10th iter due to 10 iterations no improvement!
Early stop at 12th iter due to 10 iterations no improvement!
Early stop at 10th iter due to 10 iterations no improvement!
Early stop at 17th iter due to 10 iterations no improvement!
Early stop at 14th iter due to 10 iterations no improvement!
Early stop at 13th iter due to 10 iterations no improvement!
Early stop at 14th iter due to 10 iterations no improvement!
Early stop at 17th iter due to 10 iterations no improvement!
Early stop at 13th iter due to 10 iterations no improvement!
Early stop at 18th iter due to 10 iterations no improvement!
Early stop at 17th iter due to 10 iterations no improvement!
Early stop at 10th iter due to 10 iterations no improvement!
Early stop at 13th iter due to 10 iterations no improvement!
Early stop at 15th iter due to 10 iterations no improvement!
Early stop at 17th iter due to 10 iterations no improvement!
Early stop at 13th iter due to 10 iterations no improvement!
Early stop at 14th iter due to 10 iterations no improvement!
Early stop at 13th iter due to 10 iterations no improvement!
Early stop at 12th iter due to 10 iterations no improvement!
Early stop at 12th iter due to 10 iterations no improvement!
Early stop at 13th iter due to 10 iterations no improvement!
Early stop at 19th iter due to 10 iterations no improvement!
Early stop at 16th iter due to 10 iterations no improvement!
Early stop at 13th iter due to 10 iterations no improvement!
Early stop at 15th iter due to 10 iterations no improvement!
   -29.561 to  -30.000  bound    4.762    1.92x threshold  CERTIFIED  [25 domains, 19s]
/home/za/ad-assurance--workspace/formal-verification--aeb--code/tools/verify.py:189: ResourceWarning: unclosed file <_io.BufferedReader name='/home/za/ad-assurance--workspace/formal-verification--aeb--code/results/models/Town01/P_pts_lead.pt'>
  p["model_sha256"] = hashlib.sha256(open(model_path, "rb").read()).hexdigest()
ResourceWarning: Enable tracemalloc to get the object allocation traceback

  6/13 sub-intervals certified, 7 falsified with an exhibited witness, 0 undecided
  by SPAN over the covered axis (89.759 deg): 72.516 deg certified (80.8%), 17.243 falsified, 0.000 undecided  [F27]
  wrote results/carla/Town01/verify_P_pts_lead.json
