  loading Town01 (large maps take a while)
  server age 0 min (R-SIM-1 ok)
  [ +60.000,  +42.766] at  +51.383  CERTIFIED  drove 10/10  peak 0.336 (0.137x limit)  agrees
  [ +42.766,  +28.397] at  +35.581  CERTIFIED  drove 10/10  peak 0.744 (0.303x limit)  agrees
  [ +28.397,  +18.743] at  +23.570  CERTIFIED  drove 10/10  peak 1.016 (0.414x limit)  agrees
  [ +18.743,  +12.542] at  +15.642  CERTIFIED  drove 10/10  peak 0.802 (0.327x limit)  agrees
  [ +12.542,  +10.128] at  +11.335  CERTIFIED  drove 10/10  peak 0.038 (0.016x limit)  agrees
  [ +10.128,   +7.715] at   +8.921  CERTIFIED  drove 10/10  peak 0.038 (0.016x limit)  agrees
  [  +7.715,   +5.298] at   +6.506  CERTIFIED  drove 10/10  peak 0.301 (0.123x limit)  agrees
  [  +5.298,   +4.198] at   +4.748  CERTIFIED  drove 10/10  peak 0.333 (0.136x limit)  agrees
  [  +4.198,   +3.525] at   +3.862  CERTIFIED  drove 10/10  peak 0.347 (0.142x limit)  agrees
  [  +3.525,   +1.891] at   +2.708  CERTIFIED  drove 10/10  peak 0.580 (0.236x limit)  agrees
  [  +1.891,   +1.391] at   +1.641  CERTIFIED  drove 10/10  peak 0.408 (0.167x limit)  agrees
  [  +1.391,   +0.779] at   +1.085  CERTIFIED  drove 10/10  peak 0.638 (0.260x limit)  agrees
  [  +0.779,   +0.026] at   +0.403  FALSIFIED  drove 0/10  peak 3.380 (1.378x limit)  agrees
  [  +0.026,   +0.000] at   +0.013  FALSIFIED  drove 0/10  peak 3.051 (1.244x limit)  agrees
  [  +0.000,   -0.961] at   -0.480  CERTIFIED  drove 10/10  peak 0.039 (0.016x limit)  agrees
  [  -0.961,  -29.554] at  -15.257  CERTIFIED  drove 10/10  peak 0.056 (0.023x limit)  agrees
  [ -29.554,  -30.000] at  -29.777  CERTIFIED  drove 10/10  peak 0.056 (0.023x limit)  agrees

  illumination axis OK: 17 midpoints, span 0.4704 of full range

  certificate agrees with driving in 17/17 sub-intervals
  wrote results/carla/witness_P_pts_plate.json
