[2026-09-08 10:01:19] witness scope: plate (plate)
[2026-09-08 10:01:19] restarting CARLA on 3000
[2026-09-08 10:01:34] START witness_P_pts_plate
[2026-09-08 10:07:22] DONE  witness_P_pts_plate rc=0
[2026-09-08 10:07:22] restarting CARLA on 3000
[2026-09-08 10:08:39] START witness_P_cont_plate
[2026-09-08 10:14:53] DONE  witness_P_cont_plate rc=0
[2026-09-08 10:14:53] restarting CARLA on 3000
[2026-09-08 10:16:11] START witness_P_pts3_plate
[2026-09-08 10:22:52] DONE  witness_P_pts3_plate rc=0
[2026-09-08 10:22:52] restarting CARLA on 3000
[2026-09-08 10:24:09] START witness_P_pts_plate_atwitness
[2026-09-08 10:24:42] DONE  witness_P_pts_plate_atwitness rc=0
[2026-09-08 10:24:42] restarting CARLA on 3000
[2026-09-08 10:26:00] START witness_P_cont_plate_atwitness
[2026-09-08 10:26:03] DONE  witness_P_cont_plate_atwitness rc=0
[2026-09-08 10:26:03] restarting CARLA on 3000
[2026-09-08 10:27:20] START witness_P_pts3_plate_atwitness
[2026-09-08 10:27:48] DONE  witness_P_pts3_plate_atwitness rc=0
[2026-09-08 10:27:48] M7 complete. python -m study.ledger --check-order
