  loading Town01 (large maps take a while)
  server age 0 min (R-SIM-1 ok)
  [ +60.000,  +42.766] at  +51.383  CERTIFIED  drove 10/10  peak 0.088 (0.036x limit)  agrees
  [ +42.766,  +28.397] at  +35.581  CERTIFIED  drove 10/10  peak 1.020 (0.416x limit)  agrees
  [ +28.397,  +18.743] at  +23.570  CERTIFIED  drove 10/10  peak 1.078 (0.439x limit)  agrees
  [ +18.743,  +12.542] at  +15.642  CERTIFIED  drove 10/10  peak 1.413 (0.576x limit)  agrees
  [ +12.542,  +10.128] at  +11.335  CERTIFIED  drove 10/10  peak 1.759 (0.717x limit)  agrees
  [ +10.128,   +7.715] at   +8.921  CERTIFIED  drove 10/10  peak 0.738 (0.301x limit)  agrees
  [  +7.715,   +5.298] at   +6.506  CERTIFIED  drove 10/10  peak 1.512 (0.617x limit)  agrees
  [  +5.298,   +4.198] at   +4.748  CERTIFIED  drove 10/10  peak 1.139 (0.464x limit)  agrees
  [  +4.198,   +3.525] at   +3.862  CERTIFIED  drove 10/10  peak 0.686 (0.280x limit)  agrees
  [  +3.525,   +1.891] at   +2.708  CERTIFIED  drove 10/10  peak 1.262 (0.515x limit)  agrees
  [  +1.891,   +1.391] at   +1.641  CERTIFIED  drove 10/10  peak 1.709 (0.697x limit)  agrees
  [  +1.391,   +0.779] at   +1.085  CERTIFIED  drove 10/10  peak 1.722 (0.702x limit)  agrees
  [  +0.779,   +0.026] at   +0.403  CERTIFIED  drove 10/10  peak 1.847 (0.753x limit)  agrees
  [  +0.026,   +0.000] at   +0.013  CERTIFIED  drove 7/10  peak 2.711 (1.105x limit)  DISAGREES
  [  +0.000,   -0.961] at   -0.480  CERTIFIED  drove 10/10  peak 0.069 (0.028x limit)  agrees
  [  -0.961,  -29.554] at  -15.257  CERTIFIED  drove 10/10  peak 0.370 (0.151x limit)  agrees
  [ -29.554,  -30.000] at  -29.777  CERTIFIED  drove 10/10  peak 0.371 (0.151x limit)  agrees

  illumination axis OK: 17 midpoints, span 0.4706 of full range

  certificate agrees with driving in 16/17 sub-intervals
  wrote results/carla/witness_P_cont_plate.json
